[timing] abl.forward state=started rss_mb=686.3
[timing] baseline_ablation.forward state=started rss_mb=686.3
[timing] ablation.baseline.forward state=started rss_mb=686.3
[timing] staged_ablation.forward state=started rss_mb=689.6
[timing] ablation_forward.bind_template state=started rss_mb=689.6
[timing] ablation_forward.bind_template state=completed elapsed_seconds=0.009 rss_mb=691.1
[timing] ablation_forward.rebind_checkpoint state=started rss_mb=691.1
[timing] ablation_forward.rebind_checkpoint state=completed elapsed_seconds=0.131 rss_mb=777.7
ablation forward bound track=text role=baseline
[timing] ablation_forward.write_bound_request state=started rss_mb=777.7
[timing] ablation_forward.write_bound_request state=completed elapsed_seconds=0.272 rss_mb=777.7
[timing] ablation_forward.vectors state=started rss_mb=777.7
[timing] ablation.encode state=started rss_mb=777.7
[timing] ablation.encode.text_vectors state=started rss_mb=777.7
[timing] ablation.encode.text_vectors state=completed elapsed_seconds=33.290 rss_mb=1257.1
[timing] ablation.encode.graph_encoder state=started rss_mb=1257.1
[timing] ablation.encode.graph_encoder state=completed elapsed_seconds=0.000 rss_mb=1257.1
[timing] ablation.encode.candidates state=started rss_mb=1257.1
[timing] ablation.encode.candidates state=completed elapsed_seconds=0.001 rss_mb=1257.1
[timing] ablation.encode.jobs state=started rss_mb=1257.1
[timing] ablation.encode.jobs state=completed elapsed_seconds=0.010 rss_mb=1257.1
[timing] ablation.encode.persist state=started rss_mb=1257.1
[timing] ablation.encode.persist state=completed elapsed_seconds=0.316 rss_mb=1257.1
[timing] ablation.encode state=completed elapsed_seconds=33.649 rss_mb=1257.1
[timing] ablation_forward.vectors state=completed elapsed_seconds=33.649 rss_mb=1257.1
[timing] staged_ablation.forward state=completed elapsed_seconds=34.063 rss_mb=1257.1
[timing] ablation.baseline.forward state=completed elapsed_seconds=34.078 rss_mb=1257.1
[timing] baseline_ablation.forward state=completed elapsed_seconds=34.079 rss_mb=1257.1
[timing] abl.forward state=completed elapsed_seconds=34.081 rss_mb=1257.1
[timing] abl.complete state=started rss_mb=1257.1
[timing] baseline_ablation.complete state=started rss_mb=1257.1
[timing] ablation.baseline.load state=started rss_mb=1257.1
[timing] baseline_ablation._saved_vectors state=started rss_mb=1257.1
[timing] ablation.baseline.saved_vectors state=started rss_mb=1257.1
[timing] ablation.baseline.saved_vectors state=completed elapsed_seconds=0.006 rss_mb=1257.1
[timing] baseline_ablation._saved_vectors state=completed elapsed_seconds=0.007 rss_mb=1257.1
[timing] baseline_ablation._dev_scores state=started rss_mb=1257.1
[timing] ablation.baseline.dev_scores state=started rss_mb=1257.1
[timing] train.load_pairs state=started rss_mb=1257.1
[timing] train.load_pairs state=completed elapsed_seconds=0.010 rss_mb=1257.1
[timing] ablation.baseline.dev_scores state=completed elapsed_seconds=0.012 rss_mb=1257.1
[timing] baseline_ablation._dev_scores state=completed elapsed_seconds=0.012 rss_mb=1257.1
[timing] ablation.baseline.load state=completed elapsed_seconds=0.039 rss_mb=1257.1
[timing] ablation.baseline.calibration state=started rss_mb=1257.1
[timing] baseline_ablation._calibrated_calibration state=started rss_mb=1257.1
[timing] ablation.baseline.calibrate state=started rss_mb=1257.1
[timing] ablation.baseline.calibrate state=completed elapsed_seconds=0.039 rss_mb=1257.1
[timing] baseline_ablation._calibrated_calibration state=completed elapsed_seconds=0.039 rss_mb=1257.1
[timing] baseline_ablation._frozen_calibration state=started rss_mb=1257.1
[timing] ablation.baseline.seal state=started rss_mb=1257.1
[timing] ablation.baseline.seal state=completed elapsed_seconds=0.001 rss_mb=1257.1
[timing] baseline_ablation._frozen_calibration state=completed elapsed_seconds=0.001 rss_mb=1257.1
[timing] baseline_ablation._frozen_report state=started rss_mb=1257.1
[timing] ablation.baseline.frozen_report state=started rss_mb=1257.1
[timing] ablation.report state=started rss_mb=1257.1
[timing] ablation.report.comparison state=started rss_mb=1257.1
[timing] ablation._comparison_rows state=started rss_mb=1257.1
[timing] ablation._comparison_rows state=completed elapsed_seconds=0.264 rss_mb=1257.1
[timing] ablation.report.comparison state=completed elapsed_seconds=0.360 rss_mb=1257.1
[timing] ablation.report state=completed elapsed_seconds=0.452 rss_mb=1257.1
[timing] ablation.baseline.frozen_report state=completed elapsed_seconds=0.452 rss_mb=1257.1
[timing] baseline_ablation._frozen_report state=completed elapsed_seconds=0.452 rss_mb=1257.1
[timing] baseline_ablation._persist_baseline state=started rss_mb=1257.1
[timing] ablation.baseline.persist state=started rss_mb=1257.1
[timing] ablation.baseline.persist state=completed elapsed_seconds=2.424 rss_mb=1257.1
[timing] baseline_ablation._persist_baseline state=completed elapsed_seconds=2.424 rss_mb=1257.1
[timing] ablation.baseline.calibration state=completed elapsed_seconds=2.926 rss_mb=1257.1
[timing] baseline_ablation.complete state=completed elapsed_seconds=2.972 rss_mb=1257.1
[timing] abl.complete state=completed elapsed_seconds=2.972 rss_mb=1257.1
[timing] abl.forward state=started rss_mb=1257.1
[timing] baseline_ablation.forward state=started rss_mb=1257.1
[timing] ablation.baseline.forward state=started rss_mb=1257.1
[timing] staged_ablation.forward state=started rss_mb=1257.1
[timing] ablation_forward.bind_template state=started rss_mb=1257.1
[timing] ablation_forward.bind_template state=completed elapsed_seconds=0.011 rss_mb=1257.1
[timing] ablation_forward.rebind_checkpoint state=started rss_mb=1257.1
[timing] ablation_forward.rebind_checkpoint state=completed elapsed_seconds=0.001 rss_mb=1257.1
ablation forward bound track=text role=baseline
[timing] ablation_forward.write_bound_request state=started rss_mb=1257.1
[timing] ablation_forward.write_bound_request state=completed elapsed_seconds=0.357 rss_mb=1257.1
[timing] ablation_forward.vectors state=started rss_mb=1257.1
[timing] ablation.encode state=started rss_mb=1257.1
[timing] ablation.encode.text_vectors state=started rss_mb=1257.1
[timing] ablation.encode.text_vectors state=completed elapsed_seconds=25.589 rss_mb=1312.0
[timing] ablation.encode.graph_encoder state=started rss_mb=1312.0
[timing] ablation.encode.graph_encoder state=completed elapsed_seconds=0.000 rss_mb=1312.0
[timing] ablation.encode.candidates state=started rss_mb=1312.0
[timing] ablation.encode.candidates state=completed elapsed_seconds=0.001 rss_mb=1312.0
[timing] ablation.encode.jobs state=started rss_mb=1312.0
[timing] ablation.encode.jobs state=completed elapsed_seconds=0.010 rss_mb=1312.0
[timing] ablation.encode.persist state=started rss_mb=1312.0
[timing] ablation.encode.persist state=completed elapsed_seconds=0.311 rss_mb=1312.0
[timing] ablation.encode state=completed elapsed_seconds=25.939 rss_mb=1312.0
[timing] ablation_forward.vectors state=completed elapsed_seconds=25.940 rss_mb=1312.0
[timing] staged_ablation.forward state=completed elapsed_seconds=26.311 rss_mb=1312.0
[timing] ablation.baseline.forward state=completed elapsed_seconds=26.319 rss_mb=1312.0
[timing] baseline_ablation.forward state=completed elapsed_seconds=26.320 rss_mb=1312.0
[timing] abl.forward state=completed elapsed_seconds=26.320 rss_mb=1312.0
[timing] abl.complete state=started rss_mb=1312.0
[timing] baseline_ablation.complete state=started rss_mb=1312.0
[timing] ablation.baseline.load state=started rss_mb=1312.0
[timing] baseline_ablation._saved_vectors state=started rss_mb=1312.0
[timing] ablation.baseline.saved_vectors state=started rss_mb=1312.0
[timing] ablation.baseline.saved_vectors state=completed elapsed_seconds=0.007 rss_mb=1312.0
[timing] baseline_ablation._saved_vectors state=completed elapsed_seconds=0.007 rss_mb=1312.0
[timing] baseline_ablation._dev_scores state=started rss_mb=1312.0
[timing] ablation.baseline.dev_scores state=started rss_mb=1312.0
[timing] train.load_pairs state=started rss_mb=1312.0
[timing] train.load_pairs state=completed elapsed_seconds=0.005 rss_mb=1312.0
[timing] ablation.baseline.dev_scores state=completed elapsed_seconds=0.006 rss_mb=1312.0
[timing] baseline_ablation._dev_scores state=completed elapsed_seconds=0.006 rss_mb=1312.0
[timing] ablation.baseline.load state=completed elapsed_seconds=0.034 rss_mb=1312.0
[timing] ablation.baseline.calibration state=started rss_mb=1312.0
[timing] baseline_ablation._calibrated_calibration state=started rss_mb=1312.0
[timing] ablation.baseline.calibrate state=started rss_mb=1312.0
[timing] ablation.baseline.calibrate state=completed elapsed_seconds=0.002 rss_mb=1312.0
[timing] baseline_ablation._calibrated_calibration state=completed elapsed_seconds=0.003 rss_mb=1312.0
[timing] baseline_ablation._frozen_calibration state=started rss_mb=1312.0
[timing] ablation.baseline.seal state=started rss_mb=1312.0
[timing] ablation.baseline.seal state=completed elapsed_seconds=0.000 rss_mb=1312.0
[timing] baseline_ablation._frozen_calibration state=completed elapsed_seconds=0.001 rss_mb=1312.0
[timing] baseline_ablation._frozen_report state=started rss_mb=1312.0
[timing] ablation.baseline.frozen_report state=started rss_mb=1312.0
[timing] ablation.report state=started rss_mb=1312.0
[timing] ablation.report.comparison state=started rss_mb=1312.0
[timing] ablation._comparison_rows state=started rss_mb=1312.0
[timing] ablation._comparison_rows state=completed elapsed_seconds=0.399 rss_mb=1312.0
[timing] ablation.report.comparison state=completed elapsed_seconds=0.506 rss_mb=1312.0
[timing] ablation.report state=completed elapsed_seconds=0.598 rss_mb=1312.0
[timing] ablation.baseline.frozen_report state=completed elapsed_seconds=0.599 rss_mb=1312.0
[timing] baseline_ablation._frozen_report state=completed elapsed_seconds=0.599 rss_mb=1312.0
[timing] baseline_ablation._persist_baseline state=started rss_mb=1312.0
[timing] ablation.baseline.persist state=started rss_mb=1312.0
[timing] ablation.baseline.persist state=completed elapsed_seconds=3.169 rss_mb=1312.0
[timing] baseline_ablation._persist_baseline state=completed elapsed_seconds=3.170 rss_mb=1312.0
[timing] ablation.baseline.calibration state=completed elapsed_seconds=3.780 rss_mb=1312.0
[timing] baseline_ablation.complete state=completed elapsed_seconds=3.828 rss_mb=1312.0
[timing] abl.complete state=completed elapsed_seconds=3.828 rss_mb=1312.0
[timing] abl.forward state=started rss_mb=1312.0
[timing] baseline_ablation.forward state=started rss_mb=1312.0
[timing] ablation.baseline.forward state=started rss_mb=1312.0
[timing] staged_ablation.forward state=started rss_mb=1312.0
[timing] ablation_forward.bind_template state=started rss_mb=1312.0
[timing] ablation_forward.bind_template state=completed elapsed_seconds=0.008 rss_mb=1312.0
[timing] ablation_forward.rebind_checkpoint state=started rss_mb=1312.0
[timing] ablation_forward.rebind_checkpoint state=completed elapsed_seconds=0.001 rss_mb=1312.0
ablation forward bound track=text role=baseline
[timing] ablation_forward.write_bound_request state=started rss_mb=1312.0
[timing] ablation_forward.write_bound_request state=completed elapsed_seconds=0.299 rss_mb=1312.0
[timing] ablation_forward.vectors state=started rss_mb=1312.0
[timing] ablation.encode state=started rss_mb=1312.0
[timing] ablation.encode.text_vectors state=started rss_mb=1312.0
[timing] ablation.encode.text_vectors state=completed elapsed_seconds=37.837 rss_mb=1312.0
[timing] ablation.encode.graph_encoder state=started rss_mb=1312.0
[timing] ablation.encode.graph_encoder state=completed elapsed_seconds=0.000 rss_mb=1312.0
[timing] ablation.encode.candidates state=started rss_mb=1312.0
[timing] ablation.encode.candidates state=completed elapsed_seconds=0.000 rss_mb=1312.0
[timing] ablation.encode.jobs state=started rss_mb=1312.0
[timing] ablation.encode.jobs state=completed elapsed_seconds=0.011 rss_mb=1312.0
[timing] ablation.encode.persist state=started rss_mb=1312.0
[timing] ablation.encode.persist state=completed elapsed_seconds=0.497 rss_mb=1312.0
[timing] ablation.encode state=completed elapsed_seconds=38.386 rss_mb=1312.0
[timing] ablation_forward.vectors state=completed elapsed_seconds=38.386 rss_mb=1312.0
[timing] staged_ablation.forward state=completed elapsed_seconds=38.700 rss_mb=1312.0
[timing] ablation.baseline.forward state=completed elapsed_seconds=38.708 rss_mb=1312.0
[timing] baseline_ablation.forward state=completed elapsed_seconds=38.709 rss_mb=1312.0
[timing] abl.forward state=completed elapsed_seconds=38.710 rss_mb=1312.0
[timing] abl.complete state=started rss_mb=1312.0
[timing] baseline_ablation.complete state=started rss_mb=1312.0
[timing] ablation.baseline.load state=started rss_mb=1312.0
[timing] baseline_ablation._saved_vectors state=started rss_mb=1312.0
[timing] ablation.baseline.saved_vectors state=started rss_mb=1312.0
[timing] ablation.baseline.saved_vectors state=completed elapsed_seconds=0.015 rss_mb=1312.0
[timing] baseline_ablation._saved_vectors state=completed elapsed_seconds=0.015 rss_mb=1312.0
[timing] baseline_ablation._dev_scores state=started rss_mb=1312.0
[timing] ablation.baseline.dev_scores state=started rss_mb=1312.0
[timing] train.load_pairs state=started rss_mb=1312.0
[timing] train.load_pairs state=completed elapsed_seconds=0.007 rss_mb=1312.0
[timing] ablation.baseline.dev_scores state=completed elapsed_seconds=0.007 rss_mb=1312.0
[timing] baseline_ablation._dev_scores state=completed elapsed_seconds=0.007 rss_mb=1312.0
[timing] ablation.baseline.load state=completed elapsed_seconds=0.063 rss_mb=1312.0
[timing] ablation.baseline.calibration state=started rss_mb=1312.0
[timing] baseline_ablation._calibrated_calibration state=started rss_mb=1312.0
[timing] ablation.baseline.calibrate state=started rss_mb=1312.0
[timing] ablation.baseline.calibrate state=completed elapsed_seconds=0.002 rss_mb=1312.0
[timing] baseline_ablation._calibrated_calibration state=completed elapsed_seconds=0.007 rss_mb=1312.0
[timing] baseline_ablation._frozen_calibration state=started rss_mb=1312.0
[timing] ablation.baseline.seal state=started rss_mb=1312.0
[timing] ablation.baseline.seal state=completed elapsed_seconds=0.000 rss_mb=1312.0
[timing] baseline_ablation._frozen_calibration state=completed elapsed_seconds=0.001 rss_mb=1312.0
[timing] baseline_ablation._frozen_report state=started rss_mb=1312.0
[timing] ablation.baseline.frozen_report state=started rss_mb=1312.0
[timing] ablation.report state=started rss_mb=1312.0
[timing] ablation.report.comparison state=started rss_mb=1312.0
[timing] ablation._comparison_rows state=started rss_mb=1312.0
[timing] ablation._comparison_rows state=completed elapsed_seconds=0.464 rss_mb=1312.0
[timing] ablation.report.comparison state=completed elapsed_seconds=0.587 rss_mb=1312.0
[timing] ablation.report state=completed elapsed_seconds=0.708 rss_mb=1312.0
[timing] ablation.baseline.frozen_report state=completed elapsed_seconds=0.709 rss_mb=1312.0
[timing] baseline_ablation._frozen_report state=completed elapsed_seconds=0.709 rss_mb=1312.0
[timing] baseline_ablation._persist_baseline state=started rss_mb=1312.0
[timing] ablation.baseline.persist state=started rss_mb=1312.0
[timing] ablation.baseline.persist state=completed elapsed_seconds=4.248 rss_mb=1312.0
[timing] baseline_ablation._persist_baseline state=completed elapsed_seconds=4.248 rss_mb=1312.0
[timing] ablation.baseline.calibration state=completed elapsed_seconds=4.979 rss_mb=1312.0
[timing] baseline_ablation.complete state=completed elapsed_seconds=5.051 rss_mb=1312.0
[timing] abl.complete state=completed elapsed_seconds=5.052 rss_mb=1312.0
