[timing] abl.forward state=started rss_mb=613.5
[timing] staged_ablation.forward state=started rss_mb=616.6
[timing] ablation_forward.bind_template state=started rss_mb=616.8
[timing] ablation_forward.bind_template state=completed elapsed_seconds=0.007 rss_mb=618.0
[timing] ablation_forward.rebind_checkpoint state=started rss_mb=618.0
[timing] ablation_forward.rebind_checkpoint state=completed elapsed_seconds=0.094 rss_mb=704.8
ablation forward bound track=text role=baseline
[timing] ablation_forward.write_bound_request state=started rss_mb=704.8
[timing] ablation_forward.write_bound_request state=completed elapsed_seconds=0.244 rss_mb=704.8
[timing] ablation_forward.vectors state=started rss_mb=704.8
[timing] ablation.encode state=started rss_mb=704.8
[timing] ablation.encode.text_vectors state=started rss_mb=704.8
[timing] ablation.encode.text_vectors state=completed elapsed_seconds=33.941 rss_mb=1259.7
[timing] ablation.encode.graph_encoder state=started rss_mb=1259.7
[timing] ablation.encode.graph_encoder state=completed elapsed_seconds=0.000 rss_mb=1259.7
[timing] ablation.encode.candidates state=started rss_mb=1259.7
[timing] ablation.encode.candidates state=completed elapsed_seconds=0.001 rss_mb=1259.7
[timing] ablation.encode.jobs state=started rss_mb=1259.7
[timing] ablation.encode.jobs state=completed elapsed_seconds=0.010 rss_mb=1259.7
[timing] ablation.encode.persist state=started rss_mb=1259.7
[timing] ablation.encode.persist state=completed elapsed_seconds=0.288 rss_mb=1259.7
[timing] ablation.encode state=completed elapsed_seconds=34.271 rss_mb=1259.7
[timing] ablation_forward.vectors state=completed elapsed_seconds=34.271 rss_mb=1259.7
[timing] staged_ablation.forward state=completed elapsed_seconds=34.618 rss_mb=1259.7
[timing] abl.forward state=completed elapsed_seconds=34.629 rss_mb=1259.7
[timing] abl.complete state=started rss_mb=1259.7
[timing] baseline_ablation.complete state=started rss_mb=1259.7
[timing] ablation.baseline.load state=started rss_mb=1259.7
[timing] train.load_pairs state=started rss_mb=1259.7
[timing] train.load_pairs state=completed elapsed_seconds=0.007 rss_mb=1259.7
[timing] ablation.baseline.load state=completed elapsed_seconds=0.070 rss_mb=1259.7
[timing] ablation.baseline.calibration state=started rss_mb=1259.7
[timing] ablation.report state=started rss_mb=1259.7
[timing] ablation.report.comparison state=started rss_mb=1259.7
[timing] ablation._comparison_rows state=started rss_mb=1259.7
[timing] ablation._comparison_rows state=completed elapsed_seconds=0.227 rss_mb=1259.7
[timing] ablation.report.comparison state=completed elapsed_seconds=0.294 rss_mb=1259.7
[timing] ablation.report state=completed elapsed_seconds=0.373 rss_mb=1259.7
[timing] ablation.baseline.calibration state=completed elapsed_seconds=2.872 rss_mb=1259.7
[timing] baseline_ablation.complete state=completed elapsed_seconds=2.951 rss_mb=1259.7
[timing] abl.complete state=completed elapsed_seconds=2.951 rss_mb=1259.7
[timing] abl.forward state=started rss_mb=1259.7
[timing] staged_ablation.forward state=started rss_mb=1259.7
[timing] ablation_forward.bind_template state=started rss_mb=1259.7
[timing] ablation_forward.bind_template state=completed elapsed_seconds=0.007 rss_mb=1259.7
[timing] ablation_forward.rebind_checkpoint state=started rss_mb=1259.7
[timing] ablation_forward.rebind_checkpoint state=completed elapsed_seconds=0.001 rss_mb=1259.7
ablation forward bound track=text role=baseline
[timing] ablation_forward.write_bound_request state=started rss_mb=1259.7
[timing] ablation_forward.write_bound_request state=completed elapsed_seconds=0.286 rss_mb=1259.7
[timing] ablation_forward.vectors state=started rss_mb=1259.7
[timing] ablation.encode state=started rss_mb=1259.7
[timing] ablation.encode.text_vectors state=started rss_mb=1259.7
[timing] ablation.encode.text_vectors state=completed elapsed_seconds=28.198 rss_mb=1316.0
[timing] ablation.encode.graph_encoder state=started rss_mb=1316.0
[timing] ablation.encode.graph_encoder state=completed elapsed_seconds=0.000 rss_mb=1316.0
[timing] ablation.encode.candidates state=started rss_mb=1316.0
[timing] ablation.encode.candidates state=completed elapsed_seconds=0.000 rss_mb=1316.0
[timing] ablation.encode.jobs state=started rss_mb=1316.0
[timing] ablation.encode.jobs state=completed elapsed_seconds=0.008 rss_mb=1316.0
[timing] ablation.encode.persist state=started rss_mb=1316.0
[timing] ablation.encode.persist state=completed elapsed_seconds=0.282 rss_mb=1316.0
[timing] ablation.encode state=completed elapsed_seconds=28.512 rss_mb=1316.0
[timing] ablation_forward.vectors state=completed elapsed_seconds=28.513 rss_mb=1316.0
[timing] staged_ablation.forward state=completed elapsed_seconds=28.810 rss_mb=1316.0
[timing] abl.forward state=completed elapsed_seconds=28.819 rss_mb=1316.0
[timing] abl.complete state=started rss_mb=1316.0
[timing] baseline_ablation.complete state=started rss_mb=1316.0
[timing] ablation.baseline.load state=started rss_mb=1316.0
[timing] train.load_pairs state=started rss_mb=1316.0
[timing] train.load_pairs state=completed elapsed_seconds=0.005 rss_mb=1316.0
[timing] ablation.baseline.load state=completed elapsed_seconds=0.042 rss_mb=1316.0
[timing] ablation.baseline.calibration state=started rss_mb=1316.0
[timing] ablation.report state=started rss_mb=1316.0
[timing] ablation.report.comparison state=started rss_mb=1316.0
[timing] ablation._comparison_rows state=started rss_mb=1316.0
[timing] ablation._comparison_rows state=completed elapsed_seconds=0.229 rss_mb=1316.0
[timing] ablation.report.comparison state=completed elapsed_seconds=0.298 rss_mb=1316.0
[timing] ablation.report state=completed elapsed_seconds=0.374 rss_mb=1316.0
[timing] ablation.baseline.calibration state=completed elapsed_seconds=2.801 rss_mb=1316.0
[timing] baseline_ablation.complete state=completed elapsed_seconds=2.852 rss_mb=1316.0
[timing] abl.complete state=completed elapsed_seconds=2.852 rss_mb=1316.0
[timing] abl.forward state=started rss_mb=1316.0
[timing] staged_ablation.forward state=started rss_mb=1316.0
[timing] ablation_forward.bind_template state=started rss_mb=1316.0
[timing] ablation_forward.bind_template state=completed elapsed_seconds=0.008 rss_mb=1316.0
[timing] ablation_forward.rebind_checkpoint state=started rss_mb=1316.0
[timing] ablation_forward.rebind_checkpoint state=completed elapsed_seconds=0.001 rss_mb=1316.0
ablation forward bound track=text role=baseline
[timing] ablation_forward.write_bound_request state=started rss_mb=1316.0
[timing] ablation_forward.write_bound_request state=completed elapsed_seconds=0.249 rss_mb=1316.0
[timing] ablation_forward.vectors state=started rss_mb=1316.0
[timing] ablation.encode state=started rss_mb=1316.0
[timing] ablation.encode.text_vectors state=started rss_mb=1316.0
[timing] ablation.encode.text_vectors state=completed elapsed_seconds=25.415 rss_mb=1316.0
[timing] ablation.encode.graph_encoder state=started rss_mb=1316.0
[timing] ablation.encode.graph_encoder state=completed elapsed_seconds=0.000 rss_mb=1316.0
[timing] ablation.encode.candidates state=started rss_mb=1316.0
[timing] ablation.encode.candidates state=completed elapsed_seconds=0.001 rss_mb=1316.0
[timing] ablation.encode.jobs state=started rss_mb=1316.0
[timing] ablation.encode.jobs state=completed elapsed_seconds=0.011 rss_mb=1316.0
[timing] ablation.encode.persist state=started rss_mb=1316.0
[timing] ablation.encode.persist state=completed elapsed_seconds=0.352 rss_mb=1316.0
[timing] ablation.encode state=completed elapsed_seconds=25.801 rss_mb=1316.0
[timing] ablation_forward.vectors state=completed elapsed_seconds=25.801 rss_mb=1316.0
[timing] staged_ablation.forward state=completed elapsed_seconds=26.061 rss_mb=1316.0
[timing] abl.forward state=completed elapsed_seconds=26.069 rss_mb=1316.0
[timing] abl.complete state=started rss_mb=1316.0
[timing] baseline_ablation.complete state=started rss_mb=1316.0
[timing] ablation.baseline.load state=started rss_mb=1316.0
[timing] train.load_pairs state=started rss_mb=1316.0
[timing] train.load_pairs state=completed elapsed_seconds=0.006 rss_mb=1316.0
[timing] ablation.baseline.load state=completed elapsed_seconds=0.044 rss_mb=1316.0
[timing] ablation.baseline.calibration state=started rss_mb=1316.0
[timing] ablation.report state=started rss_mb=1316.0
[timing] ablation.report.comparison state=started rss_mb=1316.0
[timing] ablation._comparison_rows state=started rss_mb=1316.0
[timing] ablation._comparison_rows state=completed elapsed_seconds=0.320 rss_mb=1316.0
[timing] ablation.report.comparison state=completed elapsed_seconds=0.426 rss_mb=1316.0
[timing] ablation.report state=completed elapsed_seconds=0.510 rss_mb=1316.0
[timing] ablation.baseline.calibration state=completed elapsed_seconds=3.115 rss_mb=1316.0
[timing] baseline_ablation.complete state=completed elapsed_seconds=3.170 rss_mb=1316.0
[timing] abl.complete state=completed elapsed_seconds=3.171 rss_mb=1316.0
