[timing] abl.forward state=started rss_mb=675.6
[timing] baseline_ablation.forward state=started rss_mb=675.7
[timing] ablation.baseline.forward state=started rss_mb=675.7
[timing] staged_ablation.forward state=started rss_mb=679.0
[timing] ablation_forward.bind_template state=started rss_mb=679.0
[timing] ablation_forward.bind_template state=completed elapsed_seconds=0.006 rss_mb=680.5
[timing] ablation_forward.rebind_checkpoint state=started rss_mb=680.5
[timing] ablation_forward.rebind_checkpoint state=completed elapsed_seconds=0.069 rss_mb=767.3
ablation forward bound track=text role=baseline
[timing] ablation_forward.write_bound_request state=started rss_mb=767.3
[timing] ablation_forward.write_bound_request state=completed elapsed_seconds=0.247 rss_mb=767.3
[timing] ablation_forward.vectors state=started rss_mb=767.3
[timing] ablation.encode state=started rss_mb=767.3
[timing] ablation.encode.text_vectors state=started rss_mb=767.3
[timing] ablation.encode.text_vectors state=completed elapsed_seconds=25.358 rss_mb=1257.0
[timing] ablation.encode.graph_encoder state=started rss_mb=1257.0
[timing] ablation.encode.graph_encoder state=completed elapsed_seconds=0.000 rss_mb=1257.0
[timing] ablation.encode.candidates state=started rss_mb=1257.0
[timing] ablation.encode.candidates state=completed elapsed_seconds=0.000 rss_mb=1257.0
[timing] ablation.encode.jobs state=started rss_mb=1257.0
[timing] ablation.encode.jobs state=completed elapsed_seconds=0.008 rss_mb=1257.0
[timing] ablation.encode.persist state=started rss_mb=1257.0
[timing] ablation.encode.persist state=completed elapsed_seconds=0.275 rss_mb=1257.0
[timing] ablation.encode state=completed elapsed_seconds=25.673 rss_mb=1257.0
[timing] ablation_forward.vectors state=completed elapsed_seconds=25.673 rss_mb=1257.0
[timing] staged_ablation.forward state=completed elapsed_seconds=25.997 rss_mb=1257.0
[timing] ablation.baseline.forward state=completed elapsed_seconds=26.009 rss_mb=1257.0
[timing] baseline_ablation.forward state=completed elapsed_seconds=26.010 rss_mb=1257.0
[timing] abl.forward state=completed elapsed_seconds=26.011 rss_mb=1257.0
[timing] abl.complete state=started rss_mb=1257.0
[timing] baseline_ablation.complete state=started rss_mb=1257.0
[timing] ablation.baseline.load state=started rss_mb=1257.0
[timing] baseline_ablation._saved_vectors state=started rss_mb=1257.0
[timing] ablation.baseline.saved_vectors state=started rss_mb=1257.0
[timing] ablation.baseline.saved_vectors state=completed elapsed_seconds=0.006 rss_mb=1257.0
[timing] baseline_ablation._saved_vectors state=completed elapsed_seconds=0.006 rss_mb=1257.0
[timing] baseline_ablation._dev_scores state=started rss_mb=1257.0
[timing] ablation.baseline.dev_scores state=started rss_mb=1257.0
[timing] train.load_pairs state=started rss_mb=1257.0
[timing] train.load_pairs state=completed elapsed_seconds=0.011 rss_mb=1257.0
[timing] ablation.baseline.dev_scores state=completed elapsed_seconds=0.012 rss_mb=1257.0
[timing] baseline_ablation._dev_scores state=completed elapsed_seconds=0.012 rss_mb=1257.0
[timing] ablation.baseline.load state=completed elapsed_seconds=0.040 rss_mb=1257.0
[timing] ablation.baseline.calibration state=started rss_mb=1257.0
[timing] baseline_ablation._calibrated_calibration state=started rss_mb=1257.0
[timing] ablation.baseline.calibrate state=started rss_mb=1257.0
[timing] ablation.baseline.calibrate state=completed elapsed_seconds=0.036 rss_mb=1257.0
[timing] baseline_ablation._calibrated_calibration state=completed elapsed_seconds=0.036 rss_mb=1257.0
[timing] baseline_ablation._frozen_calibration state=started rss_mb=1257.0
[timing] ablation.baseline.seal state=started rss_mb=1257.0
[timing] ablation.baseline.seal state=completed elapsed_seconds=0.000 rss_mb=1257.0
[timing] baseline_ablation._frozen_calibration state=completed elapsed_seconds=0.001 rss_mb=1257.0
[timing] baseline_ablation._frozen_report state=started rss_mb=1257.0
[timing] ablation.baseline.frozen_report state=started rss_mb=1257.0
[timing] ablation.report state=started rss_mb=1257.0
[timing] ablation.report.comparison state=started rss_mb=1257.0
[timing] ablation._comparison_rows state=started rss_mb=1257.0
[timing] ablation._comparison_rows state=completed elapsed_seconds=0.182 rss_mb=1257.0
[timing] ablation.report.comparison state=completed elapsed_seconds=0.225 rss_mb=1257.0
[timing] ablation.report state=completed elapsed_seconds=0.295 rss_mb=1257.0
[timing] ablation.baseline.frozen_report state=completed elapsed_seconds=0.295 rss_mb=1257.0
[timing] baseline_ablation._frozen_report state=completed elapsed_seconds=0.296 rss_mb=1257.0
[timing] baseline_ablation._persist_baseline state=started rss_mb=1257.0
[timing] ablation.baseline.persist state=started rss_mb=1257.0
[timing] ablation.baseline.persist state=completed elapsed_seconds=0.078 rss_mb=1257.0
[timing] baseline_ablation._persist_baseline state=completed elapsed_seconds=0.078 rss_mb=1257.0
[timing] ablation.baseline.calibration state=completed elapsed_seconds=0.419 rss_mb=1257.0
[timing] baseline_ablation.complete state=completed elapsed_seconds=0.466 rss_mb=1257.0
[timing] abl.complete state=completed elapsed_seconds=0.466 rss_mb=1257.0
[timing] abl.forward state=started rss_mb=1257.0
[timing] baseline_ablation.forward state=started rss_mb=1257.0
[timing] ablation.baseline.forward state=started rss_mb=1257.0
[timing] staged_ablation.forward state=started rss_mb=1257.0
[timing] ablation_forward.bind_template state=started rss_mb=1257.0
[timing] ablation_forward.bind_template state=completed elapsed_seconds=0.007 rss_mb=1257.0
[timing] ablation_forward.rebind_checkpoint state=started rss_mb=1257.0
[timing] ablation_forward.rebind_checkpoint state=completed elapsed_seconds=0.001 rss_mb=1257.0
ablation forward bound track=text role=baseline
[timing] ablation_forward.write_bound_request state=started rss_mb=1257.0
[timing] ablation_forward.write_bound_request state=completed elapsed_seconds=0.246 rss_mb=1257.0
[timing] ablation_forward.vectors state=started rss_mb=1257.0
[timing] ablation.encode state=started rss_mb=1257.0
[timing] ablation.encode.text_vectors state=started rss_mb=1257.0
[timing] ablation.encode.text_vectors state=completed elapsed_seconds=19.187 rss_mb=1329.6
[timing] ablation.encode.graph_encoder state=started rss_mb=1329.6
[timing] ablation.encode.graph_encoder state=completed elapsed_seconds=0.000 rss_mb=1329.6
[timing] ablation.encode.candidates state=started rss_mb=1329.6
[timing] ablation.encode.candidates state=completed elapsed_seconds=0.000 rss_mb=1329.6
[timing] ablation.encode.jobs state=started rss_mb=1329.6
[timing] ablation.encode.jobs state=completed elapsed_seconds=0.008 rss_mb=1329.6
[timing] ablation.encode.persist state=started rss_mb=1329.6
[timing] ablation.encode.persist state=completed elapsed_seconds=0.275 rss_mb=1329.6
[timing] ablation.encode state=completed elapsed_seconds=19.491 rss_mb=1329.6
[timing] ablation_forward.vectors state=completed elapsed_seconds=19.491 rss_mb=1329.6
[timing] staged_ablation.forward state=completed elapsed_seconds=19.747 rss_mb=1329.6
[timing] ablation.baseline.forward state=completed elapsed_seconds=19.753 rss_mb=1329.6
[timing] baseline_ablation.forward state=completed elapsed_seconds=19.754 rss_mb=1329.6
[timing] abl.forward state=completed elapsed_seconds=19.755 rss_mb=1329.6
[timing] abl.complete state=started rss_mb=1329.6
[timing] baseline_ablation.complete state=started rss_mb=1329.6
[timing] ablation.baseline.load state=started rss_mb=1329.6
[timing] baseline_ablation._saved_vectors state=started rss_mb=1329.6
[timing] ablation.baseline.saved_vectors state=started rss_mb=1329.6
[timing] ablation.baseline.saved_vectors state=completed elapsed_seconds=0.006 rss_mb=1329.6
[timing] baseline_ablation._saved_vectors state=completed elapsed_seconds=0.006 rss_mb=1329.6
[timing] baseline_ablation._dev_scores state=started rss_mb=1329.6
[timing] ablation.baseline.dev_scores state=started rss_mb=1329.6
[timing] train.load_pairs state=started rss_mb=1329.6
[timing] train.load_pairs state=completed elapsed_seconds=0.005 rss_mb=1329.6
[timing] ablation.baseline.dev_scores state=completed elapsed_seconds=0.005 rss_mb=1329.6
[timing] baseline_ablation._dev_scores state=completed elapsed_seconds=0.006 rss_mb=1329.6
[timing] ablation.baseline.load state=completed elapsed_seconds=0.030 rss_mb=1329.6
[timing] ablation.baseline.calibration state=started rss_mb=1329.6
[timing] baseline_ablation._calibrated_calibration state=started rss_mb=1329.6
[timing] ablation.baseline.calibrate state=started rss_mb=1329.6
[timing] ablation.baseline.calibrate state=completed elapsed_seconds=0.003 rss_mb=1329.6
[timing] baseline_ablation._calibrated_calibration state=completed elapsed_seconds=0.004 rss_mb=1329.6
[timing] baseline_ablation._frozen_calibration state=started rss_mb=1329.6
[timing] ablation.baseline.seal state=started rss_mb=1329.6
[timing] ablation.baseline.seal state=completed elapsed_seconds=0.000 rss_mb=1329.6
[timing] baseline_ablation._frozen_calibration state=completed elapsed_seconds=0.001 rss_mb=1329.6
[timing] baseline_ablation._frozen_report state=started rss_mb=1329.6
[timing] ablation.baseline.frozen_report state=started rss_mb=1329.6
[timing] ablation.report state=started rss_mb=1329.6
[timing] ablation.report.comparison state=started rss_mb=1329.6
[timing] ablation._comparison_rows state=started rss_mb=1329.6
[timing] ablation._comparison_rows state=completed elapsed_seconds=0.195 rss_mb=1329.6
[timing] ablation.report.comparison state=completed elapsed_seconds=0.237 rss_mb=1329.6
[timing] ablation.report state=completed elapsed_seconds=0.310 rss_mb=1329.6
[timing] ablation.baseline.frozen_report state=completed elapsed_seconds=0.310 rss_mb=1329.6
[timing] baseline_ablation._frozen_report state=completed elapsed_seconds=0.310 rss_mb=1329.6
[timing] baseline_ablation._persist_baseline state=started rss_mb=1329.6
[timing] ablation.baseline.persist state=started rss_mb=1329.6
[timing] ablation.baseline.persist state=completed elapsed_seconds=0.082 rss_mb=1329.6
[timing] baseline_ablation._persist_baseline state=completed elapsed_seconds=0.083 rss_mb=1329.6
[timing] ablation.baseline.calibration state=completed elapsed_seconds=0.406 rss_mb=1329.6
[timing] baseline_ablation.complete state=completed elapsed_seconds=0.444 rss_mb=1329.6
[timing] abl.complete state=completed elapsed_seconds=0.444 rss_mb=1329.6
[timing] abl.forward state=started rss_mb=1329.6
[timing] baseline_ablation.forward state=started rss_mb=1329.6
[timing] ablation.baseline.forward state=started rss_mb=1329.6
[timing] staged_ablation.forward state=started rss_mb=1329.6
[timing] ablation_forward.bind_template state=started rss_mb=1329.6
[timing] ablation_forward.bind_template state=completed elapsed_seconds=0.007 rss_mb=1329.6
[timing] ablation_forward.rebind_checkpoint state=started rss_mb=1329.6
[timing] ablation_forward.rebind_checkpoint state=completed elapsed_seconds=0.001 rss_mb=1329.6
ablation forward bound track=text role=baseline
[timing] ablation_forward.write_bound_request state=started rss_mb=1329.6
[timing] ablation_forward.write_bound_request state=completed elapsed_seconds=0.245 rss_mb=1329.6
[timing] ablation_forward.vectors state=started rss_mb=1329.6
[timing] ablation.encode state=started rss_mb=1329.6
[timing] ablation.encode.text_vectors state=started rss_mb=1329.6
[timing] ablation.encode.text_vectors state=completed elapsed_seconds=19.102 rss_mb=1329.6
[timing] ablation.encode.graph_encoder state=started rss_mb=1329.6
[timing] ablation.encode.graph_encoder state=completed elapsed_seconds=0.000 rss_mb=1329.6
[timing] ablation.encode.candidates state=started rss_mb=1329.6
[timing] ablation.encode.candidates state=completed elapsed_seconds=0.000 rss_mb=1329.6
[timing] ablation.encode.jobs state=started rss_mb=1329.6
[timing] ablation.encode.jobs state=completed elapsed_seconds=0.008 rss_mb=1329.6
[timing] ablation.encode.persist state=started rss_mb=1329.6
[timing] ablation.encode.persist state=completed elapsed_seconds=0.275 rss_mb=1329.6
[timing] ablation.encode state=completed elapsed_seconds=19.406 rss_mb=1329.6
[timing] ablation_forward.vectors state=completed elapsed_seconds=19.407 rss_mb=1329.6
[timing] staged_ablation.forward state=completed elapsed_seconds=19.662 rss_mb=1329.6
[timing] ablation.baseline.forward state=completed elapsed_seconds=19.668 rss_mb=1329.6
[timing] baseline_ablation.forward state=completed elapsed_seconds=19.669 rss_mb=1329.6
[timing] abl.forward state=completed elapsed_seconds=19.670 rss_mb=1329.6
[timing] abl.complete state=started rss_mb=1329.6
[timing] baseline_ablation.complete state=started rss_mb=1329.6
[timing] ablation.baseline.load state=started rss_mb=1329.6
[timing] baseline_ablation._saved_vectors state=started rss_mb=1329.6
[timing] ablation.baseline.saved_vectors state=started rss_mb=1329.6
[timing] ablation.baseline.saved_vectors state=completed elapsed_seconds=0.006 rss_mb=1329.6
[timing] baseline_ablation._saved_vectors state=completed elapsed_seconds=0.006 rss_mb=1329.6
[timing] baseline_ablation._dev_scores state=started rss_mb=1329.6
[timing] ablation.baseline.dev_scores state=started rss_mb=1329.6
[timing] train.load_pairs state=started rss_mb=1329.6
[timing] train.load_pairs state=completed elapsed_seconds=0.005 rss_mb=1329.6
[timing] ablation.baseline.dev_scores state=completed elapsed_seconds=0.005 rss_mb=1329.6
[timing] baseline_ablation._dev_scores state=completed elapsed_seconds=0.005 rss_mb=1329.6
[timing] ablation.baseline.load state=completed elapsed_seconds=0.030 rss_mb=1329.6
[timing] ablation.baseline.calibration state=started rss_mb=1329.6
[timing] baseline_ablation._calibrated_calibration state=started rss_mb=1329.6
[timing] ablation.baseline.calibrate state=started rss_mb=1329.6
[timing] ablation.baseline.calibrate state=completed elapsed_seconds=0.003 rss_mb=1329.6
[timing] baseline_ablation._calibrated_calibration state=completed elapsed_seconds=0.003 rss_mb=1329.6
[timing] baseline_ablation._frozen_calibration state=started rss_mb=1329.6
[timing] ablation.baseline.seal state=started rss_mb=1329.6
[timing] ablation.baseline.seal state=completed elapsed_seconds=0.000 rss_mb=1329.6
[timing] baseline_ablation._frozen_calibration state=completed elapsed_seconds=0.001 rss_mb=1329.6
[timing] baseline_ablation._frozen_report state=started rss_mb=1329.6
[timing] ablation.baseline.frozen_report state=started rss_mb=1329.6
[timing] ablation.report state=started rss_mb=1329.6
[timing] ablation.report.comparison state=started rss_mb=1329.6
[timing] ablation._comparison_rows state=started rss_mb=1329.6
[timing] ablation._comparison_rows state=completed elapsed_seconds=0.194 rss_mb=1329.6
[timing] ablation.report.comparison state=completed elapsed_seconds=0.234 rss_mb=1329.6
[timing] ablation.report state=completed elapsed_seconds=0.305 rss_mb=1329.6
[timing] ablation.baseline.frozen_report state=completed elapsed_seconds=0.305 rss_mb=1329.6
[timing] baseline_ablation._frozen_report state=completed elapsed_seconds=0.306 rss_mb=1329.6
[timing] baseline_ablation._persist_baseline state=started rss_mb=1329.6
[timing] ablation.baseline.persist state=started rss_mb=1329.6
[timing] ablation.baseline.persist state=completed elapsed_seconds=0.081 rss_mb=1329.6
[timing] baseline_ablation._persist_baseline state=completed elapsed_seconds=0.081 rss_mb=1329.6
[timing] ablation.baseline.calibration state=completed elapsed_seconds=0.400 rss_mb=1329.6
[timing] baseline_ablation.complete state=completed elapsed_seconds=0.439 rss_mb=1329.6
[timing] abl.complete state=completed elapsed_seconds=0.439 rss_mb=1329.6
