[timing] abl.forward state=started rss_mb=686.2
[timing] baseline_ablation.forward state=started rss_mb=686.2
[timing] ablation.baseline.forward state=started rss_mb=686.2
[timing] staged_ablation.forward state=started rss_mb=689.5
[timing] ablation_forward.bind_template state=started rss_mb=689.5
[timing] ablation_forward.bind_template state=completed elapsed_seconds=0.006 rss_mb=691.0
[timing] ablation_forward.rebind_checkpoint state=started rss_mb=691.0
[timing] ablation_forward.rebind_checkpoint state=completed elapsed_seconds=0.103 rss_mb=777.8
ablation forward bound track=text role=baseline
[timing] ablation_forward.write_bound_request state=started rss_mb=777.8
[timing] ablation_forward.write_bound_request state=completed elapsed_seconds=0.260 rss_mb=777.8
[timing] ablation_forward.vectors state=started rss_mb=777.8
[timing] ablation.encode state=started rss_mb=777.8
[timing] ablation.encode.text_vectors state=started rss_mb=777.8
[timing] ablation.encode.text_vectors state=completed elapsed_seconds=47.594 rss_mb=1256.3
[timing] ablation.encode.graph_encoder state=started rss_mb=1256.3
[timing] ablation.encode.graph_encoder state=completed elapsed_seconds=0.000 rss_mb=1256.3
[timing] ablation.encode.candidates state=started rss_mb=1256.3
[timing] ablation.encode.candidates state=completed elapsed_seconds=0.001 rss_mb=1256.3
[timing] ablation.encode.jobs state=started rss_mb=1256.3
[timing] ablation.encode.jobs state=completed elapsed_seconds=0.009 rss_mb=1256.3
[timing] ablation.encode.persist state=started rss_mb=1256.3
[timing] ablation.encode.persist state=completed elapsed_seconds=0.395 rss_mb=1256.3
[timing] ablation.encode state=completed elapsed_seconds=48.031 rss_mb=1256.3
[timing] ablation_forward.vectors state=completed elapsed_seconds=48.032 rss_mb=1256.3
[timing] staged_ablation.forward state=completed elapsed_seconds=48.406 rss_mb=1256.3
[timing] ablation.baseline.forward state=completed elapsed_seconds=48.414 rss_mb=1256.3
[timing] baseline_ablation.forward state=completed elapsed_seconds=48.415 rss_mb=1256.3
[timing] abl.forward state=completed elapsed_seconds=48.416 rss_mb=1256.3
[timing] abl.complete state=started rss_mb=1256.3
[timing] baseline_ablation.complete state=started rss_mb=1256.3
[timing] ablation.baseline.load state=started rss_mb=1256.3
[timing] baseline_ablation._saved_vectors state=started rss_mb=1256.3
[timing] ablation.baseline.saved_vectors state=started rss_mb=1256.3
[timing] ablation.baseline.saved_vectors state=completed elapsed_seconds=0.014 rss_mb=1256.3
[timing] baseline_ablation._saved_vectors state=completed elapsed_seconds=0.019 rss_mb=1256.3
[timing] baseline_ablation._dev_scores state=started rss_mb=1256.3
[timing] ablation.baseline.dev_scores state=started rss_mb=1256.3
[timing] train.load_pairs state=started rss_mb=1256.3
[timing] train.load_pairs state=completed elapsed_seconds=0.017 rss_mb=1256.3
[timing] ablation.baseline.dev_scores state=completed elapsed_seconds=0.018 rss_mb=1256.3
[timing] baseline_ablation._dev_scores state=completed elapsed_seconds=0.018 rss_mb=1256.3
[timing] ablation.baseline.load state=completed elapsed_seconds=0.084 rss_mb=1256.3
[timing] ablation.baseline.calibration state=started rss_mb=1256.3
[timing] baseline_ablation._calibrated_calibration state=started rss_mb=1256.3
[timing] ablation.baseline.calibrate state=started rss_mb=1256.3
[timing] ablation.baseline.calibrate state=completed elapsed_seconds=0.099 rss_mb=1256.3
[timing] baseline_ablation._calibrated_calibration state=completed elapsed_seconds=0.100 rss_mb=1256.3
[timing] baseline_ablation._frozen_calibration state=started rss_mb=1256.3
[timing] ablation.baseline.seal state=started rss_mb=1256.3
[timing] ablation.baseline.seal state=completed elapsed_seconds=0.001 rss_mb=1256.3
[timing] baseline_ablation._frozen_calibration state=completed elapsed_seconds=0.002 rss_mb=1256.3
[timing] baseline_ablation._frozen_report state=started rss_mb=1256.3
[timing] ablation.baseline.frozen_report state=started rss_mb=1256.3
[timing] ablation.report state=started rss_mb=1256.3
[timing] ablation.report.comparison state=started rss_mb=1256.3
[timing] ablation._comparison_rows state=started rss_mb=1256.3
[timing] ablation._comparison_rows state=completed elapsed_seconds=0.450 rss_mb=1256.3
[timing] ablation.report.comparison state=completed elapsed_seconds=0.573 rss_mb=1256.3
[timing] ablation.report state=completed elapsed_seconds=0.690 rss_mb=1256.3
[timing] ablation.baseline.frozen_report state=completed elapsed_seconds=0.691 rss_mb=1256.3
[timing] baseline_ablation._frozen_report state=completed elapsed_seconds=0.691 rss_mb=1256.3
[timing] baseline_ablation._persist_baseline state=started rss_mb=1256.3
[timing] ablation.baseline.persist state=started rss_mb=1256.3
[timing] ablation.baseline.persist state=completed elapsed_seconds=3.536 rss_mb=1256.3
[timing] baseline_ablation._persist_baseline state=completed elapsed_seconds=3.536 rss_mb=1256.3
[timing] ablation.baseline.calibration state=completed elapsed_seconds=4.347 rss_mb=1256.3
[timing] baseline_ablation.complete state=completed elapsed_seconds=4.440 rss_mb=1256.3
[timing] abl.complete state=completed elapsed_seconds=4.441 rss_mb=1256.3
[timing] abl.forward state=started rss_mb=1256.3
[timing] baseline_ablation.forward state=started rss_mb=1256.3
[timing] ablation.baseline.forward state=started rss_mb=1256.3
[timing] staged_ablation.forward state=started rss_mb=1256.3
[timing] ablation_forward.bind_template state=started rss_mb=1256.3
[timing] ablation_forward.bind_template state=completed elapsed_seconds=0.015 rss_mb=1256.3
[timing] ablation_forward.rebind_checkpoint state=started rss_mb=1256.3
[timing] ablation_forward.rebind_checkpoint state=completed elapsed_seconds=0.001 rss_mb=1256.3
ablation forward bound track=text role=baseline
[timing] ablation_forward.write_bound_request state=started rss_mb=1256.3
[timing] ablation_forward.write_bound_request state=completed elapsed_seconds=0.424 rss_mb=1256.3
[timing] ablation_forward.vectors state=started rss_mb=1256.3
[timing] ablation.encode state=started rss_mb=1256.3
[timing] ablation.encode.text_vectors state=started rss_mb=1256.3
[timing] ablation.encode.text_vectors state=completed elapsed_seconds=37.422 rss_mb=1307.4
[timing] ablation.encode.graph_encoder state=started rss_mb=1307.4
[timing] ablation.encode.graph_encoder state=completed elapsed_seconds=0.001 rss_mb=1307.4
[timing] ablation.encode.candidates state=started rss_mb=1307.4
[timing] ablation.encode.candidates state=completed elapsed_seconds=0.001 rss_mb=1307.4
[timing] ablation.encode.jobs state=started rss_mb=1307.4
[timing] ablation.encode.jobs state=completed elapsed_seconds=0.031 rss_mb=1307.4
[timing] ablation.encode.persist state=started rss_mb=1307.4
[timing] ablation.encode.persist state=completed elapsed_seconds=0.553 rss_mb=1307.4
[timing] ablation.encode state=completed elapsed_seconds=38.065 rss_mb=1307.4
[timing] ablation_forward.vectors state=completed elapsed_seconds=38.065 rss_mb=1307.4
[timing] staged_ablation.forward state=completed elapsed_seconds=38.514 rss_mb=1307.4
[timing] ablation.baseline.forward state=completed elapsed_seconds=38.538 rss_mb=1307.4
[timing] baseline_ablation.forward state=completed elapsed_seconds=38.539 rss_mb=1307.4
[timing] abl.forward state=completed elapsed_seconds=38.542 rss_mb=1307.4
[timing] abl.complete state=started rss_mb=1307.4
[timing] baseline_ablation.complete state=started rss_mb=1307.4
[timing] ablation.baseline.load state=started rss_mb=1307.4
[timing] baseline_ablation._saved_vectors state=started rss_mb=1307.4
[timing] ablation.baseline.saved_vectors state=started rss_mb=1307.4
[timing] ablation.baseline.saved_vectors state=completed elapsed_seconds=0.007 rss_mb=1307.4
[timing] baseline_ablation._saved_vectors state=completed elapsed_seconds=0.007 rss_mb=1307.4
[timing] baseline_ablation._dev_scores state=started rss_mb=1307.4
[timing] ablation.baseline.dev_scores state=started rss_mb=1307.4
[timing] train.load_pairs state=started rss_mb=1307.4
[timing] train.load_pairs state=completed elapsed_seconds=0.006 rss_mb=1307.4
[timing] ablation.baseline.dev_scores state=completed elapsed_seconds=0.006 rss_mb=1307.4
[timing] baseline_ablation._dev_scores state=completed elapsed_seconds=0.007 rss_mb=1307.4
[timing] ablation.baseline.load state=completed elapsed_seconds=0.073 rss_mb=1307.4
[timing] ablation.baseline.calibration state=started rss_mb=1307.4
[timing] baseline_ablation._calibrated_calibration state=started rss_mb=1307.4
[timing] ablation.baseline.calibrate state=started rss_mb=1307.4
[timing] ablation.baseline.calibrate state=completed elapsed_seconds=0.004 rss_mb=1307.4
[timing] baseline_ablation._calibrated_calibration state=completed elapsed_seconds=0.004 rss_mb=1307.4
[timing] baseline_ablation._frozen_calibration state=started rss_mb=1307.4
[timing] ablation.baseline.seal state=started rss_mb=1307.4
[timing] ablation.baseline.seal state=completed elapsed_seconds=0.001 rss_mb=1307.4
[timing] baseline_ablation._frozen_calibration state=completed elapsed_seconds=0.001 rss_mb=1307.4
[timing] baseline_ablation._frozen_report state=started rss_mb=1307.4
[timing] ablation.baseline.frozen_report state=started rss_mb=1307.4
[timing] ablation.report state=started rss_mb=1307.4
[timing] ablation.report.comparison state=started rss_mb=1307.4
[timing] ablation._comparison_rows state=started rss_mb=1307.4
[timing] ablation._comparison_rows state=completed elapsed_seconds=0.526 rss_mb=1307.4
[timing] ablation.report.comparison state=completed elapsed_seconds=0.680 rss_mb=1307.4
[timing] ablation.report state=completed elapsed_seconds=0.811 rss_mb=1307.4
[timing] ablation.baseline.frozen_report state=completed elapsed_seconds=0.811 rss_mb=1307.4
[timing] baseline_ablation._frozen_report state=completed elapsed_seconds=0.812 rss_mb=1307.4
[timing] baseline_ablation._persist_baseline state=started rss_mb=1307.4
[timing] ablation.baseline.persist state=started rss_mb=1307.4
[timing] ablation.baseline.persist state=completed elapsed_seconds=3.808 rss_mb=1307.4
[timing] baseline_ablation._persist_baseline state=completed elapsed_seconds=3.808 rss_mb=1307.4
[timing] ablation.baseline.calibration state=completed elapsed_seconds=4.640 rss_mb=1307.4
[timing] baseline_ablation.complete state=completed elapsed_seconds=4.722 rss_mb=1307.4
[timing] abl.complete state=completed elapsed_seconds=4.722 rss_mb=1307.4
[timing] abl.forward state=started rss_mb=1307.4
[timing] baseline_ablation.forward state=started rss_mb=1307.4
[timing] ablation.baseline.forward state=started rss_mb=1307.4
[timing] staged_ablation.forward state=started rss_mb=1307.4
[timing] ablation_forward.bind_template state=started rss_mb=1307.4
[timing] ablation_forward.bind_template state=completed elapsed_seconds=0.012 rss_mb=1307.4
[timing] ablation_forward.rebind_checkpoint state=started rss_mb=1307.4
[timing] ablation_forward.rebind_checkpoint state=completed elapsed_seconds=0.001 rss_mb=1307.4
ablation forward bound track=text role=baseline
[timing] ablation_forward.write_bound_request state=started rss_mb=1307.4
[timing] ablation_forward.write_bound_request state=completed elapsed_seconds=0.423 rss_mb=1307.4
[timing] ablation_forward.vectors state=started rss_mb=1307.4
[timing] ablation.encode state=started rss_mb=1307.4
[timing] ablation.encode.text_vectors state=started rss_mb=1307.4
[timing] ablation.encode.text_vectors state=completed elapsed_seconds=53.694 rss_mb=1310.1
[timing] ablation.encode.graph_encoder state=started rss_mb=1310.1
[timing] ablation.encode.graph_encoder state=completed elapsed_seconds=0.000 rss_mb=1310.1
[timing] ablation.encode.candidates state=started rss_mb=1310.1
[timing] ablation.encode.candidates state=completed elapsed_seconds=0.001 rss_mb=1310.1
[timing] ablation.encode.jobs state=started rss_mb=1310.1
[timing] ablation.encode.jobs state=completed elapsed_seconds=0.022 rss_mb=1310.1
[timing] ablation.encode.persist state=started rss_mb=1310.1
[timing] ablation.encode.persist state=completed elapsed_seconds=0.583 rss_mb=1310.1
[timing] ablation.encode state=completed elapsed_seconds=54.347 rss_mb=1310.1
[timing] ablation_forward.vectors state=completed elapsed_seconds=54.347 rss_mb=1310.1
[timing] staged_ablation.forward state=completed elapsed_seconds=54.800 rss_mb=1310.1
[timing] ablation.baseline.forward state=completed elapsed_seconds=54.807 rss_mb=1310.1
[timing] baseline_ablation.forward state=completed elapsed_seconds=54.808 rss_mb=1310.1
[timing] abl.forward state=completed elapsed_seconds=54.810 rss_mb=1310.1
[timing] abl.complete state=started rss_mb=1310.1
[timing] baseline_ablation.complete state=started rss_mb=1310.1
[timing] ablation.baseline.load state=started rss_mb=1310.1
[timing] baseline_ablation._saved_vectors state=started rss_mb=1310.1
[timing] ablation.baseline.saved_vectors state=started rss_mb=1310.1
[timing] ablation.baseline.saved_vectors state=completed elapsed_seconds=0.013 rss_mb=1310.1
[timing] baseline_ablation._saved_vectors state=completed elapsed_seconds=0.014 rss_mb=1310.1
[timing] baseline_ablation._dev_scores state=started rss_mb=1310.1
[timing] ablation.baseline.dev_scores state=started rss_mb=1310.1
[timing] train.load_pairs state=started rss_mb=1310.1
[timing] train.load_pairs state=completed elapsed_seconds=0.014 rss_mb=1310.1
[timing] ablation.baseline.dev_scores state=completed elapsed_seconds=0.017 rss_mb=1310.1
[timing] baseline_ablation._dev_scores state=completed elapsed_seconds=0.018 rss_mb=1310.1
[timing] ablation.baseline.load state=completed elapsed_seconds=0.094 rss_mb=1310.1
[timing] ablation.baseline.calibration state=started rss_mb=1310.1
[timing] baseline_ablation._calibrated_calibration state=started rss_mb=1310.1
[timing] ablation.baseline.calibrate state=started rss_mb=1310.1
[timing] ablation.baseline.calibrate state=completed elapsed_seconds=0.010 rss_mb=1310.1
[timing] baseline_ablation._calibrated_calibration state=completed elapsed_seconds=0.010 rss_mb=1310.1
[timing] baseline_ablation._frozen_calibration state=started rss_mb=1310.1
[timing] ablation.baseline.seal state=started rss_mb=1310.1
[timing] ablation.baseline.seal state=completed elapsed_seconds=0.000 rss_mb=1310.1
[timing] baseline_ablation._frozen_calibration state=completed elapsed_seconds=0.001 rss_mb=1310.1
[timing] baseline_ablation._frozen_report state=started rss_mb=1310.1
[timing] ablation.baseline.frozen_report state=started rss_mb=1310.1
[timing] ablation.report state=started rss_mb=1310.1
[timing] ablation.report.comparison state=started rss_mb=1310.1
[timing] ablation._comparison_rows state=started rss_mb=1310.1
[timing] ablation._comparison_rows state=completed elapsed_seconds=0.697 rss_mb=1310.1
[timing] ablation.report.comparison state=completed elapsed_seconds=0.885 rss_mb=1310.1
[timing] ablation.report state=completed elapsed_seconds=1.085 rss_mb=1310.1
[timing] ablation.baseline.frozen_report state=completed elapsed_seconds=1.085 rss_mb=1310.1
[timing] baseline_ablation._frozen_report state=completed elapsed_seconds=1.085 rss_mb=1310.1
[timing] baseline_ablation._persist_baseline state=started rss_mb=1310.1
[timing] ablation.baseline.persist state=started rss_mb=1310.1
[timing] ablation.baseline.persist state=completed elapsed_seconds=4.907 rss_mb=1310.1
[timing] baseline_ablation._persist_baseline state=completed elapsed_seconds=4.907 rss_mb=1310.1
[timing] ablation.baseline.calibration state=completed elapsed_seconds=6.025 rss_mb=1310.1
[timing] baseline_ablation.complete state=completed elapsed_seconds=6.138 rss_mb=1310.1
[timing] abl.complete state=completed elapsed_seconds=6.144 rss_mb=1310.1
