[timing] abl.forward state=started rss_mb=686.7
[timing] baseline_ablation.forward state=started rss_mb=686.8
[timing] ablation.baseline.forward state=started rss_mb=686.8
[timing] staged_ablation.forward state=started rss_mb=690.1
[timing] ablation_forward.bind_template state=started rss_mb=690.1
[timing] ablation_forward.bind_template state=completed elapsed_seconds=0.007 rss_mb=691.6
[timing] ablation_forward.rebind_checkpoint state=started rss_mb=691.6
[timing] ablation_forward.rebind_checkpoint state=completed elapsed_seconds=0.109 rss_mb=778.2
ablation forward bound track=text role=baseline
[timing] ablation_forward.write_bound_request state=started rss_mb=778.2
[timing] ablation_forward.write_bound_request state=completed elapsed_seconds=0.257 rss_mb=778.2
[timing] ablation_forward.vectors state=started rss_mb=778.2
[timing] ablation.encode state=started rss_mb=778.2
[timing] ablation.encode.text_vectors state=started rss_mb=778.2
[timing] ablation.encode.text_vectors state=completed elapsed_seconds=32.651 rss_mb=1257.2
[timing] ablation.encode.graph_encoder state=started rss_mb=1257.2
[timing] ablation.encode.graph_encoder state=completed elapsed_seconds=0.000 rss_mb=1257.2
[timing] ablation.encode.candidates state=started rss_mb=1257.2
[timing] ablation.encode.candidates state=completed elapsed_seconds=0.001 rss_mb=1257.2
[timing] ablation.encode.jobs state=started rss_mb=1257.2
[timing] ablation.encode.jobs state=completed elapsed_seconds=0.012 rss_mb=1257.2
[timing] ablation.encode.persist state=started rss_mb=1257.2
[timing] ablation.encode.persist state=completed elapsed_seconds=0.314 rss_mb=1257.2
[timing] ablation.encode state=completed elapsed_seconds=33.009 rss_mb=1257.2
[timing] ablation_forward.vectors state=completed elapsed_seconds=33.010 rss_mb=1257.2
[timing] staged_ablation.forward state=completed elapsed_seconds=33.384 rss_mb=1257.2
[timing] ablation.baseline.forward state=completed elapsed_seconds=33.398 rss_mb=1257.2
[timing] baseline_ablation.forward state=completed elapsed_seconds=33.399 rss_mb=1257.2
[timing] abl.forward state=completed elapsed_seconds=33.400 rss_mb=1257.2
[timing] abl.complete state=started rss_mb=1257.2
[timing] baseline_ablation.complete state=started rss_mb=1257.2
[timing] ablation.baseline.load state=started rss_mb=1257.2
[timing] baseline_ablation._saved_vectors state=started rss_mb=1257.2
[timing] ablation.baseline.saved_vectors state=started rss_mb=1257.2
[timing] ablation.baseline.saved_vectors state=completed elapsed_seconds=0.009 rss_mb=1257.2
[timing] baseline_ablation._saved_vectors state=completed elapsed_seconds=0.010 rss_mb=1257.2
[timing] baseline_ablation._dev_scores state=started rss_mb=1257.2
[timing] ablation.baseline.dev_scores state=started rss_mb=1257.2
[timing] train.load_pairs state=started rss_mb=1257.2
[timing] train.load_pairs state=completed elapsed_seconds=0.013 rss_mb=1257.2
[timing] ablation.baseline.dev_scores state=completed elapsed_seconds=0.014 rss_mb=1257.2
[timing] baseline_ablation._dev_scores state=completed elapsed_seconds=0.014 rss_mb=1257.2
[timing] ablation.baseline.load state=completed elapsed_seconds=0.044 rss_mb=1257.2
[timing] ablation.baseline.calibration state=started rss_mb=1257.2
[timing] baseline_ablation._calibrated_calibration state=started rss_mb=1257.2
[timing] ablation.baseline.calibrate state=started rss_mb=1257.2
[timing] ablation.baseline.calibrate state=completed elapsed_seconds=0.038 rss_mb=1257.2
[timing] baseline_ablation._calibrated_calibration state=completed elapsed_seconds=0.038 rss_mb=1257.2
[timing] baseline_ablation._frozen_calibration state=started rss_mb=1257.2
[timing] ablation.baseline.seal state=started rss_mb=1257.2
[timing] ablation.baseline.seal state=completed elapsed_seconds=0.001 rss_mb=1257.2
[timing] baseline_ablation._frozen_calibration state=completed elapsed_seconds=0.001 rss_mb=1257.2
[timing] baseline_ablation._frozen_report state=started rss_mb=1257.2
[timing] ablation.baseline.frozen_report state=started rss_mb=1257.2
[timing] ablation.report state=started rss_mb=1257.2
[timing] ablation.report.comparison state=started rss_mb=1257.2
[timing] ablation._comparison_rows state=started rss_mb=1257.2
[timing] ablation._comparison_rows state=completed elapsed_seconds=0.276 rss_mb=1257.2
[timing] ablation.report.comparison state=completed elapsed_seconds=0.378 rss_mb=1257.2
[timing] ablation.report state=completed elapsed_seconds=0.456 rss_mb=1257.2
[timing] ablation.baseline.frozen_report state=completed elapsed_seconds=0.456 rss_mb=1257.2
[timing] baseline_ablation._frozen_report state=completed elapsed_seconds=0.456 rss_mb=1257.2
[timing] baseline_ablation._persist_baseline state=started rss_mb=1257.2
[timing] ablation.baseline.persist state=started rss_mb=1257.2
[timing] ablation.baseline.persist state=completed elapsed_seconds=2.531 rss_mb=1257.2
[timing] baseline_ablation._persist_baseline state=completed elapsed_seconds=2.531 rss_mb=1257.2
[timing] ablation.baseline.calibration state=completed elapsed_seconds=3.041 rss_mb=1257.2
[timing] baseline_ablation.complete state=completed elapsed_seconds=3.095 rss_mb=1257.2
[timing] abl.complete state=completed elapsed_seconds=3.096 rss_mb=1257.2
[timing] abl.forward state=started rss_mb=1257.2
[timing] baseline_ablation.forward state=started rss_mb=1257.2
[timing] ablation.baseline.forward state=started rss_mb=1257.2
[timing] staged_ablation.forward state=started rss_mb=1257.2
[timing] ablation_forward.bind_template state=started rss_mb=1257.2
[timing] ablation_forward.bind_template state=completed elapsed_seconds=0.008 rss_mb=1257.2
[timing] ablation_forward.rebind_checkpoint state=started rss_mb=1257.2
[timing] ablation_forward.rebind_checkpoint state=completed elapsed_seconds=0.001 rss_mb=1257.2
ablation forward bound track=text role=baseline
[timing] ablation_forward.write_bound_request state=started rss_mb=1257.2
[timing] ablation_forward.write_bound_request state=completed elapsed_seconds=0.297 rss_mb=1257.2
[timing] ablation_forward.vectors state=started rss_mb=1257.2
[timing] ablation.encode state=started rss_mb=1257.2
[timing] ablation.encode.text_vectors state=started rss_mb=1257.2
[timing] ablation.encode.text_vectors state=completed elapsed_seconds=25.260 rss_mb=1311.7
[timing] ablation.encode.graph_encoder state=started rss_mb=1311.7
[timing] ablation.encode.graph_encoder state=completed elapsed_seconds=0.000 rss_mb=1311.7
[timing] ablation.encode.candidates state=started rss_mb=1311.7
[timing] ablation.encode.candidates state=completed elapsed_seconds=0.000 rss_mb=1311.7
[timing] ablation.encode.jobs state=started rss_mb=1311.7
[timing] ablation.encode.jobs state=completed elapsed_seconds=0.009 rss_mb=1311.7
[timing] ablation.encode.persist state=started rss_mb=1311.7
[timing] ablation.encode.persist state=completed elapsed_seconds=0.342 rss_mb=1311.7
[timing] ablation.encode state=completed elapsed_seconds=25.638 rss_mb=1311.7
[timing] ablation_forward.vectors state=completed elapsed_seconds=25.639 rss_mb=1311.7
[timing] staged_ablation.forward state=completed elapsed_seconds=25.951 rss_mb=1311.7
[timing] ablation.baseline.forward state=completed elapsed_seconds=25.957 rss_mb=1311.7
[timing] baseline_ablation.forward state=completed elapsed_seconds=25.958 rss_mb=1311.7
[timing] abl.forward state=completed elapsed_seconds=25.959 rss_mb=1311.7
[timing] abl.complete state=started rss_mb=1311.7
[timing] baseline_ablation.complete state=started rss_mb=1311.7
[timing] ablation.baseline.load state=started rss_mb=1311.7
[timing] baseline_ablation._saved_vectors state=started rss_mb=1311.7
[timing] ablation.baseline.saved_vectors state=started rss_mb=1311.7
[timing] ablation.baseline.saved_vectors state=completed elapsed_seconds=0.007 rss_mb=1311.7
[timing] baseline_ablation._saved_vectors state=completed elapsed_seconds=0.008 rss_mb=1311.7
[timing] baseline_ablation._dev_scores state=started rss_mb=1311.7
[timing] ablation.baseline.dev_scores state=started rss_mb=1311.7
[timing] train.load_pairs state=started rss_mb=1311.7
[timing] train.load_pairs state=completed elapsed_seconds=0.005 rss_mb=1311.7
[timing] ablation.baseline.dev_scores state=completed elapsed_seconds=0.006 rss_mb=1311.7
[timing] baseline_ablation._dev_scores state=completed elapsed_seconds=0.006 rss_mb=1311.7
[timing] ablation.baseline.load state=completed elapsed_seconds=0.034 rss_mb=1311.7
[timing] ablation.baseline.calibration state=started rss_mb=1311.7
[timing] baseline_ablation._calibrated_calibration state=started rss_mb=1311.7
[timing] ablation.baseline.calibrate state=started rss_mb=1311.7
[timing] ablation.baseline.calibrate state=completed elapsed_seconds=0.003 rss_mb=1311.7
[timing] baseline_ablation._calibrated_calibration state=completed elapsed_seconds=0.004 rss_mb=1311.7
[timing] baseline_ablation._frozen_calibration state=started rss_mb=1311.7
[timing] ablation.baseline.seal state=started rss_mb=1311.7
[timing] ablation.baseline.seal state=completed elapsed_seconds=0.000 rss_mb=1311.7
[timing] baseline_ablation._frozen_calibration state=completed elapsed_seconds=0.001 rss_mb=1311.7
[timing] baseline_ablation._frozen_report state=started rss_mb=1311.7
[timing] ablation.baseline.frozen_report state=started rss_mb=1311.7
[timing] ablation.report state=started rss_mb=1311.7
[timing] ablation.report.comparison state=started rss_mb=1311.7
[timing] ablation._comparison_rows state=started rss_mb=1311.7
[timing] ablation._comparison_rows state=completed elapsed_seconds=0.267 rss_mb=1311.7
[timing] ablation.report.comparison state=completed elapsed_seconds=0.346 rss_mb=1311.7
[timing] ablation.report state=completed elapsed_seconds=0.427 rss_mb=1311.7
[timing] ablation.baseline.frozen_report state=completed elapsed_seconds=0.428 rss_mb=1311.7
[timing] baseline_ablation._frozen_report state=completed elapsed_seconds=0.428 rss_mb=1311.7
[timing] baseline_ablation._persist_baseline state=started rss_mb=1311.7
[timing] ablation.baseline.persist state=started rss_mb=1311.7
[timing] ablation.baseline.persist state=completed elapsed_seconds=2.568 rss_mb=1311.7
[timing] baseline_ablation._persist_baseline state=completed elapsed_seconds=2.568 rss_mb=1311.7
[timing] ablation.baseline.calibration state=completed elapsed_seconds=3.009 rss_mb=1311.7
[timing] baseline_ablation.complete state=completed elapsed_seconds=3.052 rss_mb=1311.7
[timing] abl.complete state=completed elapsed_seconds=3.052 rss_mb=1311.7
[timing] abl.forward state=started rss_mb=1311.7
[timing] baseline_ablation.forward state=started rss_mb=1311.7
[timing] ablation.baseline.forward state=started rss_mb=1311.7
[timing] staged_ablation.forward state=started rss_mb=1311.7
[timing] ablation_forward.bind_template state=started rss_mb=1311.7
[timing] ablation_forward.bind_template state=completed elapsed_seconds=0.012 rss_mb=1311.7
[timing] ablation_forward.rebind_checkpoint state=started rss_mb=1311.7
[timing] ablation_forward.rebind_checkpoint state=completed elapsed_seconds=0.002 rss_mb=1311.7
ablation forward bound track=text role=baseline
[timing] ablation_forward.write_bound_request state=started rss_mb=1311.7
[timing] ablation_forward.write_bound_request state=completed elapsed_seconds=0.289 rss_mb=1311.7
[timing] ablation_forward.vectors state=started rss_mb=1311.7
[timing] ablation.encode state=started rss_mb=1311.7
[timing] ablation.encode.text_vectors state=started rss_mb=1311.7
[timing] ablation.encode.text_vectors state=completed elapsed_seconds=28.562 rss_mb=1311.7
[timing] ablation.encode.graph_encoder state=started rss_mb=1311.7
[timing] ablation.encode.graph_encoder state=completed elapsed_seconds=0.000 rss_mb=1311.7
[timing] ablation.encode.candidates state=started rss_mb=1311.7
[timing] ablation.encode.candidates state=completed elapsed_seconds=0.001 rss_mb=1311.7
[timing] ablation.encode.jobs state=started rss_mb=1311.7
[timing] ablation.encode.jobs state=completed elapsed_seconds=0.011 rss_mb=1311.7
[timing] ablation.encode.persist state=started rss_mb=1311.7
[timing] ablation.encode.persist state=completed elapsed_seconds=0.384 rss_mb=1311.7
[timing] ablation.encode state=completed elapsed_seconds=28.980 rss_mb=1311.7
[timing] ablation_forward.vectors state=completed elapsed_seconds=28.981 rss_mb=1311.7
[timing] staged_ablation.forward state=completed elapsed_seconds=29.287 rss_mb=1311.7
[timing] ablation.baseline.forward state=completed elapsed_seconds=29.295 rss_mb=1311.7
[timing] baseline_ablation.forward state=completed elapsed_seconds=29.296 rss_mb=1311.7
[timing] abl.forward state=completed elapsed_seconds=29.297 rss_mb=1311.7
[timing] abl.complete state=started rss_mb=1311.7
[timing] baseline_ablation.complete state=started rss_mb=1311.7
[timing] ablation.baseline.load state=started rss_mb=1311.7
[timing] baseline_ablation._saved_vectors state=started rss_mb=1311.7
[timing] ablation.baseline.saved_vectors state=started rss_mb=1311.7
[timing] ablation.baseline.saved_vectors state=completed elapsed_seconds=0.006 rss_mb=1311.7
[timing] baseline_ablation._saved_vectors state=completed elapsed_seconds=0.007 rss_mb=1311.7
[timing] baseline_ablation._dev_scores state=started rss_mb=1311.7
[timing] ablation.baseline.dev_scores state=started rss_mb=1311.7
[timing] train.load_pairs state=started rss_mb=1311.7
[timing] train.load_pairs state=completed elapsed_seconds=0.005 rss_mb=1311.7
[timing] ablation.baseline.dev_scores state=completed elapsed_seconds=0.006 rss_mb=1311.7
[timing] baseline_ablation._dev_scores state=completed elapsed_seconds=0.006 rss_mb=1311.7
[timing] ablation.baseline.load state=completed elapsed_seconds=0.044 rss_mb=1311.7
[timing] ablation.baseline.calibration state=started rss_mb=1311.7
[timing] baseline_ablation._calibrated_calibration state=started rss_mb=1311.7
[timing] ablation.baseline.calibrate state=started rss_mb=1311.7
[timing] ablation.baseline.calibrate state=completed elapsed_seconds=0.003 rss_mb=1311.7
[timing] baseline_ablation._calibrated_calibration state=completed elapsed_seconds=0.004 rss_mb=1311.7
[timing] baseline_ablation._frozen_calibration state=started rss_mb=1311.7
[timing] ablation.baseline.seal state=started rss_mb=1311.7
[timing] ablation.baseline.seal state=completed elapsed_seconds=0.000 rss_mb=1311.7
[timing] baseline_ablation._frozen_calibration state=completed elapsed_seconds=0.001 rss_mb=1311.7
[timing] baseline_ablation._frozen_report state=started rss_mb=1311.7
[timing] ablation.baseline.frozen_report state=started rss_mb=1311.7
[timing] ablation.report state=started rss_mb=1311.7
[timing] ablation.report.comparison state=started rss_mb=1311.7
[timing] ablation._comparison_rows state=started rss_mb=1311.7
[timing] ablation._comparison_rows state=completed elapsed_seconds=0.293 rss_mb=1311.7
[timing] ablation.report.comparison state=completed elapsed_seconds=0.411 rss_mb=1311.7
[timing] ablation.report state=completed elapsed_seconds=0.487 rss_mb=1311.7
[timing] ablation.baseline.frozen_report state=completed elapsed_seconds=0.487 rss_mb=1311.7
[timing] baseline_ablation._frozen_report state=completed elapsed_seconds=0.487 rss_mb=1311.7
[timing] baseline_ablation._persist_baseline state=started rss_mb=1311.7
[timing] ablation.baseline.persist state=started rss_mb=1311.7
[timing] ablation.baseline.persist state=completed elapsed_seconds=2.895 rss_mb=1311.7
[timing] baseline_ablation._persist_baseline state=completed elapsed_seconds=2.895 rss_mb=1311.7
[timing] ablation.baseline.calibration state=completed elapsed_seconds=3.396 rss_mb=1311.7
[timing] baseline_ablation.complete state=completed elapsed_seconds=3.450 rss_mb=1311.7
[timing] abl.complete state=completed elapsed_seconds=3.451 rss_mb=1311.7
