[wandb] disabled: WANDB_API_KEY absent; local MLflow remains active
[determinism] seed=42 cudnn.deterministic=True (PYTHONHASHSEED note: effective only if set before interpreter start)
device: cpu
identity review: excluded 152 rows from labeling/splits; source listings retained
[dataset] override=/home/opc/ONE/ER/data/dataset_deduped.csv rows=62,939
[payload-stage] building variant=full rows=62,939
[payload-stage] materialized sku_payload=62,939 canonical_payload=13,216
[payload-stage] pairs resolved positives=24,361 hard_negatives=810 unresolved_or_dropped=0
[targeted-attribute-negatives] 1,282 same-brand/name explicit-conflict pairs with gate similarity > 0.50
[cross-brand-negatives] 6,000 label-0 pair rows from 3,000 candidates (1,551,198 generated -> 354,816 survived every filter; target 6,000, reached=True)
[trace] pairs steps written -> /home/opc/ONE/ER/results/logs/training_trace.csv | {'pos': 24361, 'neg_hard': 810, 'neg_targeted_attribute': 1282, 'neg_cross_brand': 6000}
[entity-clusters] 40,090/76,155 payload rows in 13,988 clusters (52.6% covered; max_size=13, giant_ratio=0.0002)
[pairs] clean-sku: 24,361 rows with canonical / 62,939 rows | canonicals: 13,216
[negatives] 405 hard-no gate rows -> 810 (sku, other-canonical) pairs (0 endpoints unresolved)
[negatives] excluded 201 hard-no rows whose two GTINs share the same canonical item
[masking] +19,488 masked-anchor positives (frac=80%, extent=variable 20%-30%) | high-extent(>=0.25): 9,956 copies, mean 0.323 | low-extent(<0.25): 16,815 copies, mean 0.141
[masking] hard negatives use dynamic per-presentation masking (label=0, frac=30%)
[masking] +4,868 swap-values positives (frac=20%, symmetric donor transplant)
[masking] +162 swap counterpart positives (anchor-side transplant replayed onto the source positive)
[masking] +2,426 counterfactual twins (frac=10%, agreed-field flip, label=0)
[masking] +243 masked hard negatives (frac=30%) +162 swap-values hard negatives (frac=20%, label=0)
[split] merged component graph: 56,359 positive pairs (56,162 training + 197 validation) over 14,934 entities; 0 labeled positive endpoints unresolved
[holdout 50%/25%/25%] train≈7,464 / dev 3,735 / test 3,735 barcodes | train_pos 27,831 (component-aware)
identity review: excluded 152 rows from labeling/splits; source listings retained
[second04] exclusion census: {"input_rows":62939,"accepted_rows":24361,"excluded_rows":38578,"missing_product_id":0,"missing_barcode":35119,"missing_country":0,"invalid_gtin":3459}
[volume_verified] volume_verified_volume_disagreement: 737 removed (1,032 -> 295)
[hard-positives] volume-verified cross-country: 295 pairs joining the positive pool
[class-balance] training positives=56,162 negatives=10,923 ratio=0.194 (without replacement; unavailable rows=45,239, discarded_base=0, discarded_aug=0, duplicated rows=0)
[attribute-conflicts] +1,282 targeted static, +0 supplemental dynamic label-0 pairs (baseline gate hard-negatives preserved; total 10,923)
[cross-brand] +6,000 cross-brand static label-0 pairs (enabled=True; 6,000 carry the cross_brand_conflict source in this fold's negative pool)
[country-pad] 52,709/52,709 extended-payload entries resolved to a real country (canonicals by their GTIN's rows; masked copies by barcode)
[prepared-bundle] wrote /home/opc/ONE/ER/data/prepared/full/worker_1_baseline.pkl.gz (62,939 source rows, 115,648 payload rows, 56,162 positives, 10,923 negatives)
