[timing] abl.forward state=started rss_mb=613.4
[timing] staged_ablation.forward state=started rss_mb=616.6
[timing] ablation_forward.bind_template state=started rss_mb=616.6
[timing] ablation_forward.bind_template state=completed elapsed_seconds=0.007 rss_mb=618.0
[timing] ablation_forward.rebind_checkpoint state=started rss_mb=618.0
[timing] ablation_forward.rebind_checkpoint state=completed elapsed_seconds=0.295 rss_mb=704.6
ablation forward bound track=text role=baseline
[timing] ablation_forward.write_bound_request state=started rss_mb=704.6
[timing] ablation_forward.write_bound_request state=completed elapsed_seconds=0.248 rss_mb=704.6
[timing] ablation_forward.vectors state=started rss_mb=704.6
[timing] ablation.encode state=started rss_mb=704.6
[timing] ablation.encode.text_vectors state=started rss_mb=704.6
[timing] ablation.encode.text_vectors state=completed elapsed_seconds=36.662 rss_mb=1259.9
[timing] ablation.encode.graph_encoder state=started rss_mb=1259.9
[timing] ablation.encode.graph_encoder state=completed elapsed_seconds=0.000 rss_mb=1259.9
[timing] ablation.encode.candidates state=started rss_mb=1259.9
[timing] ablation.encode.candidates state=completed elapsed_seconds=0.001 rss_mb=1259.9
[timing] ablation.encode.jobs state=started rss_mb=1259.9
[timing] ablation.encode.jobs state=completed elapsed_seconds=0.021 rss_mb=1259.9
[timing] ablation.encode.persist state=started rss_mb=1259.9
[timing] ablation.encode.persist state=completed elapsed_seconds=0.457 rss_mb=1259.9
[timing] ablation.encode state=completed elapsed_seconds=37.176 rss_mb=1259.9
[timing] ablation_forward.vectors state=completed elapsed_seconds=37.177 rss_mb=1259.9
[timing] staged_ablation.forward state=completed elapsed_seconds=37.729 rss_mb=1259.9
[timing] abl.forward state=completed elapsed_seconds=37.745 rss_mb=1259.9
[timing] abl.complete state=started rss_mb=1259.9
[timing] baseline_ablation.complete state=started rss_mb=1259.9
[timing] ablation.baseline.load state=started rss_mb=1259.9
[timing] train.load_pairs state=started rss_mb=1259.9
[timing] train.load_pairs state=completed elapsed_seconds=0.009 rss_mb=1259.9
[timing] ablation.baseline.load state=completed elapsed_seconds=0.099 rss_mb=1259.9
[timing] ablation.baseline.calibration state=started rss_mb=1259.9
[timing] ablation.report state=started rss_mb=1259.9
[timing] ablation.report.comparison state=started rss_mb=1259.9
[timing] ablation._comparison_rows state=started rss_mb=1259.9
[timing] ablation._comparison_rows state=completed elapsed_seconds=0.325 rss_mb=1259.9
[timing] ablation.report.comparison state=completed elapsed_seconds=0.469 rss_mb=1259.9
[timing] ablation.report state=completed elapsed_seconds=0.578 rss_mb=1259.9
[timing] ablation.baseline.calibration state=completed elapsed_seconds=3.536 rss_mb=1259.9
[timing] baseline_ablation.complete state=completed elapsed_seconds=3.643 rss_mb=1259.9
[timing] abl.complete state=completed elapsed_seconds=3.643 rss_mb=1259.9
[timing] abl.forward state=started rss_mb=1259.9
[timing] staged_ablation.forward state=started rss_mb=1259.9
[timing] ablation_forward.bind_template state=started rss_mb=1259.9
[timing] ablation_forward.bind_template state=completed elapsed_seconds=0.008 rss_mb=1259.9
[timing] ablation_forward.rebind_checkpoint state=started rss_mb=1259.9
[timing] ablation_forward.rebind_checkpoint state=completed elapsed_seconds=0.001 rss_mb=1259.9
ablation forward bound track=text role=baseline
[timing] ablation_forward.write_bound_request state=started rss_mb=1259.9
[timing] ablation_forward.write_bound_request state=completed elapsed_seconds=0.253 rss_mb=1259.9
[timing] ablation_forward.vectors state=started rss_mb=1259.9
[timing] ablation.encode state=started rss_mb=1259.9
[timing] ablation.encode.text_vectors state=started rss_mb=1259.9
[timing] ablation.encode.text_vectors state=completed elapsed_seconds=33.371 rss_mb=1315.0
[timing] ablation.encode.graph_encoder state=started rss_mb=1315.0
[timing] ablation.encode.graph_encoder state=completed elapsed_seconds=0.000 rss_mb=1315.0
[timing] ablation.encode.candidates state=started rss_mb=1315.0
[timing] ablation.encode.candidates state=completed elapsed_seconds=0.001 rss_mb=1315.0
[timing] ablation.encode.jobs state=started rss_mb=1315.0
[timing] ablation.encode.jobs state=completed elapsed_seconds=0.016 rss_mb=1315.0
[timing] ablation.encode.persist state=started rss_mb=1315.0
[timing] ablation.encode.persist state=completed elapsed_seconds=0.702 rss_mb=1315.0
[timing] ablation.encode state=completed elapsed_seconds=34.115 rss_mb=1315.0
[timing] ablation_forward.vectors state=completed elapsed_seconds=34.115 rss_mb=1315.0
[timing] staged_ablation.forward state=completed elapsed_seconds=34.381 rss_mb=1315.0
[timing] abl.forward state=completed elapsed_seconds=34.388 rss_mb=1315.0
[timing] abl.complete state=started rss_mb=1315.0
[timing] baseline_ablation.complete state=started rss_mb=1315.0
[timing] ablation.baseline.load state=started rss_mb=1315.0
[timing] train.load_pairs state=started rss_mb=1315.0
[timing] train.load_pairs state=completed elapsed_seconds=0.025 rss_mb=1315.0
[timing] ablation.baseline.load state=completed elapsed_seconds=0.112 rss_mb=1315.0
[timing] ablation.baseline.calibration state=started rss_mb=1315.0
[timing] ablation.report state=started rss_mb=1315.0
[timing] ablation.report.comparison state=started rss_mb=1315.0
[timing] ablation._comparison_rows state=started rss_mb=1315.0
[timing] ablation._comparison_rows state=completed elapsed_seconds=0.547 rss_mb=1315.0
[timing] ablation.report.comparison state=completed elapsed_seconds=0.759 rss_mb=1315.0
[timing] ablation.report state=completed elapsed_seconds=0.997 rss_mb=1315.0
[timing] ablation.baseline.calibration state=completed elapsed_seconds=4.043 rss_mb=1315.0
[timing] baseline_ablation.complete state=completed elapsed_seconds=4.167 rss_mb=1315.0
[timing] abl.complete state=completed elapsed_seconds=4.167 rss_mb=1315.0
[timing] abl.forward state=started rss_mb=1315.0
[timing] staged_ablation.forward state=started rss_mb=1315.0
[timing] ablation_forward.bind_template state=started rss_mb=1315.0
[timing] ablation_forward.bind_template state=completed elapsed_seconds=0.008 rss_mb=1315.0
[timing] ablation_forward.rebind_checkpoint state=started rss_mb=1315.0
[timing] ablation_forward.rebind_checkpoint state=completed elapsed_seconds=0.001 rss_mb=1315.0
ablation forward bound track=text role=baseline
[timing] ablation_forward.write_bound_request state=started rss_mb=1315.0
[timing] ablation_forward.write_bound_request state=completed elapsed_seconds=0.306 rss_mb=1315.0
[timing] ablation_forward.vectors state=started rss_mb=1315.0
[timing] ablation.encode state=started rss_mb=1315.0
[timing] ablation.encode.text_vectors state=started rss_mb=1315.0
[timing] ablation.encode.text_vectors state=completed elapsed_seconds=38.361 rss_mb=1315.0
[timing] ablation.encode.graph_encoder state=started rss_mb=1315.0
[timing] ablation.encode.graph_encoder state=completed elapsed_seconds=0.000 rss_mb=1315.0
[timing] ablation.encode.candidates state=started rss_mb=1315.0
[timing] ablation.encode.candidates state=completed elapsed_seconds=0.004 rss_mb=1315.0
[timing] ablation.encode.jobs state=started rss_mb=1315.0
[timing] ablation.encode.jobs state=completed elapsed_seconds=0.015 rss_mb=1315.0
[timing] ablation.encode.persist state=started rss_mb=1315.0
[timing] ablation.encode.persist state=completed elapsed_seconds=0.544 rss_mb=1315.0
[timing] ablation.encode state=completed elapsed_seconds=38.948 rss_mb=1315.0
[timing] ablation_forward.vectors state=completed elapsed_seconds=38.958 rss_mb=1315.0
[timing] staged_ablation.forward state=completed elapsed_seconds=39.276 rss_mb=1315.0
[timing] abl.forward state=completed elapsed_seconds=39.283 rss_mb=1315.0
[timing] abl.complete state=started rss_mb=1315.0
[timing] baseline_ablation.complete state=started rss_mb=1315.0
[timing] ablation.baseline.load state=started rss_mb=1315.0
[timing] train.load_pairs state=started rss_mb=1315.0
[timing] train.load_pairs state=completed elapsed_seconds=0.006 rss_mb=1315.0
[timing] ablation.baseline.load state=completed elapsed_seconds=0.042 rss_mb=1315.0
[timing] ablation.baseline.calibration state=started rss_mb=1315.0
[timing] ablation.report state=started rss_mb=1315.0
[timing] ablation.report.comparison state=started rss_mb=1315.0
[timing] ablation._comparison_rows state=started rss_mb=1315.0
[timing] ablation._comparison_rows state=completed elapsed_seconds=0.529 rss_mb=1315.0
[timing] ablation.report.comparison state=completed elapsed_seconds=0.655 rss_mb=1315.0
[timing] ablation.report state=completed elapsed_seconds=0.804 rss_mb=1315.0
[timing] ablation.baseline.calibration state=completed elapsed_seconds=5.023 rss_mb=1315.0
[timing] baseline_ablation.complete state=completed elapsed_seconds=5.087 rss_mb=1315.0
[timing] abl.complete state=completed elapsed_seconds=5.090 rss_mb=1315.0
