[timing] post_training_ablation.complete_saved state=started rss_mb=612.5
[ablation] complete_saved destination=/tmp/fixture

complete_saved:   0%|          | 0/3 [00:00<?, ?track/s]
                                                        

complete_saved:   0%|          | 0/3 [00:00<?, ?track/s]
                                                        

complete_saved:   0%|          | 0/3 [00:00<?, ?track/s]
                                                        

complete_saved:   0%|          | 0/3 [00:00<?, ?track/s]
                                                        

complete_saved:   0%|          | 0/3 [00:00<?, ?track/s]
                                                        

complete_saved:   0%|          | 0/3 [00:00<?, ?track/s]
                                                        

complete_saved:   0%|          | 0/3 [00:00<?, ?track/s]
                                                        

complete_saved:   0%|          | 0/3 [00:00<?, ?track/s]
                                                        

complete_saved:   0%|          | 0/3 [00:00<?, ?track/s]
                                                        

complete_saved:   0%|          | 0/3 [00:00<?, ?track/s]
                                                        

complete_saved:   0%|          | 0/3 [00:00<?, ?track/s]
                                                        

complete_saved:   0%|          | 0/3 [00:00<?, ?track/s]
                                                        

complete_saved:   0%|          | 0/3 [00:00<?, ?track/s]
                                                        

complete_saved:   0%|          | 0/3 [00:00<?, ?track/s]
                                                        

complete_saved:   0%|          | 0/3 [00:00<?, ?track/s]
                                                        

complete_saved:   0%|          | 0/3 [00:00<?, ?track/s]
                                                        

complete_saved:   0%|          | 0/3 [00:00<?, ?track/s]
                                                        

complete_saved:   0%|          | 0/3 [00:00<?, ?track/s]
complete_saved:  33%|███▎      | 1/3 [00:00<00:00,  6.88track/s]
                                                                

complete_saved:  33%|███▎      | 1/3 [00:00<00:00,  6.88track/s]
                                                                

complete_saved:  33%|███▎      | 1/3 [00:00<00:00,  6.88track/s]
                                                                

complete_saved:  33%|███▎      | 1/3 [00:00<00:00,  6.88track/s]
                                                                

complete_saved:  33%|███▎      | 1/3 [00:00<00:00,  6.88track/s]
                                                                

complete_saved:  33%|███▎      | 1/3 [00:00<00:00,  6.88track/s]
                                                                

complete_saved:  33%|███▎      | 1/3 [00:00<00:00,  6.88track/s]
                                                                

complete_saved:  33%|███▎      | 1/3 [00:00<00:00,  6.88track/s]
                                                                

complete_saved:  33%|███▎      | 1/3 [00:00<00:00,  6.88track/s]
                                                                

complete_saved:  33%|███▎      | 1/3 [00:00<00:00,  6.88track/s]
                                                                

complete_saved:  33%|███▎      | 1/3 [00:00<00:00,  6.88track/s]
                                                                

complete_saved:  33%|███▎      | 1/3 [00:00<00:00,  6.88track/s]
                                                                

complete_saved:  33%|███▎      | 1/3 [00:00<00:00,  6.88track/s]
                                                                

complete_saved:  33%|███▎      | 1/3 [00:00<00:00,  6.88track/s]
                                                                

complete_saved:  33%|███▎      | 1/3 [00:00<00:00,  6.88track/s]
                                                                

complete_saved:  33%|███▎      | 1/3 [00:00<00:00,  6.88track/s]
                                                                

complete_saved:  33%|███▎      | 1/3 [00:00<00:00,  6.88track/s]
                                                                

complete_saved:  33%|███▎      | 1/3 [00:00<00:00,  6.88track/s]
                                                                

complete_saved:  33%|███▎      | 1/3 [00:00<00:00,  6.88track/s]
                                                                

complete_saved:  33%|███▎      | 1/3 [00:00<00:00,  6.88track/s]
                                                                

complete_saved:  33%|███▎      | 1/3 [00:00<00:00,  6.88track/s]
                                                                

complete_saved:  33%|███▎      | 1/3 [00:00<00:00,  6.88track/s]
                                                                

complete_saved:  33%|███▎      | 1/3 [00:00<00:00,  6.88track/s]
                                                                

complete_saved:  33%|███▎      | 1/3 [00:00<00:00,  6.88track/s]
                                                                

complete_saved:  33%|███▎      | 1/3 [00:00<00:00,  6.88track/s]
                                                                

complete_saved:  33%|███▎      | 1/3 [00:00<00:00,  6.88track/s]
                                                                

complete_saved:  33%|███▎      | 1/3 [00:00<00:00,  6.88track/s]
                                                                

complete_saved:  33%|███▎      | 1/3 [00:00<00:00,  6.88track/s]
                                                                

complete_saved:  33%|███▎      | 1/3 [00:00<00:00,  6.88track/s]
                                                                

complete_saved:  33%|███▎      | 1/3 [00:00<00:00,  6.88track/s]
                                                                

complete_saved:  33%|███▎      | 1/3 [00:00<00:00,  6.88track/s]
                                                                

complete_saved:  33%|███▎      | 1/3 [00:00<00:00,  6.88track/s]
                                                                

complete_saved:  33%|███▎      | 1/3 [00:00<00:00,  6.88track/s]
                                                                

complete_saved:  33%|███▎      | 1/3 [00:00<00:00,  6.88track/s]
                                                                

complete_saved:  33%|███▎      | 1/3 [00:00<00:00,  6.88track/s]
                                                                
[ablation] complete track=text
[timing] ablation.complete.calibration state=started rss_mb=612.5
[timing] post_training_ablation._calibration_source state=started rss_mb=612.5
[ablation] calibration source track=text manifest=text__completion_manifest.json
[timing] post_training_ablation._calibration_source state=completed elapsed_seconds=0.003 rss_mb=612.7
[timing] post_training_ablation._wrote_binding state=started rss_mb=612.7
[ablation] threshold binding track=text threshold=0.35
[timing] post_training_ablation._wrote_binding state=completed elapsed_seconds=0.094 rss_mb=699.8
[timing] ablation.complete.calibration state=completed elapsed_seconds=0.098 rss_mb=699.8
[timing] ablation.complete.report state=started rss_mb=699.8
[timing] post_training_ablation._trusted_saved_report state=started rss_mb=699.8
[timing] post_training_ablation._trusted_saved_report state=completed elapsed_seconds=0.013 rss_mb=699.8
[timing] post_training_ablation._sealed_track_report state=started rss_mb=699.8
[timing] post_training_ablation._sealed_track_report state=completed elapsed_seconds=0.029 rss_mb=699.8
[timing] ablation.complete.report state=completed elapsed_seconds=0.047 rss_mb=699.8
[timing] ablation.complete.persist state=started rss_mb=699.8
[timing] ablation.complete.persist state=completed elapsed_seconds=0.000 rss_mb=699.8
[ablation] complete track=gnn_only
[timing] ablation.complete.calibration state=started rss_mb=699.8
[timing] post_training_ablation._calibration_source state=started rss_mb=699.8
[ablation] calibration source track=gnn_only manifest=gnn_only__report_manifest.json
[timing] post_training_ablation._calibration_source state=completed elapsed_seconds=0.001 rss_mb=699.8
[timing] post_training_ablation._wrote_binding state=started rss_mb=699.8
[ablation] threshold binding track=gnn_only threshold=0.35
[timing] post_training_ablation._wrote_binding state=completed elapsed_seconds=0.003 rss_mb=699.8
[timing] ablation.complete.calibration state=completed elapsed_seconds=0.004 rss_mb=699.8
[timing] ablation.complete.report state=started rss_mb=699.8
[timing] post_training_ablation._trusted_saved_report state=started rss_mb=699.8
[timing] post_training_ablation._trusted_saved_report state=completed elapsed_seconds=0.008 rss_mb=699.8
[timing] post_training_ablation._sealed_track_report state=started rss_mb=699.8
[timing] post_training_ablation._sealed_track_report state=completed elapsed_seconds=0.028 rss_mb=699.8
[timing] ablation.complete.report state=completed elapsed_seconds=0.042 rss_mb=699.8
[timing] ablation.complete.persist state=started rss_mb=699.8
[timing] ablation.complete.persist state=completed elapsed_seconds=0.000 rss_mb=699.8
[ablation] complete track=hybrid
[timing] ablation.complete.calibration state=started rss_mb=699.8
[timing] post_training_ablation._calibration_source state=started rss_mb=699.8
[ablation] calibration source track=hybrid manifest=hybrid__report_manifest.json
[timing] post_training_ablation._calibration_source state=completed elapsed_seconds=0.001 rss_mb=699.8
[timing] post_training_ablation._wrote_binding state=started rss_mb=699.8
[ablation] threshold binding track=hybrid threshold=0.35
[timing] post_training_ablation._wrote_binding state=completed elapsed_seconds=0.002 rss_mb=699.8
[timing] ablation.complete.calibration state=completed elapsed_seconds=0.004 rss_mb=699.8
[timing] ablation.complete.report state=started rss_mb=699.8
[timing] post_training_ablation._trusted_saved_report state=started rss_mb=699.8
[timing] post_training_ablation._trusted_saved_report state=completed elapsed_seconds=0.008 rss_mb=699.8
[timing] post_training_ablation._sealed_track_report state=started rss_mb=699.8
[timing] post_training_ablation._sealed_track_report state=completed elapsed_seconds=0.029 rss_mb=699.8
[timing] ablation.complete.report state=completed elapsed_seconds=0.043 rss_mb=699.8
[timing] ablation.complete.persist state=started rss_mb=699.8
[timing] ablation.complete.persist state=completed elapsed_seconds=0.000 rss_mb=699.8
[timing] ablation.complete.receipt state=started rss_mb=699.8
[timing] ablation.complete.receipt state=completed elapsed_seconds=0.000 rss_mb=699.8
[timing] post_training_ablation.complete_saved state=completed elapsed_seconds=0.243 rss_mb=699.8
round1 rep1 wall 0.2429
[timing] post_training_ablation.complete_saved state=started rss_mb=699.8
[ablation] complete_saved destination=/tmp/fixture

complete_saved:   0%|          | 0/3 [00:00<?, ?track/s]
                                                        

complete_saved:   0%|          | 0/3 [00:00<?, ?track/s]
                                                        

complete_saved:   0%|          | 0/3 [00:00<?, ?track/s]
                                                        

complete_saved:   0%|          | 0/3 [00:00<?, ?track/s]
                                                        

complete_saved:   0%|          | 0/3 [00:00<?, ?track/s]
                                                        

complete_saved:   0%|          | 0/3 [00:00<?, ?track/s]
                                                        

complete_saved:   0%|          | 0/3 [00:00<?, ?track/s]
                                                        

complete_saved:   0%|          | 0/3 [00:00<?, ?track/s]
                                                        

complete_saved:   0%|          | 0/3 [00:00<?, ?track/s]
                                                        

complete_saved:   0%|          | 0/3 [00:00<?, ?track/s]
                                                        

complete_saved:   0%|          | 0/3 [00:00<?, ?track/s]
                                                        

complete_saved:   0%|          | 0/3 [00:00<?, ?track/s]
                                                        

complete_saved:   0%|          | 0/3 [00:00<?, ?track/s]
                                                        

complete_saved:   0%|          | 0/3 [00:00<?, ?track/s]
                                                        

complete_saved:   0%|          | 0/3 [00:00<?, ?track/s]
                                                        

complete_saved:   0%|          | 0/3 [00:00<?, ?track/s]
                                                        

complete_saved:   0%|          | 0/3 [00:00<?, ?track/s]
                                                        

complete_saved:   0%|          | 0/3 [00:00<?, ?track/s]
                                                        

complete_saved:   0%|          | 0/3 [00:00<?, ?track/s]
                                                        

complete_saved:   0%|          | 0/3 [00:00<?, ?track/s]
                                                        

complete_saved:   0%|          | 0/3 [00:00<?, ?track/s]
                                                        

complete_saved:   0%|          | 0/3 [00:00<?, ?track/s]
                                                        

complete_saved:   0%|          | 0/3 [00:00<?, ?track/s]
                                                        

complete_saved:   0%|          | 0/3 [00:00<?, ?track/s]
                                                        

complete_saved:   0%|          | 0/3 [00:00<?, ?track/s]
                                                        

complete_saved:   0%|          | 0/3 [00:00<?, ?track/s]
                                                        

complete_saved:   0%|          | 0/3 [00:00<?, ?track/s]
                                                        

complete_saved:   0%|          | 0/3 [00:00<?, ?track/s]
                                                        

complete_saved:   0%|          | 0/3 [00:00<?, ?track/s]
                                                        

complete_saved:   0%|          | 0/3 [00:00<?, ?track/s]
                                                        

complete_saved:   0%|          | 0/3 [00:00<?, ?track/s]
                                                        

complete_saved:   0%|          | 0/3 [00:00<?, ?track/s]
                                                        

complete_saved:   0%|          | 0/3 [00:00<?, ?track/s]
                                                        

complete_saved:   0%|          | 0/3 [00:00<?, ?track/s]
                                                        

complete_saved:   0%|          | 0/3 [00:00<?, ?track/s]
                                                        

complete_saved:   0%|          | 0/3 [00:00<?, ?track/s]
                                                        

complete_saved:   0%|          | 0/3 [00:00<?, ?track/s]
                                                        

complete_saved:   0%|          | 0/3 [00:00<?, ?track/s]
                                                        

complete_saved:   0%|          | 0/3 [00:00<?, ?track/s]
                                                        

complete_saved:   0%|          | 0/3 [00:00<?, ?track/s]
                                                        

complete_saved:   0%|          | 0/3 [00:00<?, ?track/s]
                                                        

complete_saved:   0%|          | 0/3 [00:00<?, ?track/s]
                                                        

complete_saved:   0%|          | 0/3 [00:00<?, ?track/s]
                                                        

complete_saved:   0%|          | 0/3 [00:00<?, ?track/s]
                                                        

complete_saved:   0%|          | 0/3 [00:00<?, ?track/s]
                                                        

complete_saved:   0%|          | 0/3 [00:00<?, ?track/s]
                                                        

complete_saved:   0%|          | 0/3 [00:00<?, ?track/s]
                                                        

complete_saved:   0%|          | 0/3 [00:00<?, ?track/s]
                                                        

complete_saved:   0%|          | 0/3 [00:00<?, ?track/s]
                                                        

complete_saved:   0%|          | 0/3 [00:00<?, ?track/s]
                                                        

complete_saved:   0%|          | 0/3 [00:00<?, ?track/s]
                                                        

complete_saved:   0%|          | 0/3 [00:00<?, ?track/s]
complete_saved: 100%|██████████| 3/3 [00:00<00:00, 21.17track/s]
                                                                
[ablation] complete track=text
[timing] ablation.complete.calibration state=started rss_mb=699.8
[timing] post_training_ablation._calibration_source state=started rss_mb=699.8
[ablation] calibration source track=text manifest=text__completion_manifest.json
[timing] post_training_ablation._calibration_source state=completed elapsed_seconds=0.000 rss_mb=699.8
[timing] post_training_ablation._wrote_binding state=started rss_mb=699.8
[ablation] threshold binding track=text threshold=0.35
[timing] post_training_ablation._wrote_binding state=completed elapsed_seconds=0.002 rss_mb=699.8
[timing] ablation.complete.calibration state=completed elapsed_seconds=0.003 rss_mb=699.8
[timing] ablation.complete.report state=started rss_mb=699.8
[timing] post_training_ablation._trusted_saved_report state=started rss_mb=699.8
[timing] post_training_ablation._trusted_saved_report state=completed elapsed_seconds=0.008 rss_mb=699.8
[timing] post_training_ablation._sealed_track_report state=started rss_mb=699.8
[timing] post_training_ablation._sealed_track_report state=completed elapsed_seconds=0.029 rss_mb=699.8
[timing] ablation.complete.report state=completed elapsed_seconds=0.043 rss_mb=699.8
[timing] ablation.complete.persist state=started rss_mb=699.8
[timing] ablation.complete.persist state=completed elapsed_seconds=0.000 rss_mb=699.8
[ablation] complete track=gnn_only
[timing] ablation.complete.calibration state=started rss_mb=699.8
[timing] post_training_ablation._calibration_source state=started rss_mb=699.8
[ablation] calibration source track=gnn_only manifest=gnn_only__report_manifest.json
[timing] post_training_ablation._calibration_source state=completed elapsed_seconds=0.001 rss_mb=699.8
[timing] post_training_ablation._wrote_binding state=started rss_mb=699.8
[ablation] threshold binding track=gnn_only threshold=0.35
[timing] post_training_ablation._wrote_binding state=completed elapsed_seconds=0.002 rss_mb=699.8
[timing] ablation.complete.calibration state=completed elapsed_seconds=0.004 rss_mb=699.8
[timing] ablation.complete.report state=started rss_mb=699.8
[timing] post_training_ablation._trusted_saved_report state=started rss_mb=699.8
[timing] post_training_ablation._trusted_saved_report state=completed elapsed_seconds=0.008 rss_mb=699.8
[timing] post_training_ablation._sealed_track_report state=started rss_mb=699.8
[timing] post_training_ablation._sealed_track_report state=completed elapsed_seconds=0.029 rss_mb=699.8
[timing] ablation.complete.report state=completed elapsed_seconds=0.043 rss_mb=699.8
[timing] ablation.complete.persist state=started rss_mb=699.8
[timing] ablation.complete.persist state=completed elapsed_seconds=0.000 rss_mb=699.8
[ablation] complete track=hybrid
[timing] ablation.complete.calibration state=started rss_mb=699.8
[timing] post_training_ablation._calibration_source state=started rss_mb=699.8
[ablation] calibration source track=hybrid manifest=hybrid__report_manifest.json
[timing] post_training_ablation._calibration_source state=completed elapsed_seconds=0.001 rss_mb=699.8
[timing] post_training_ablation._wrote_binding state=started rss_mb=699.8
[ablation] threshold binding track=hybrid threshold=0.35
[timing] post_training_ablation._wrote_binding state=completed elapsed_seconds=0.002 rss_mb=699.8
[timing] ablation.complete.calibration state=completed elapsed_seconds=0.004 rss_mb=699.8
[timing] ablation.complete.report state=started rss_mb=699.8
[timing] post_training_ablation._trusted_saved_report state=started rss_mb=699.8
[timing] post_training_ablation._trusted_saved_report state=completed elapsed_seconds=0.008 rss_mb=699.8
[timing] post_training_ablation._sealed_track_report state=started rss_mb=699.8
[timing] post_training_ablation._sealed_track_report state=completed elapsed_seconds=0.029 rss_mb=699.8
[timing] ablation.complete.report state=completed elapsed_seconds=0.043 rss_mb=699.8
[timing] ablation.complete.persist state=started rss_mb=699.8
[timing] ablation.complete.persist state=completed elapsed_seconds=0.000 rss_mb=699.8
[timing] ablation.complete.receipt state=started rss_mb=699.8
[timing] ablation.complete.receipt state=completed elapsed_seconds=0.000 rss_mb=699.8
[timing] post_training_ablation.complete_saved state=completed elapsed_seconds=0.143 rss_mb=699.8
round1 rep2 wall 0.1434
[timing] post_training_ablation.complete_saved state=started rss_mb=699.8
[ablation] complete_saved destination=/tmp/fixture

complete_saved:   0%|          | 0/3 [00:00<?, ?track/s]
                                                        

complete_saved:   0%|          | 0/3 [00:00<?, ?track/s]
                                                        

complete_saved:   0%|          | 0/3 [00:00<?, ?track/s]
                                                        

complete_saved:   0%|          | 0/3 [00:00<?, ?track/s]
                                                        

complete_saved:   0%|          | 0/3 [00:00<?, ?track/s]
                                                        

complete_saved:   0%|          | 0/3 [00:00<?, ?track/s]
                                                        

complete_saved:   0%|          | 0/3 [00:00<?, ?track/s]
                                                        

complete_saved:   0%|          | 0/3 [00:00<?, ?track/s]
                                                        

complete_saved:   0%|          | 0/3 [00:00<?, ?track/s]
                                                        

complete_saved:   0%|          | 0/3 [00:00<?, ?track/s]
                                                        

complete_saved:   0%|          | 0/3 [00:00<?, ?track/s]
                                                        

complete_saved:   0%|          | 0/3 [00:00<?, ?track/s]
                                                        

complete_saved:   0%|          | 0/3 [00:00<?, ?track/s]
                                                        

complete_saved:   0%|          | 0/3 [00:00<?, ?track/s]
                                                        

complete_saved:   0%|          | 0/3 [00:00<?, ?track/s]
                                                        

complete_saved:   0%|          | 0/3 [00:00<?, ?track/s]
                                                        

complete_saved:   0%|          | 0/3 [00:00<?, ?track/s]
                                                        

complete_saved:   0%|          | 0/3 [00:00<?, ?track/s]
                                                        

complete_saved:   0%|          | 0/3 [00:00<?, ?track/s]
                                                        

complete_saved:   0%|          | 0/3 [00:00<?, ?track/s]
                                                        

complete_saved:   0%|          | 0/3 [00:00<?, ?track/s]
                                                        

complete_saved:   0%|          | 0/3 [00:00<?, ?track/s]
                                                        

complete_saved:   0%|          | 0/3 [00:00<?, ?track/s]
                                                        

complete_saved:   0%|          | 0/3 [00:00<?, ?track/s]
                                                        

complete_saved:   0%|          | 0/3 [00:00<?, ?track/s]
                                                        

complete_saved:   0%|          | 0/3 [00:00<?, ?track/s]
                                                        

complete_saved:   0%|          | 0/3 [00:00<?, ?track/s]
                                                        

complete_saved:   0%|          | 0/3 [00:00<?, ?track/s]
                                                        

complete_saved:   0%|          | 0/3 [00:00<?, ?track/s]
                                                        

complete_saved:   0%|          | 0/3 [00:00<?, ?track/s]
                                                        

complete_saved:   0%|          | 0/3 [00:00<?, ?track/s]
                                                        

complete_saved:   0%|          | 0/3 [00:00<?, ?track/s]
                                                        

complete_saved:   0%|          | 0/3 [00:00<?, ?track/s]
                                                        

complete_saved:   0%|          | 0/3 [00:00<?, ?track/s]
                                                        

complete_saved:   0%|          | 0/3 [00:00<?, ?track/s]
                                                        

complete_saved:   0%|          | 0/3 [00:00<?, ?track/s]
                                                        

complete_saved:   0%|          | 0/3 [00:00<?, ?track/s]
                                                        

complete_saved:   0%|          | 0/3 [00:00<?, ?track/s]
                                                        

complete_saved:   0%|          | 0/3 [00:00<?, ?track/s]
                                                        

complete_saved:   0%|          | 0/3 [00:00<?, ?track/s]
                                                        

complete_saved:   0%|          | 0/3 [00:00<?, ?track/s]
                                                        

complete_saved:   0%|          | 0/3 [00:00<?, ?track/s]
                                                        

complete_saved:   0%|          | 0/3 [00:00<?, ?track/s]
                                                        

complete_saved:   0%|          | 0/3 [00:00<?, ?track/s]
                                                        

complete_saved:   0%|          | 0/3 [00:00<?, ?track/s]
                                                        

complete_saved:   0%|          | 0/3 [00:00<?, ?track/s]
                                                        

complete_saved:   0%|          | 0/3 [00:00<?, ?track/s]
                                                        

complete_saved:   0%|          | 0/3 [00:00<?, ?track/s]
                                                        

complete_saved:   0%|          | 0/3 [00:00<?, ?track/s]
                                                        

complete_saved:   0%|          | 0/3 [00:00<?, ?track/s]
                                                        

complete_saved:   0%|          | 0/3 [00:00<?, ?track/s]
                                                        

complete_saved:   0%|          | 0/3 [00:00<?, ?track/s]
complete_saved: 100%|██████████| 3/3 [00:00<00:00, 21.26track/s]
                                                                
[ablation] complete track=text
[timing] ablation.complete.calibration state=started rss_mb=699.8
[timing] post_training_ablation._calibration_source state=started rss_mb=699.8
[ablation] calibration source track=text manifest=text__completion_manifest.json
[timing] post_training_ablation._calibration_source state=completed elapsed_seconds=0.001 rss_mb=699.8
[timing] post_training_ablation._wrote_binding state=started rss_mb=699.8
[ablation] threshold binding track=text threshold=0.35
[timing] post_training_ablation._wrote_binding state=completed elapsed_seconds=0.002 rss_mb=699.8
[timing] ablation.complete.calibration state=completed elapsed_seconds=0.003 rss_mb=699.8
[timing] ablation.complete.report state=started rss_mb=699.8
[timing] post_training_ablation._trusted_saved_report state=started rss_mb=699.8
[timing] post_training_ablation._trusted_saved_report state=completed elapsed_seconds=0.008 rss_mb=699.8
[timing] post_training_ablation._sealed_track_report state=started rss_mb=699.8
[timing] post_training_ablation._sealed_track_report state=completed elapsed_seconds=0.029 rss_mb=699.8
[timing] ablation.complete.report state=completed elapsed_seconds=0.042 rss_mb=699.8
[timing] ablation.complete.persist state=started rss_mb=699.8
[timing] ablation.complete.persist state=completed elapsed_seconds=0.000 rss_mb=699.8
[ablation] complete track=gnn_only
[timing] ablation.complete.calibration state=started rss_mb=699.8
[timing] post_training_ablation._calibration_source state=started rss_mb=699.8
[ablation] calibration source track=gnn_only manifest=gnn_only__report_manifest.json
[timing] post_training_ablation._calibration_source state=completed elapsed_seconds=0.000 rss_mb=699.8
[timing] post_training_ablation._wrote_binding state=started rss_mb=699.8
[ablation] threshold binding track=gnn_only threshold=0.35
[timing] post_training_ablation._wrote_binding state=completed elapsed_seconds=0.003 rss_mb=699.8
[timing] ablation.complete.calibration state=completed elapsed_seconds=0.004 rss_mb=699.8
[timing] ablation.complete.report state=started rss_mb=699.8
[timing] post_training_ablation._trusted_saved_report state=started rss_mb=699.8
[timing] post_training_ablation._trusted_saved_report state=completed elapsed_seconds=0.008 rss_mb=699.8
[timing] post_training_ablation._sealed_track_report state=started rss_mb=699.8
[timing] post_training_ablation._sealed_track_report state=completed elapsed_seconds=0.029 rss_mb=699.8
[timing] ablation.complete.report state=completed elapsed_seconds=0.042 rss_mb=699.8
[timing] ablation.complete.persist state=started rss_mb=699.8
[timing] ablation.complete.persist state=completed elapsed_seconds=0.000 rss_mb=699.8
[ablation] complete track=hybrid
[timing] ablation.complete.calibration state=started rss_mb=699.8
[timing] post_training_ablation._calibration_source state=started rss_mb=699.8
[ablation] calibration source track=hybrid manifest=hybrid__report_manifest.json
[timing] post_training_ablation._calibration_source state=completed elapsed_seconds=0.001 rss_mb=699.8
[timing] post_training_ablation._wrote_binding state=started rss_mb=699.8
[ablation] threshold binding track=hybrid threshold=0.35
[timing] post_training_ablation._wrote_binding state=completed elapsed_seconds=0.002 rss_mb=699.8
[timing] ablation.complete.calibration state=completed elapsed_seconds=0.004 rss_mb=699.8
[timing] ablation.complete.report state=started rss_mb=699.8
[timing] post_training_ablation._trusted_saved_report state=started rss_mb=699.8
[timing] post_training_ablation._trusted_saved_report state=completed elapsed_seconds=0.008 rss_mb=699.8
[timing] post_training_ablation._sealed_track_report state=started rss_mb=699.8
[timing] post_training_ablation._sealed_track_report state=completed elapsed_seconds=0.030 rss_mb=699.8
[timing] ablation.complete.report state=completed elapsed_seconds=0.043 rss_mb=699.8
[timing] ablation.complete.persist state=started rss_mb=699.8
[timing] ablation.complete.persist state=completed elapsed_seconds=0.000 rss_mb=699.8
[timing] ablation.complete.receipt state=started rss_mb=699.8
[timing] ablation.complete.receipt state=completed elapsed_seconds=0.000 rss_mb=699.8
[timing] post_training_ablation.complete_saved state=completed elapsed_seconds=0.143 rss_mb=699.8
round1 rep3 wall 0.1428
[timing] post_training_ablation.complete_saved state=started rss_mb=699.8
[ablation] complete_saved destination=/tmp/fixture

complete_saved:   0%|          | 0/3 [00:00<?, ?track/s]
                                                        

complete_saved:   0%|          | 0/3 [00:00<?, ?track/s]
                                                        

complete_saved:   0%|          | 0/3 [00:00<?, ?track/s]
                                                        

complete_saved:   0%|          | 0/3 [00:00<?, ?track/s]
                                                        

complete_saved:   0%|          | 0/3 [00:00<?, ?track/s]
                                                        

complete_saved:   0%|          | 0/3 [00:00<?, ?track/s]
                                                        

complete_saved:   0%|          | 0/3 [00:00<?, ?track/s]
                                                        

complete_saved:   0%|          | 0/3 [00:00<?, ?track/s]
                                                        

complete_saved:   0%|          | 0/3 [00:00<?, ?track/s]
                                                        

complete_saved:   0%|          | 0/3 [00:00<?, ?track/s]
                                                        

complete_saved:   0%|          | 0/3 [00:00<?, ?track/s]
                                                        

complete_saved:   0%|          | 0/3 [00:00<?, ?track/s]
                                                        

complete_saved:   0%|          | 0/3 [00:00<?, ?track/s]
                                                        

complete_saved:   0%|          | 0/3 [00:00<?, ?track/s]
                                                        

complete_saved:   0%|          | 0/3 [00:00<?, ?track/s]
                                                        

complete_saved:   0%|          | 0/3 [00:00<?, ?track/s]
                                                        

complete_saved:   0%|          | 0/3 [00:00<?, ?track/s]
                                                        

complete_saved:   0%|          | 0/3 [00:00<?, ?track/s]
                                                        

complete_saved:   0%|          | 0/3 [00:00<?, ?track/s]
                                                        

complete_saved:   0%|          | 0/3 [00:00<?, ?track/s]
                                                        

complete_saved:   0%|          | 0/3 [00:00<?, ?track/s]
                                                        

complete_saved:   0%|          | 0/3 [00:00<?, ?track/s]
                                                        

complete_saved:   0%|          | 0/3 [00:00<?, ?track/s]
                                                        

complete_saved:   0%|          | 0/3 [00:00<?, ?track/s]
                                                        

complete_saved:   0%|          | 0/3 [00:00<?, ?track/s]
                                                        

complete_saved:   0%|          | 0/3 [00:00<?, ?track/s]
                                                        

complete_saved:   0%|          | 0/3 [00:00<?, ?track/s]
                                                        

complete_saved:   0%|          | 0/3 [00:00<?, ?track/s]
                                                        

complete_saved:   0%|          | 0/3 [00:00<?, ?track/s]
                                                        

complete_saved:   0%|          | 0/3 [00:00<?, ?track/s]
                                                        

complete_saved:   0%|          | 0/3 [00:00<?, ?track/s]
                                                        

complete_saved:   0%|          | 0/3 [00:00<?, ?track/s]
                                                        

complete_saved:   0%|          | 0/3 [00:00<?, ?track/s]
                                                        

complete_saved:   0%|          | 0/3 [00:00<?, ?track/s]
                                                        

complete_saved:   0%|          | 0/3 [00:00<?, ?track/s]
                                                        

complete_saved:   0%|          | 0/3 [00:00<?, ?track/s]
                                                        

complete_saved:   0%|          | 0/3 [00:00<?, ?track/s]
                                                        

complete_saved:   0%|          | 0/3 [00:00<?, ?track/s]
                                                        

complete_saved:   0%|          | 0/3 [00:00<?, ?track/s]
                                                        

complete_saved:   0%|          | 0/3 [00:00<?, ?track/s]
                                                        

complete_saved:   0%|          | 0/3 [00:00<?, ?track/s]
                                                        

complete_saved:   0%|          | 0/3 [00:00<?, ?track/s]
                                                        

complete_saved:   0%|          | 0/3 [00:00<?, ?track/s]
                                                        

complete_saved:   0%|          | 0/3 [00:00<?, ?track/s]
                                                        

complete_saved:   0%|          | 0/3 [00:00<?, ?track/s]
                                                        

complete_saved:   0%|          | 0/3 [00:00<?, ?track/s]
                                                        

complete_saved:   0%|          | 0/3 [00:00<?, ?track/s]
                                                        

complete_saved:   0%|          | 0/3 [00:00<?, ?track/s]
                                                        

complete_saved:   0%|          | 0/3 [00:00<?, ?track/s]
                                                        

complete_saved:   0%|          | 0/3 [00:00<?, ?track/s]
                                                        

complete_saved:   0%|          | 0/3 [00:00<?, ?track/s]
                                                        

complete_saved:   0%|          | 0/3 [00:00<?, ?track/s]
complete_saved: 100%|██████████| 3/3 [00:00<00:00, 20.84track/s]
                                                                
[ablation] complete track=text
[timing] ablation.complete.calibration state=started rss_mb=699.8
[timing] post_training_ablation._calibration_source state=started rss_mb=699.8
[ablation] calibration source track=text manifest=text__completion_manifest.json
[timing] post_training_ablation._calibration_source state=completed elapsed_seconds=0.001 rss_mb=699.8
[timing] post_training_ablation._wrote_binding state=started rss_mb=699.8
[ablation] threshold binding track=text threshold=0.35
[timing] post_training_ablation._wrote_binding state=completed elapsed_seconds=0.002 rss_mb=699.8
[timing] ablation.complete.calibration state=completed elapsed_seconds=0.003 rss_mb=699.8
[timing] ablation.complete.report state=started rss_mb=699.8
[timing] post_training_ablation._trusted_saved_report state=started rss_mb=699.8
[timing] post_training_ablation._trusted_saved_report state=completed elapsed_seconds=0.008 rss_mb=699.8
[timing] post_training_ablation._sealed_track_report state=started rss_mb=699.8
[timing] post_training_ablation._sealed_track_report state=completed elapsed_seconds=0.029 rss_mb=699.8
[timing] ablation.complete.report state=completed elapsed_seconds=0.044 rss_mb=699.8
[timing] ablation.complete.persist state=started rss_mb=699.8
[timing] ablation.complete.persist state=completed elapsed_seconds=0.000 rss_mb=699.8
[ablation] complete track=gnn_only
[timing] ablation.complete.calibration state=started rss_mb=699.8
[timing] post_training_ablation._calibration_source state=started rss_mb=699.8
[ablation] calibration source track=gnn_only manifest=gnn_only__report_manifest.json
[timing] post_training_ablation._calibration_source state=completed elapsed_seconds=0.001 rss_mb=699.8
[timing] post_training_ablation._wrote_binding state=started rss_mb=699.8
[ablation] threshold binding track=gnn_only threshold=0.35
[timing] post_training_ablation._wrote_binding state=completed elapsed_seconds=0.002 rss_mb=699.8
[timing] ablation.complete.calibration state=completed elapsed_seconds=0.004 rss_mb=699.8
[timing] ablation.complete.report state=started rss_mb=699.8
[timing] post_training_ablation._trusted_saved_report state=started rss_mb=699.8
[timing] post_training_ablation._trusted_saved_report state=completed elapsed_seconds=0.008 rss_mb=699.8
[timing] post_training_ablation._sealed_track_report state=started rss_mb=699.8
[timing] post_training_ablation._sealed_track_report state=completed elapsed_seconds=0.029 rss_mb=699.8
[timing] ablation.complete.report state=completed elapsed_seconds=0.043 rss_mb=699.8
[timing] ablation.complete.persist state=started rss_mb=699.8
[timing] ablation.complete.persist state=completed elapsed_seconds=0.000 rss_mb=699.8
[ablation] complete track=hybrid
[timing] ablation.complete.calibration state=started rss_mb=699.8
[timing] post_training_ablation._calibration_source state=started rss_mb=699.8
[ablation] calibration source track=hybrid manifest=hybrid__report_manifest.json
[timing] post_training_ablation._calibration_source state=completed elapsed_seconds=0.001 rss_mb=699.8
[timing] post_training_ablation._wrote_binding state=started rss_mb=699.8
[ablation] threshold binding track=hybrid threshold=0.35
[timing] post_training_ablation._wrote_binding state=completed elapsed_seconds=0.002 rss_mb=699.8
[timing] ablation.complete.calibration state=completed elapsed_seconds=0.003 rss_mb=699.8
[timing] ablation.complete.report state=started rss_mb=699.8
[timing] post_training_ablation._trusted_saved_report state=started rss_mb=699.8
[timing] post_training_ablation._trusted_saved_report state=completed elapsed_seconds=0.009 rss_mb=699.8
[timing] post_training_ablation._sealed_track_report state=started rss_mb=699.8
[timing] post_training_ablation._sealed_track_report state=completed elapsed_seconds=0.029 rss_mb=699.8
[timing] ablation.complete.report state=completed elapsed_seconds=0.044 rss_mb=699.8
[timing] ablation.complete.persist state=started rss_mb=699.8
[timing] ablation.complete.persist state=completed elapsed_seconds=0.000 rss_mb=699.8
[timing] ablation.complete.receipt state=started rss_mb=699.8
[timing] ablation.complete.receipt state=completed elapsed_seconds=0.000 rss_mb=699.8
[timing] post_training_ablation.complete_saved state=completed elapsed_seconds=0.145 rss_mb=699.8
round1 rep4 wall 0.1456
[timing] post_training_ablation.complete_saved state=started rss_mb=699.8
[ablation] complete_saved destination=/tmp/fixture

complete_saved:   0%|          | 0/3 [00:00<?, ?track/s]
                                                        

complete_saved:   0%|          | 0/3 [00:00<?, ?track/s]
                                                        

complete_saved:   0%|          | 0/3 [00:00<?, ?track/s]
                                                        

complete_saved:   0%|          | 0/3 [00:00<?, ?track/s]
                                                        

complete_saved:   0%|          | 0/3 [00:00<?, ?track/s]
                                                        

complete_saved:   0%|          | 0/3 [00:00<?, ?track/s]
                                                        

complete_saved:   0%|          | 0/3 [00:00<?, ?track/s]
                                                        

complete_saved:   0%|          | 0/3 [00:00<?, ?track/s]
                                                        

complete_saved:   0%|          | 0/3 [00:00<?, ?track/s]
                                                        

complete_saved:   0%|          | 0/3 [00:00<?, ?track/s]
                                                        

complete_saved:   0%|          | 0/3 [00:00<?, ?track/s]
                                                        

complete_saved:   0%|          | 0/3 [00:00<?, ?track/s]
                                                        

complete_saved:   0%|          | 0/3 [00:00<?, ?track/s]
                                                        

complete_saved:   0%|          | 0/3 [00:00<?, ?track/s]
                                                        

complete_saved:   0%|          | 0/3 [00:00<?, ?track/s]
                                                        

complete_saved:   0%|          | 0/3 [00:00<?, ?track/s]
                                                        

complete_saved:   0%|          | 0/3 [00:00<?, ?track/s]
                                                        

complete_saved:   0%|          | 0/3 [00:00<?, ?track/s]
                                                        

complete_saved:   0%|          | 0/3 [00:00<?, ?track/s]
                                                        

complete_saved:   0%|          | 0/3 [00:00<?, ?track/s]
                                                        

complete_saved:   0%|          | 0/3 [00:00<?, ?track/s]
                                                        

complete_saved:   0%|          | 0/3 [00:00<?, ?track/s]
                                                        

complete_saved:   0%|          | 0/3 [00:00<?, ?track/s]
                                                        

complete_saved:   0%|          | 0/3 [00:00<?, ?track/s]
                                                        

complete_saved:   0%|          | 0/3 [00:00<?, ?track/s]
                                                        

complete_saved:   0%|          | 0/3 [00:00<?, ?track/s]
                                                        

complete_saved:   0%|          | 0/3 [00:00<?, ?track/s]
                                                        

complete_saved:   0%|          | 0/3 [00:00<?, ?track/s]
                                                        

complete_saved:   0%|          | 0/3 [00:00<?, ?track/s]
                                                        

complete_saved:   0%|          | 0/3 [00:00<?, ?track/s]
                                                        

complete_saved:   0%|          | 0/3 [00:00<?, ?track/s]
                                                        

complete_saved:   0%|          | 0/3 [00:00<?, ?track/s]
                                                        

complete_saved:   0%|          | 0/3 [00:00<?, ?track/s]
                                                        

complete_saved:   0%|          | 0/3 [00:00<?, ?track/s]
                                                        

complete_saved:   0%|          | 0/3 [00:00<?, ?track/s]
                                                        

complete_saved:   0%|          | 0/3 [00:00<?, ?track/s]
                                                        

complete_saved:   0%|          | 0/3 [00:00<?, ?track/s]
                                                        

complete_saved:   0%|          | 0/3 [00:00<?, ?track/s]
                                                        

complete_saved:   0%|          | 0/3 [00:00<?, ?track/s]
                                                        

complete_saved:   0%|          | 0/3 [00:00<?, ?track/s]
                                                        

complete_saved:   0%|          | 0/3 [00:00<?, ?track/s]
                                                        

complete_saved:   0%|          | 0/3 [00:00<?, ?track/s]
                                                        

complete_saved:   0%|          | 0/3 [00:00<?, ?track/s]
                                                        

complete_saved:   0%|          | 0/3 [00:00<?, ?track/s]
                                                        

complete_saved:   0%|          | 0/3 [00:00<?, ?track/s]
                                                        

complete_saved:   0%|          | 0/3 [00:00<?, ?track/s]
                                                        

complete_saved:   0%|          | 0/3 [00:00<?, ?track/s]
                                                        

complete_saved:   0%|          | 0/3 [00:00<?, ?track/s]
                                                        

complete_saved:   0%|          | 0/3 [00:00<?, ?track/s]
                                                        

complete_saved:   0%|          | 0/3 [00:00<?, ?track/s]
                                                        

complete_saved:   0%|          | 0/3 [00:00<?, ?track/s]
                                                        

complete_saved:   0%|          | 0/3 [00:00<?, ?track/s]
complete_saved: 100%|██████████| 3/3 [00:00<00:00, 21.32track/s]
                                                                
[ablation] complete track=text
[timing] ablation.complete.calibration state=started rss_mb=699.8
[timing] post_training_ablation._calibration_source state=started rss_mb=699.8
[ablation] calibration source track=text manifest=text__completion_manifest.json
[timing] post_training_ablation._calibration_source state=completed elapsed_seconds=0.000 rss_mb=699.8
[timing] post_training_ablation._wrote_binding state=started rss_mb=699.8
[ablation] threshold binding track=text threshold=0.35
[timing] post_training_ablation._wrote_binding state=completed elapsed_seconds=0.002 rss_mb=699.8
[timing] ablation.complete.calibration state=completed elapsed_seconds=0.003 rss_mb=699.8
[timing] ablation.complete.report state=started rss_mb=699.8
[timing] post_training_ablation._trusted_saved_report state=started rss_mb=699.8
[timing] post_training_ablation._trusted_saved_report state=completed elapsed_seconds=0.008 rss_mb=699.8
[timing] post_training_ablation._sealed_track_report state=started rss_mb=699.8
[timing] post_training_ablation._sealed_track_report state=completed elapsed_seconds=0.029 rss_mb=699.8
[timing] ablation.complete.report state=completed elapsed_seconds=0.042 rss_mb=699.8
[timing] ablation.complete.persist state=started rss_mb=699.8
[timing] ablation.complete.persist state=completed elapsed_seconds=0.000 rss_mb=699.8
[ablation] complete track=gnn_only
[timing] ablation.complete.calibration state=started rss_mb=699.8
[timing] post_training_ablation._calibration_source state=started rss_mb=699.8
[ablation] calibration source track=gnn_only manifest=gnn_only__report_manifest.json
[timing] post_training_ablation._calibration_source state=completed elapsed_seconds=0.001 rss_mb=699.8
[timing] post_training_ablation._wrote_binding state=started rss_mb=699.8
[ablation] threshold binding track=gnn_only threshold=0.35
[timing] post_training_ablation._wrote_binding state=completed elapsed_seconds=0.002 rss_mb=699.8
[timing] ablation.complete.calibration state=completed elapsed_seconds=0.004 rss_mb=699.8
[timing] ablation.complete.report state=started rss_mb=699.8
[timing] post_training_ablation._trusted_saved_report state=started rss_mb=699.8
[timing] post_training_ablation._trusted_saved_report state=completed elapsed_seconds=0.008 rss_mb=699.8
[timing] post_training_ablation._sealed_track_report state=started rss_mb=699.8
[timing] post_training_ablation._sealed_track_report state=completed elapsed_seconds=0.029 rss_mb=699.8
[timing] ablation.complete.report state=completed elapsed_seconds=0.043 rss_mb=699.8
[timing] ablation.complete.persist state=started rss_mb=699.8
[timing] ablation.complete.persist state=completed elapsed_seconds=0.000 rss_mb=699.8
[ablation] complete track=hybrid
[timing] ablation.complete.calibration state=started rss_mb=699.8
[timing] post_training_ablation._calibration_source state=started rss_mb=699.8
[ablation] calibration source track=hybrid manifest=hybrid__report_manifest.json
[timing] post_training_ablation._calibration_source state=completed elapsed_seconds=0.001 rss_mb=699.8
[timing] post_training_ablation._wrote_binding state=started rss_mb=699.8
[ablation] threshold binding track=hybrid threshold=0.35
[timing] post_training_ablation._wrote_binding state=completed elapsed_seconds=0.002 rss_mb=699.8
[timing] ablation.complete.calibration state=completed elapsed_seconds=0.004 rss_mb=699.8
[timing] ablation.complete.report state=started rss_mb=699.8
[timing] post_training_ablation._trusted_saved_report state=started rss_mb=699.8
[timing] post_training_ablation._trusted_saved_report state=completed elapsed_seconds=0.008 rss_mb=699.8
[timing] post_training_ablation._sealed_track_report state=started rss_mb=699.8
[timing] post_training_ablation._sealed_track_report state=completed elapsed_seconds=0.029 rss_mb=699.8
[timing] ablation.complete.report state=completed elapsed_seconds=0.043 rss_mb=699.8
[timing] ablation.complete.persist state=started rss_mb=699.8
[timing] ablation.complete.persist state=completed elapsed_seconds=0.000 rss_mb=699.8
[timing] ablation.complete.receipt state=started rss_mb=699.8
[timing] ablation.complete.receipt state=completed elapsed_seconds=0.000 rss_mb=699.8
[timing] post_training_ablation.complete_saved state=completed elapsed_seconds=0.142 rss_mb=699.8
round1 rep5 wall 0.1423
after: {'text': 'bdfede0d16dd49911fb60eafeb36ebd2d05de0e9dd9cdd5fd569488b4d124349', 'gnn_only': 'bb8462a059c36ed4f8869f3ca9e6983b8dc8f980dd3d5fbf3a0baf8336fca97e', 'hybrid': '3d9cf003896806fdce78d77731b82f24cac8787cb1b68c7dd243f5a1a7c9aea6'}
dashboard exists True
receipt_sha256 23a91289e2628a8bd408c9d63135bbd096e3d813d7c8ed1e08fed6c9388eb591

=== original baseline (same workload, dashboard reset each rep) ===
original rep1 wall 0.2365
original rep2 wall 0.1406
original rep3 wall 0.1417
original rep4 wall 0.1435
original rep5 wall 0.1471
=== NOTE ===
post-optimization (r1) fresh-boot reset covers: dashboard pointer + receipt removed;
original baseline reset covers: dashboard pointer removed every rep (save_report re-write exercised);
r1 keeps the persisted dashboard bytes when identical, so the hot path is 0.142s.
