[timing] abl.forward state=started rss_mb=686.4
[timing] baseline_ablation.forward state=started rss_mb=686.4
[timing] ablation.baseline.forward state=started rss_mb=686.4
[timing] staged_ablation.forward state=started rss_mb=689.8
[timing] ablation_forward.bind_template state=started rss_mb=689.8
[timing] ablation_forward.bind_template state=completed elapsed_seconds=0.018 rss_mb=691.2
[timing] ablation_forward.rebind_checkpoint state=started rss_mb=691.2
[timing] ablation_forward.rebind_checkpoint state=completed elapsed_seconds=0.123 rss_mb=777.9
ablation forward bound track=text role=baseline
[timing] ablation_forward.write_bound_request state=started rss_mb=777.9
[timing] ablation_forward.write_bound_request state=completed elapsed_seconds=0.365 rss_mb=777.9
[timing] ablation_forward.vectors state=started rss_mb=777.9
[timing] ablation.encode state=started rss_mb=777.9
[timing] ablation.encode.text_vectors state=started rss_mb=777.9
[timing] ablation.encode.text_vectors state=completed elapsed_seconds=30.017 rss_mb=1256.6
[timing] ablation.encode.graph_encoder state=started rss_mb=1256.6
[timing] ablation.encode.graph_encoder state=completed elapsed_seconds=0.000 rss_mb=1256.6
[timing] ablation.encode.candidates state=started rss_mb=1256.6
[timing] ablation.encode.candidates state=completed elapsed_seconds=0.001 rss_mb=1256.6
[timing] ablation.encode.jobs state=started rss_mb=1256.6
[timing] ablation.encode.jobs state=completed elapsed_seconds=0.010 rss_mb=1256.6
[timing] ablation.encode.persist state=started rss_mb=1256.6
[timing] ablation.encode.persist state=completed elapsed_seconds=0.285 rss_mb=1256.6
[timing] ablation.encode state=completed elapsed_seconds=30.381 rss_mb=1256.6
[timing] ablation_forward.vectors state=completed elapsed_seconds=30.381 rss_mb=1256.6
[timing] staged_ablation.forward state=completed elapsed_seconds=30.889 rss_mb=1256.6
[timing] ablation.baseline.forward state=completed elapsed_seconds=30.909 rss_mb=1256.6
[timing] baseline_ablation.forward state=completed elapsed_seconds=30.910 rss_mb=1256.6
[timing] abl.forward state=completed elapsed_seconds=30.916 rss_mb=1256.6
[timing] abl.complete state=started rss_mb=1256.6
[timing] baseline_ablation.complete state=started rss_mb=1256.6
[timing] ablation.baseline.load state=started rss_mb=1256.6
[timing] baseline_ablation._saved_vectors state=started rss_mb=1256.6
[timing] ablation.baseline.saved_vectors state=started rss_mb=1256.6
[timing] ablation.baseline.saved_vectors state=completed elapsed_seconds=0.006 rss_mb=1256.6
[timing] baseline_ablation._saved_vectors state=completed elapsed_seconds=0.007 rss_mb=1256.6
[timing] baseline_ablation._dev_scores state=started rss_mb=1256.6
[timing] ablation.baseline.dev_scores state=started rss_mb=1256.6
[timing] train.load_pairs state=started rss_mb=1256.6
[timing] train.load_pairs state=completed elapsed_seconds=0.007 rss_mb=1256.6
[timing] ablation.baseline.dev_scores state=completed elapsed_seconds=0.007 rss_mb=1256.6
[timing] baseline_ablation._dev_scores state=completed elapsed_seconds=0.008 rss_mb=1256.6
[timing] ablation.baseline.load state=completed elapsed_seconds=0.034 rss_mb=1256.6
[timing] ablation.baseline.calibration state=started rss_mb=1256.6
[timing] baseline_ablation._calibrated_calibration state=started rss_mb=1256.6
[timing] ablation.baseline.calibrate state=started rss_mb=1256.6
[timing] ablation.baseline.calibrate state=completed elapsed_seconds=0.036 rss_mb=1256.6
[timing] baseline_ablation._calibrated_calibration state=completed elapsed_seconds=0.037 rss_mb=1256.6
[timing] baseline_ablation._frozen_calibration state=started rss_mb=1256.6
[timing] ablation.baseline.seal state=started rss_mb=1256.6
[timing] ablation.baseline.seal state=completed elapsed_seconds=0.000 rss_mb=1256.6
[timing] baseline_ablation._frozen_calibration state=completed elapsed_seconds=0.001 rss_mb=1256.6
[timing] baseline_ablation._frozen_report state=started rss_mb=1256.6
[timing] ablation.baseline.frozen_report state=started rss_mb=1256.6
[timing] ablation.report state=started rss_mb=1256.6
[timing] ablation.report.comparison state=started rss_mb=1256.6
[timing] ablation._comparison_rows state=started rss_mb=1256.6
[timing] ablation._comparison_rows state=completed elapsed_seconds=0.245 rss_mb=1256.6
[timing] ablation.report.comparison state=completed elapsed_seconds=0.314 rss_mb=1256.6
[timing] ablation.report state=completed elapsed_seconds=0.387 rss_mb=1256.6
[timing] ablation.baseline.frozen_report state=completed elapsed_seconds=0.388 rss_mb=1256.6
[timing] baseline_ablation._frozen_report state=completed elapsed_seconds=0.388 rss_mb=1256.6
[timing] baseline_ablation._persist_baseline state=started rss_mb=1256.6
[timing] ablation.baseline.persist state=started rss_mb=1256.6
[timing] ablation.baseline.persist state=completed elapsed_seconds=2.399 rss_mb=1256.6
[timing] baseline_ablation._persist_baseline state=completed elapsed_seconds=2.399 rss_mb=1256.6
[timing] ablation.baseline.calibration state=completed elapsed_seconds=2.833 rss_mb=1256.6
[timing] baseline_ablation.complete state=completed elapsed_seconds=2.875 rss_mb=1256.6
[timing] abl.complete state=completed elapsed_seconds=2.876 rss_mb=1256.6
[timing] abl.forward state=started rss_mb=1256.6
[timing] baseline_ablation.forward state=started rss_mb=1256.6
[timing] ablation.baseline.forward state=started rss_mb=1256.6
[timing] staged_ablation.forward state=started rss_mb=1256.6
[timing] ablation_forward.bind_template state=started rss_mb=1256.6
[timing] ablation_forward.bind_template state=completed elapsed_seconds=0.011 rss_mb=1256.6
[timing] ablation_forward.rebind_checkpoint state=started rss_mb=1256.6
[timing] ablation_forward.rebind_checkpoint state=completed elapsed_seconds=0.001 rss_mb=1256.6
ablation forward bound track=text role=baseline
[timing] ablation_forward.write_bound_request state=started rss_mb=1256.6
[timing] ablation_forward.write_bound_request state=completed elapsed_seconds=0.247 rss_mb=1256.6
[timing] ablation_forward.vectors state=started rss_mb=1256.6
[timing] ablation.encode state=started rss_mb=1256.6
[timing] ablation.encode.text_vectors state=started rss_mb=1256.6
[timing] ablation.encode.text_vectors state=completed elapsed_seconds=24.376 rss_mb=1311.7
[timing] ablation.encode.graph_encoder state=started rss_mb=1311.7
[timing] ablation.encode.graph_encoder state=completed elapsed_seconds=0.000 rss_mb=1311.7
[timing] ablation.encode.candidates state=started rss_mb=1311.7
[timing] ablation.encode.candidates state=completed elapsed_seconds=0.001 rss_mb=1311.7
[timing] ablation.encode.jobs state=started rss_mb=1311.7
[timing] ablation.encode.jobs state=completed elapsed_seconds=0.013 rss_mb=1311.7
[timing] ablation.encode.persist state=started rss_mb=1311.7
[timing] ablation.encode.persist state=completed elapsed_seconds=0.288 rss_mb=1311.7
[timing] ablation.encode state=completed elapsed_seconds=24.698 rss_mb=1311.7
[timing] ablation_forward.vectors state=completed elapsed_seconds=24.698 rss_mb=1311.7
[timing] staged_ablation.forward state=completed elapsed_seconds=24.960 rss_mb=1311.7
[timing] ablation.baseline.forward state=completed elapsed_seconds=24.966 rss_mb=1311.7
[timing] baseline_ablation.forward state=completed elapsed_seconds=24.967 rss_mb=1311.7
[timing] abl.forward state=completed elapsed_seconds=24.968 rss_mb=1311.7
[timing] abl.complete state=started rss_mb=1311.7
[timing] baseline_ablation.complete state=started rss_mb=1311.7
[timing] ablation.baseline.load state=started rss_mb=1311.7
[timing] baseline_ablation._saved_vectors state=started rss_mb=1311.7
[timing] ablation.baseline.saved_vectors state=started rss_mb=1311.7
[timing] ablation.baseline.saved_vectors state=completed elapsed_seconds=0.006 rss_mb=1311.7
[timing] baseline_ablation._saved_vectors state=completed elapsed_seconds=0.007 rss_mb=1311.7
[timing] baseline_ablation._dev_scores state=started rss_mb=1311.7
[timing] ablation.baseline.dev_scores state=started rss_mb=1311.7
[timing] train.load_pairs state=started rss_mb=1311.7
[timing] train.load_pairs state=completed elapsed_seconds=0.005 rss_mb=1311.7
[timing] ablation.baseline.dev_scores state=completed elapsed_seconds=0.006 rss_mb=1311.7
[timing] baseline_ablation._dev_scores state=completed elapsed_seconds=0.006 rss_mb=1311.7
[timing] ablation.baseline.load state=completed elapsed_seconds=0.032 rss_mb=1311.7
[timing] ablation.baseline.calibration state=started rss_mb=1311.7
[timing] baseline_ablation._calibrated_calibration state=started rss_mb=1311.7
[timing] ablation.baseline.calibrate state=started rss_mb=1311.7
[timing] ablation.baseline.calibrate state=completed elapsed_seconds=0.002 rss_mb=1311.7
[timing] baseline_ablation._calibrated_calibration state=completed elapsed_seconds=0.003 rss_mb=1311.7
[timing] baseline_ablation._frozen_calibration state=started rss_mb=1311.7
[timing] ablation.baseline.seal state=started rss_mb=1311.7
[timing] ablation.baseline.seal state=completed elapsed_seconds=0.000 rss_mb=1311.7
[timing] baseline_ablation._frozen_calibration state=completed elapsed_seconds=0.001 rss_mb=1311.7
[timing] baseline_ablation._frozen_report state=started rss_mb=1311.7
[timing] ablation.baseline.frozen_report state=started rss_mb=1311.7
[timing] ablation.report state=started rss_mb=1311.7
[timing] ablation.report.comparison state=started rss_mb=1311.7
[timing] ablation._comparison_rows state=started rss_mb=1311.7
[timing] ablation._comparison_rows state=completed elapsed_seconds=0.279 rss_mb=1311.7
[timing] ablation.report.comparison state=completed elapsed_seconds=0.351 rss_mb=1311.7
[timing] ablation.report state=completed elapsed_seconds=0.424 rss_mb=1311.7
[timing] ablation.baseline.frozen_report state=completed elapsed_seconds=0.425 rss_mb=1311.7
[timing] baseline_ablation._frozen_report state=completed elapsed_seconds=0.425 rss_mb=1311.7
[timing] baseline_ablation._persist_baseline state=started rss_mb=1311.7
[timing] ablation.baseline.persist state=started rss_mb=1311.7
[timing] ablation.baseline.persist state=completed elapsed_seconds=2.493 rss_mb=1311.7
[timing] baseline_ablation._persist_baseline state=completed elapsed_seconds=2.493 rss_mb=1311.7
[timing] ablation.baseline.calibration state=completed elapsed_seconds=2.930 rss_mb=1311.7
[timing] baseline_ablation.complete state=completed elapsed_seconds=2.972 rss_mb=1311.7
[timing] abl.complete state=completed elapsed_seconds=2.973 rss_mb=1311.7
[timing] abl.forward state=started rss_mb=1311.7
[timing] baseline_ablation.forward state=started rss_mb=1311.7
[timing] ablation.baseline.forward state=started rss_mb=1311.7
[timing] staged_ablation.forward state=started rss_mb=1311.7
[timing] ablation_forward.bind_template state=started rss_mb=1311.7
[timing] ablation_forward.bind_template state=completed elapsed_seconds=0.008 rss_mb=1311.7
[timing] ablation_forward.rebind_checkpoint state=started rss_mb=1311.7
[timing] ablation_forward.rebind_checkpoint state=completed elapsed_seconds=0.001 rss_mb=1311.7
ablation forward bound track=text role=baseline
[timing] ablation_forward.write_bound_request state=started rss_mb=1311.7
[timing] ablation_forward.write_bound_request state=completed elapsed_seconds=0.388 rss_mb=1311.7
[timing] ablation_forward.vectors state=started rss_mb=1311.7
[timing] ablation.encode state=started rss_mb=1311.7
[timing] ablation.encode.text_vectors state=started rss_mb=1311.7
[timing] ablation.encode.text_vectors state=completed elapsed_seconds=25.229 rss_mb=1311.7
[timing] ablation.encode.graph_encoder state=started rss_mb=1311.7
[timing] ablation.encode.graph_encoder state=completed elapsed_seconds=0.000 rss_mb=1311.7
[timing] ablation.encode.candidates state=started rss_mb=1311.7
[timing] ablation.encode.candidates state=completed elapsed_seconds=0.001 rss_mb=1311.7
[timing] ablation.encode.jobs state=started rss_mb=1311.7
[timing] ablation.encode.jobs state=completed elapsed_seconds=0.014 rss_mb=1311.7
[timing] ablation.encode.persist state=started rss_mb=1311.7
[timing] ablation.encode.persist state=completed elapsed_seconds=0.290 rss_mb=1311.7
[timing] ablation.encode state=completed elapsed_seconds=25.575 rss_mb=1311.7
[timing] ablation_forward.vectors state=completed elapsed_seconds=25.575 rss_mb=1311.7
[timing] staged_ablation.forward state=completed elapsed_seconds=25.975 rss_mb=1311.7
[timing] ablation.baseline.forward state=completed elapsed_seconds=25.982 rss_mb=1311.7
[timing] baseline_ablation.forward state=completed elapsed_seconds=25.984 rss_mb=1311.7
[timing] abl.forward state=completed elapsed_seconds=25.984 rss_mb=1311.7
[timing] abl.complete state=started rss_mb=1311.7
[timing] baseline_ablation.complete state=started rss_mb=1311.7
[timing] ablation.baseline.load state=started rss_mb=1311.7
[timing] baseline_ablation._saved_vectors state=started rss_mb=1311.7
[timing] ablation.baseline.saved_vectors state=started rss_mb=1311.7
[timing] ablation.baseline.saved_vectors state=completed elapsed_seconds=0.006 rss_mb=1311.7
[timing] baseline_ablation._saved_vectors state=completed elapsed_seconds=0.007 rss_mb=1311.7
[timing] baseline_ablation._dev_scores state=started rss_mb=1311.7
[timing] ablation.baseline.dev_scores state=started rss_mb=1311.7
[timing] train.load_pairs state=started rss_mb=1311.7
[timing] train.load_pairs state=completed elapsed_seconds=0.005 rss_mb=1311.7
[timing] ablation.baseline.dev_scores state=completed elapsed_seconds=0.006 rss_mb=1311.7
[timing] baseline_ablation._dev_scores state=completed elapsed_seconds=0.006 rss_mb=1311.7
[timing] ablation.baseline.load state=completed elapsed_seconds=0.034 rss_mb=1311.7
[timing] ablation.baseline.calibration state=started rss_mb=1311.7
[timing] baseline_ablation._calibrated_calibration state=started rss_mb=1311.7
[timing] ablation.baseline.calibrate state=started rss_mb=1311.7
[timing] ablation.baseline.calibrate state=completed elapsed_seconds=0.002 rss_mb=1311.7
[timing] baseline_ablation._calibrated_calibration state=completed elapsed_seconds=0.003 rss_mb=1311.7
[timing] baseline_ablation._frozen_calibration state=started rss_mb=1311.7
[timing] ablation.baseline.seal state=started rss_mb=1311.7
[timing] ablation.baseline.seal state=completed elapsed_seconds=0.001 rss_mb=1311.7
[timing] baseline_ablation._frozen_calibration state=completed elapsed_seconds=0.001 rss_mb=1311.7
[timing] baseline_ablation._frozen_report state=started rss_mb=1311.7
[timing] ablation.baseline.frozen_report state=started rss_mb=1311.7
[timing] ablation.report state=started rss_mb=1311.7
[timing] ablation.report.comparison state=started rss_mb=1311.7
[timing] ablation._comparison_rows state=started rss_mb=1311.7
[timing] ablation._comparison_rows state=completed elapsed_seconds=0.350 rss_mb=1311.7
[timing] ablation.report.comparison state=completed elapsed_seconds=0.473 rss_mb=1311.7
[timing] ablation.report state=completed elapsed_seconds=0.548 rss_mb=1311.7
[timing] ablation.baseline.frozen_report state=completed elapsed_seconds=0.548 rss_mb=1311.7
[timing] baseline_ablation._frozen_report state=completed elapsed_seconds=0.548 rss_mb=1311.7
[timing] baseline_ablation._persist_baseline state=started rss_mb=1311.7
[timing] ablation.baseline.persist state=started rss_mb=1311.7
[timing] ablation.baseline.persist state=completed elapsed_seconds=2.403 rss_mb=1311.7
[timing] baseline_ablation._persist_baseline state=completed elapsed_seconds=2.403 rss_mb=1311.7
[timing] ablation.baseline.calibration state=completed elapsed_seconds=2.963 rss_mb=1311.7
[timing] baseline_ablation.complete state=completed elapsed_seconds=3.006 rss_mb=1311.7
[timing] abl.complete state=completed elapsed_seconds=3.006 rss_mb=1311.7
