[timing] abl.forward state=started rss_mb=698.9
[timing] baseline_ablation.forward state=started rss_mb=699.1
[timing] ablation.baseline.forward state=started rss_mb=699.1
[timing] staged_ablation.forward state=started rss_mb=702.3
[timing] ablation_forward.bind_template state=started rss_mb=702.3
[timing] ablation_forward.bind_template state=completed elapsed_seconds=0.011 rss_mb=703.8
[timing] ablation_forward.rebind_checkpoint state=started rss_mb=703.8
[timing] ablation_forward.rebind_checkpoint state=completed elapsed_seconds=0.145 rss_mb=790.5
ablation forward bound track=text role=baseline
[timing] ablation_forward.write_bound_request state=started rss_mb=790.5
[timing] ablation_forward.write_bound_request state=completed elapsed_seconds=0.414 rss_mb=790.5
[timing] ablation_forward.vectors state=started rss_mb=790.5
[timing] ablation.encode state=started rss_mb=790.5
[timing] ablation.encode.text_vectors state=started rss_mb=790.5
[timing] ablation.encode.text_vectors state=completed elapsed_seconds=49.548 rss_mb=1255.4
[timing] ablation.encode.graph_encoder state=started rss_mb=1255.4
[timing] ablation.encode.graph_encoder state=completed elapsed_seconds=0.000 rss_mb=1255.4
[timing] ablation.encode.candidates state=started rss_mb=1255.4
[timing] ablation.encode.candidates state=completed elapsed_seconds=0.001 rss_mb=1255.4
[timing] ablation.encode.jobs state=started rss_mb=1255.4
[timing] ablation.encode.jobs state=completed elapsed_seconds=0.024 rss_mb=1255.4
[timing] ablation.encode.persist state=started rss_mb=1255.4
[timing] ablation.encode.persist state=completed elapsed_seconds=0.406 rss_mb=1255.4
[timing] ablation.encode state=completed elapsed_seconds=50.024 rss_mb=1255.4
[timing] ablation_forward.vectors state=completed elapsed_seconds=50.031 rss_mb=1255.4
[timing] staged_ablation.forward state=completed elapsed_seconds=50.613 rss_mb=1255.4
[timing] ablation.baseline.forward state=completed elapsed_seconds=50.629 rss_mb=1255.4
[timing] baseline_ablation.forward state=completed elapsed_seconds=50.629 rss_mb=1255.4
[timing] abl.forward state=completed elapsed_seconds=50.631 rss_mb=1255.4
[timing] abl.complete state=started rss_mb=1255.4
[timing] baseline_ablation.complete state=started rss_mb=1255.4
[timing] ablation.baseline.load state=started rss_mb=1255.4
[timing] baseline_ablation._saved_vectors state=started rss_mb=1255.4
[timing] ablation.baseline.saved_vectors state=started rss_mb=1255.4
[timing] ablation.baseline.saved_vectors state=completed elapsed_seconds=0.021 rss_mb=1255.4
[timing] baseline_ablation._saved_vectors state=completed elapsed_seconds=0.023 rss_mb=1255.4
[timing] baseline_ablation._dev_scores state=started rss_mb=1255.4
[timing] ablation.baseline.dev_scores state=started rss_mb=1255.4
[timing] train.load_pairs state=started rss_mb=1255.4
[timing] train.load_pairs state=completed elapsed_seconds=0.015 rss_mb=1255.4
[timing] ablation.baseline.dev_scores state=completed elapsed_seconds=0.015 rss_mb=1255.4
[timing] baseline_ablation._dev_scores state=completed elapsed_seconds=0.015 rss_mb=1255.4
[timing] ablation.baseline.load state=completed elapsed_seconds=0.105 rss_mb=1255.4
[timing] ablation.baseline.calibration state=started rss_mb=1255.4
[timing] baseline_ablation._calibrated_calibration state=started rss_mb=1255.4
[timing] ablation.baseline.calibrate state=started rss_mb=1255.4
[timing] ablation.baseline.calibrate state=completed elapsed_seconds=0.049 rss_mb=1255.4
[timing] baseline_ablation._calibrated_calibration state=completed elapsed_seconds=0.059 rss_mb=1255.4
[timing] baseline_ablation._frozen_calibration state=started rss_mb=1255.4
[timing] ablation.baseline.seal state=started rss_mb=1255.4
[timing] ablation.baseline.seal state=completed elapsed_seconds=0.000 rss_mb=1255.4
[timing] baseline_ablation._frozen_calibration state=completed elapsed_seconds=0.001 rss_mb=1255.4
[timing] baseline_ablation._frozen_report state=started rss_mb=1255.4
[timing] ablation.baseline.frozen_report state=started rss_mb=1255.4
[timing] ablation.report state=started rss_mb=1255.4
[timing] ablation.report.comparison state=started rss_mb=1255.4
[timing] ablation._comparison_rows state=started rss_mb=1255.4
[timing] ablation._comparison_rows state=completed elapsed_seconds=0.496 rss_mb=1255.4
[timing] ablation.report.comparison state=completed elapsed_seconds=0.651 rss_mb=1255.4
[timing] ablation.report state=completed elapsed_seconds=0.771 rss_mb=1255.4
[timing] ablation.baseline.frozen_report state=completed elapsed_seconds=0.773 rss_mb=1255.4
[timing] baseline_ablation._frozen_report state=completed elapsed_seconds=0.774 rss_mb=1255.4
[timing] baseline_ablation._persist_baseline state=started rss_mb=1255.4
[timing] ablation.baseline.persist state=started rss_mb=1255.4
[timing] ablation.baseline.persist state=completed elapsed_seconds=0.133 rss_mb=1255.4
[timing] baseline_ablation._persist_baseline state=completed elapsed_seconds=0.133 rss_mb=1255.4
[timing] ablation.baseline.calibration state=completed elapsed_seconds=0.984 rss_mb=1255.4
[timing] baseline_ablation.complete state=completed elapsed_seconds=1.108 rss_mb=1255.4
[timing] abl.complete state=completed elapsed_seconds=1.109 rss_mb=1255.4
[timing] abl.forward state=started rss_mb=1255.4
[timing] baseline_ablation.forward state=started rss_mb=1255.4
[timing] ablation.baseline.forward state=started rss_mb=1255.4
[timing] staged_ablation.forward state=started rss_mb=1255.4
[timing] ablation_forward.bind_template state=started rss_mb=1255.4
[timing] ablation_forward.bind_template state=completed elapsed_seconds=0.015 rss_mb=1255.4
[timing] ablation_forward.rebind_checkpoint state=started rss_mb=1255.4
[timing] ablation_forward.rebind_checkpoint state=completed elapsed_seconds=0.001 rss_mb=1255.4
ablation forward bound track=text role=baseline
[timing] ablation_forward.write_bound_request state=started rss_mb=1255.4
[timing] ablation_forward.write_bound_request state=completed elapsed_seconds=0.601 rss_mb=1255.4
[timing] ablation_forward.vectors state=started rss_mb=1255.4
[timing] ablation.encode state=started rss_mb=1255.4
[timing] ablation.encode.text_vectors state=started rss_mb=1255.4
[timing] ablation.encode.text_vectors state=completed elapsed_seconds=42.602 rss_mb=1303.3
[timing] ablation.encode.graph_encoder state=started rss_mb=1303.3
[timing] ablation.encode.graph_encoder state=completed elapsed_seconds=0.000 rss_mb=1303.3
[timing] ablation.encode.candidates state=started rss_mb=1303.3
[timing] ablation.encode.candidates state=completed elapsed_seconds=0.000 rss_mb=1303.3
[timing] ablation.encode.jobs state=started rss_mb=1303.3
[timing] ablation.encode.jobs state=completed elapsed_seconds=0.009 rss_mb=1303.3
[timing] ablation.encode.persist state=started rss_mb=1303.3
[timing] ablation.encode.persist state=completed elapsed_seconds=0.306 rss_mb=1303.3
[timing] ablation.encode state=completed elapsed_seconds=42.962 rss_mb=1303.3
[timing] ablation_forward.vectors state=completed elapsed_seconds=42.963 rss_mb=1303.3
[timing] staged_ablation.forward state=completed elapsed_seconds=43.592 rss_mb=1303.3
[timing] ablation.baseline.forward state=completed elapsed_seconds=43.603 rss_mb=1303.3
[timing] baseline_ablation.forward state=completed elapsed_seconds=43.604 rss_mb=1303.3
[timing] abl.forward state=completed elapsed_seconds=43.605 rss_mb=1303.3
[timing] abl.complete state=started rss_mb=1303.3
[timing] baseline_ablation.complete state=started rss_mb=1303.3
[timing] ablation.baseline.load state=started rss_mb=1303.3
[timing] baseline_ablation._saved_vectors state=started rss_mb=1303.3
[timing] ablation.baseline.saved_vectors state=started rss_mb=1303.3
[timing] ablation.baseline.saved_vectors state=completed elapsed_seconds=0.006 rss_mb=1303.3
[timing] baseline_ablation._saved_vectors state=completed elapsed_seconds=0.007 rss_mb=1303.3
[timing] baseline_ablation._dev_scores state=started rss_mb=1303.3
[timing] ablation.baseline.dev_scores state=started rss_mb=1303.3
[timing] train.load_pairs state=started rss_mb=1303.3
[timing] train.load_pairs state=completed elapsed_seconds=0.006 rss_mb=1303.3
[timing] ablation.baseline.dev_scores state=completed elapsed_seconds=0.006 rss_mb=1303.3
[timing] baseline_ablation._dev_scores state=completed elapsed_seconds=0.007 rss_mb=1303.3
[timing] ablation.baseline.load state=completed elapsed_seconds=0.036 rss_mb=1303.3
[timing] ablation.baseline.calibration state=started rss_mb=1303.3
[timing] baseline_ablation._calibrated_calibration state=started rss_mb=1303.3
[timing] ablation.baseline.calibrate state=started rss_mb=1303.3
[timing] ablation.baseline.calibrate state=completed elapsed_seconds=0.003 rss_mb=1303.3
[timing] baseline_ablation._calibrated_calibration state=completed elapsed_seconds=0.004 rss_mb=1303.3
[timing] baseline_ablation._frozen_calibration state=started rss_mb=1303.3
[timing] ablation.baseline.seal state=started rss_mb=1303.3
[timing] ablation.baseline.seal state=completed elapsed_seconds=0.000 rss_mb=1303.3
[timing] baseline_ablation._frozen_calibration state=completed elapsed_seconds=0.001 rss_mb=1303.3
[timing] baseline_ablation._frozen_report state=started rss_mb=1303.3
[timing] ablation.baseline.frozen_report state=started rss_mb=1303.3
[timing] ablation.report state=started rss_mb=1303.3
[timing] ablation.report.comparison state=started rss_mb=1303.3
[timing] ablation._comparison_rows state=started rss_mb=1303.3
[timing] ablation._comparison_rows state=completed elapsed_seconds=0.443 rss_mb=1303.3
[timing] ablation.report.comparison state=completed elapsed_seconds=0.559 rss_mb=1303.3
[timing] ablation.report state=completed elapsed_seconds=0.651 rss_mb=1303.3
[timing] ablation.baseline.frozen_report state=completed elapsed_seconds=0.652 rss_mb=1303.3
[timing] baseline_ablation._frozen_report state=completed elapsed_seconds=0.652 rss_mb=1303.3
[timing] baseline_ablation._persist_baseline state=started rss_mb=1303.3
[timing] ablation.baseline.persist state=started rss_mb=1303.3
[timing] ablation.baseline.persist state=completed elapsed_seconds=0.080 rss_mb=1303.3
[timing] baseline_ablation._persist_baseline state=completed elapsed_seconds=0.080 rss_mb=1303.3
[timing] ablation.baseline.calibration state=completed elapsed_seconds=0.745 rss_mb=1303.3
[timing] baseline_ablation.complete state=completed elapsed_seconds=0.798 rss_mb=1303.3
[timing] abl.complete state=completed elapsed_seconds=0.799 rss_mb=1303.3
[timing] abl.forward state=started rss_mb=1303.3
[timing] baseline_ablation.forward state=started rss_mb=1303.3
[timing] ablation.baseline.forward state=started rss_mb=1303.3
[timing] staged_ablation.forward state=started rss_mb=1303.3
[timing] ablation_forward.bind_template state=started rss_mb=1303.3
[timing] ablation_forward.bind_template state=completed elapsed_seconds=0.012 rss_mb=1303.3
[timing] ablation_forward.rebind_checkpoint state=started rss_mb=1303.3
[timing] ablation_forward.rebind_checkpoint state=completed elapsed_seconds=0.007 rss_mb=1303.3
ablation forward bound track=text role=baseline
[timing] ablation_forward.write_bound_request state=started rss_mb=1303.3
[timing] ablation_forward.write_bound_request state=completed elapsed_seconds=0.321 rss_mb=1303.3
[timing] ablation_forward.vectors state=started rss_mb=1303.3
[timing] ablation.encode state=started rss_mb=1303.3
[timing] ablation.encode.text_vectors state=started rss_mb=1303.3
[timing] ablation.encode.text_vectors state=completed elapsed_seconds=35.138 rss_mb=1304.7
[timing] ablation.encode.graph_encoder state=started rss_mb=1304.7
[timing] ablation.encode.graph_encoder state=completed elapsed_seconds=0.000 rss_mb=1304.7
[timing] ablation.encode.candidates state=started rss_mb=1304.7
[timing] ablation.encode.candidates state=completed elapsed_seconds=0.001 rss_mb=1304.7
[timing] ablation.encode.jobs state=started rss_mb=1304.7
[timing] ablation.encode.jobs state=completed elapsed_seconds=0.011 rss_mb=1304.7
[timing] ablation.encode.persist state=started rss_mb=1304.7
[timing] ablation.encode.persist state=completed elapsed_seconds=0.393 rss_mb=1304.7
[timing] ablation.encode state=completed elapsed_seconds=35.569 rss_mb=1304.7
[timing] ablation_forward.vectors state=completed elapsed_seconds=35.574 rss_mb=1304.7
[timing] staged_ablation.forward state=completed elapsed_seconds=35.916 rss_mb=1304.7
[timing] ablation.baseline.forward state=completed elapsed_seconds=35.933 rss_mb=1304.7
[timing] baseline_ablation.forward state=completed elapsed_seconds=35.934 rss_mb=1304.7
[timing] abl.forward state=completed elapsed_seconds=35.940 rss_mb=1304.7
[timing] abl.complete state=started rss_mb=1304.7
[timing] baseline_ablation.complete state=started rss_mb=1304.7
[timing] ablation.baseline.load state=started rss_mb=1304.7
[timing] baseline_ablation._saved_vectors state=started rss_mb=1304.7
[timing] ablation.baseline.saved_vectors state=started rss_mb=1304.7
[timing] ablation.baseline.saved_vectors state=completed elapsed_seconds=0.009 rss_mb=1304.7
[timing] baseline_ablation._saved_vectors state=completed elapsed_seconds=0.012 rss_mb=1304.7
[timing] baseline_ablation._dev_scores state=started rss_mb=1304.7
[timing] ablation.baseline.dev_scores state=started rss_mb=1304.7
[timing] train.load_pairs state=started rss_mb=1304.7
[timing] train.load_pairs state=completed elapsed_seconds=0.009 rss_mb=1304.7
[timing] ablation.baseline.dev_scores state=completed elapsed_seconds=0.010 rss_mb=1304.7
[timing] baseline_ablation._dev_scores state=completed elapsed_seconds=0.016 rss_mb=1304.7
[timing] ablation.baseline.load state=completed elapsed_seconds=0.069 rss_mb=1304.7
[timing] ablation.baseline.calibration state=started rss_mb=1304.7
[timing] baseline_ablation._calibrated_calibration state=started rss_mb=1304.7
[timing] ablation.baseline.calibrate state=started rss_mb=1304.7
[timing] ablation.baseline.calibrate state=completed elapsed_seconds=0.003 rss_mb=1304.7
[timing] baseline_ablation._calibrated_calibration state=completed elapsed_seconds=0.008 rss_mb=1304.7
[timing] baseline_ablation._frozen_calibration state=started rss_mb=1304.7
[timing] ablation.baseline.seal state=started rss_mb=1304.7
[timing] ablation.baseline.seal state=completed elapsed_seconds=0.000 rss_mb=1304.7
[timing] baseline_ablation._frozen_calibration state=completed elapsed_seconds=0.001 rss_mb=1304.7
[timing] baseline_ablation._frozen_report state=started rss_mb=1304.7
[timing] ablation.baseline.frozen_report state=started rss_mb=1304.7
[timing] ablation.report state=started rss_mb=1304.7
[timing] ablation.report.comparison state=started rss_mb=1304.7
[timing] ablation._comparison_rows state=started rss_mb=1304.7
[timing] ablation._comparison_rows state=completed elapsed_seconds=0.454 rss_mb=1304.7
[timing] ablation.report.comparison state=completed elapsed_seconds=0.556 rss_mb=1304.7
[timing] ablation.report state=completed elapsed_seconds=0.647 rss_mb=1304.7
[timing] ablation.baseline.frozen_report state=completed elapsed_seconds=0.647 rss_mb=1304.7
[timing] baseline_ablation._frozen_report state=completed elapsed_seconds=0.647 rss_mb=1304.7
[timing] baseline_ablation._persist_baseline state=started rss_mb=1304.7
[timing] ablation.baseline.persist state=started rss_mb=1304.7
[timing] ablation.baseline.persist state=completed elapsed_seconds=0.172 rss_mb=1304.7
[timing] baseline_ablation._persist_baseline state=completed elapsed_seconds=0.173 rss_mb=1304.7
[timing] ablation.baseline.calibration state=completed elapsed_seconds=0.843 rss_mb=1304.7
[timing] baseline_ablation.complete state=completed elapsed_seconds=0.927 rss_mb=1304.7
[timing] abl.complete state=completed elapsed_seconds=0.934 rss_mb=1304.7
