[timing] abl.forward state=started rss_mb=613.6
[timing] staged_ablation.forward state=started rss_mb=616.8
[timing] ablation_forward.bind_template state=started rss_mb=616.8
[timing] ablation_forward.bind_template state=completed elapsed_seconds=0.007 rss_mb=618.1
[timing] ablation_forward.rebind_checkpoint state=started rss_mb=618.1
[timing] ablation_forward.rebind_checkpoint state=completed elapsed_seconds=0.098 rss_mb=704.9
ablation forward bound track=text role=baseline
[timing] ablation_forward.write_bound_request state=started rss_mb=704.9
[timing] ablation_forward.write_bound_request state=completed elapsed_seconds=0.261 rss_mb=704.9
[timing] ablation_forward.vectors state=started rss_mb=704.9
[timing] ablation.encode state=started rss_mb=704.9
[timing] ablation.encode.text_vectors state=started rss_mb=704.9
[timing] ablation.encode.text_vectors state=completed elapsed_seconds=40.376 rss_mb=1259.8
[timing] ablation.encode.graph_encoder state=started rss_mb=1259.8
[timing] ablation.encode.graph_encoder state=completed elapsed_seconds=0.000 rss_mb=1259.8
[timing] ablation.encode.candidates state=started rss_mb=1259.8
[timing] ablation.encode.candidates state=completed elapsed_seconds=0.001 rss_mb=1259.8
[timing] ablation.encode.jobs state=started rss_mb=1259.8
[timing] ablation.encode.jobs state=completed elapsed_seconds=0.011 rss_mb=1259.8
[timing] ablation.encode.persist state=started rss_mb=1259.8
[timing] ablation.encode.persist state=completed elapsed_seconds=0.282 rss_mb=1259.8
[timing] ablation.encode state=completed elapsed_seconds=40.704 rss_mb=1259.8
[timing] ablation_forward.vectors state=completed elapsed_seconds=40.705 rss_mb=1259.8
[timing] staged_ablation.forward state=completed elapsed_seconds=41.072 rss_mb=1259.8
[timing] abl.forward state=completed elapsed_seconds=41.084 rss_mb=1259.8
[timing] abl.complete state=started rss_mb=1259.8
[timing] baseline_ablation.complete state=started rss_mb=1259.8
[timing] ablation.baseline.load state=started rss_mb=1259.8
[timing] train.load_pairs state=started rss_mb=1259.8
[timing] train.load_pairs state=completed elapsed_seconds=0.007 rss_mb=1259.8
[timing] ablation.baseline.load state=completed elapsed_seconds=0.069 rss_mb=1259.8
[timing] ablation.baseline.calibration state=started rss_mb=1259.8
[timing] ablation.report state=started rss_mb=1259.8
[timing] ablation.report.comparison state=started rss_mb=1259.8
[timing] ablation._comparison_rows state=started rss_mb=1259.8
[timing] ablation._comparison_rows state=completed elapsed_seconds=0.233 rss_mb=1259.8
[timing] ablation.report.comparison state=completed elapsed_seconds=0.341 rss_mb=1259.8
[timing] ablation.report state=completed elapsed_seconds=0.422 rss_mb=1259.8
[timing] ablation.baseline.calibration state=completed elapsed_seconds=2.956 rss_mb=1259.8
[timing] baseline_ablation.complete state=completed elapsed_seconds=3.032 rss_mb=1259.8
[timing] abl.complete state=completed elapsed_seconds=3.033 rss_mb=1259.8
[timing] abl.forward state=started rss_mb=1259.8
[timing] staged_ablation.forward state=started rss_mb=1259.8
[timing] ablation_forward.bind_template state=started rss_mb=1259.8
[timing] ablation_forward.bind_template state=completed elapsed_seconds=0.007 rss_mb=1259.8
[timing] ablation_forward.rebind_checkpoint state=started rss_mb=1259.8
[timing] ablation_forward.rebind_checkpoint state=completed elapsed_seconds=0.001 rss_mb=1259.8
ablation forward bound track=text role=baseline
[timing] ablation_forward.write_bound_request state=started rss_mb=1259.8
[timing] ablation_forward.write_bound_request state=completed elapsed_seconds=0.257 rss_mb=1259.8
[timing] ablation_forward.vectors state=started rss_mb=1259.8
[timing] ablation.encode state=started rss_mb=1259.8
[timing] ablation.encode.text_vectors state=started rss_mb=1259.8
[timing] ablation.encode.text_vectors state=completed elapsed_seconds=29.098 rss_mb=1315.7
[timing] ablation.encode.graph_encoder state=started rss_mb=1315.7
[timing] ablation.encode.graph_encoder state=completed elapsed_seconds=0.000 rss_mb=1315.7
[timing] ablation.encode.candidates state=started rss_mb=1315.7
[timing] ablation.encode.candidates state=completed elapsed_seconds=0.001 rss_mb=1315.7
[timing] ablation.encode.jobs state=started rss_mb=1315.7
[timing] ablation.encode.jobs state=completed elapsed_seconds=0.010 rss_mb=1315.7
[timing] ablation.encode.persist state=started rss_mb=1315.7
[timing] ablation.encode.persist state=completed elapsed_seconds=0.288 rss_mb=1315.7
[timing] ablation.encode state=completed elapsed_seconds=29.418 rss_mb=1315.7
[timing] ablation_forward.vectors state=completed elapsed_seconds=29.418 rss_mb=1315.7
[timing] staged_ablation.forward state=completed elapsed_seconds=29.686 rss_mb=1315.7
[timing] abl.forward state=completed elapsed_seconds=29.694 rss_mb=1315.7
[timing] abl.complete state=started rss_mb=1315.7
[timing] baseline_ablation.complete state=started rss_mb=1315.7
[timing] ablation.baseline.load state=started rss_mb=1315.7
[timing] train.load_pairs state=started rss_mb=1315.7
[timing] train.load_pairs state=completed elapsed_seconds=0.006 rss_mb=1315.7
[timing] ablation.baseline.load state=completed elapsed_seconds=0.044 rss_mb=1315.7
[timing] ablation.baseline.calibration state=started rss_mb=1315.7
[timing] ablation.report state=started rss_mb=1315.7
[timing] ablation.report.comparison state=started rss_mb=1315.7
[timing] ablation._comparison_rows state=started rss_mb=1315.7
[timing] ablation._comparison_rows state=completed elapsed_seconds=0.255 rss_mb=1315.7
[timing] ablation.report.comparison state=completed elapsed_seconds=0.357 rss_mb=1315.7
[timing] ablation.report state=completed elapsed_seconds=0.435 rss_mb=1315.7
[timing] ablation.baseline.calibration state=completed elapsed_seconds=2.897 rss_mb=1315.7
[timing] baseline_ablation.complete state=completed elapsed_seconds=2.950 rss_mb=1315.7
[timing] abl.complete state=completed elapsed_seconds=2.951 rss_mb=1315.7
[timing] abl.forward state=started rss_mb=1315.7
[timing] staged_ablation.forward state=started rss_mb=1315.7
[timing] ablation_forward.bind_template state=started rss_mb=1315.7
[timing] ablation_forward.bind_template state=completed elapsed_seconds=0.008 rss_mb=1315.7
[timing] ablation_forward.rebind_checkpoint state=started rss_mb=1315.7
[timing] ablation_forward.rebind_checkpoint state=completed elapsed_seconds=0.001 rss_mb=1315.7
ablation forward bound track=text role=baseline
[timing] ablation_forward.write_bound_request state=started rss_mb=1315.7
[timing] ablation_forward.write_bound_request state=completed elapsed_seconds=0.286 rss_mb=1315.7
[timing] ablation_forward.vectors state=started rss_mb=1315.7
[timing] ablation.encode state=started rss_mb=1315.7
[timing] ablation.encode.text_vectors state=started rss_mb=1315.7
[timing] ablation.encode.text_vectors state=completed elapsed_seconds=34.467 rss_mb=1315.7
[timing] ablation.encode.graph_encoder state=started rss_mb=1315.7
[timing] ablation.encode.graph_encoder state=completed elapsed_seconds=0.000 rss_mb=1315.7
[timing] ablation.encode.candidates state=started rss_mb=1315.7
[timing] ablation.encode.candidates state=completed elapsed_seconds=0.001 rss_mb=1315.7
[timing] ablation.encode.jobs state=started rss_mb=1315.7
[timing] ablation.encode.jobs state=completed elapsed_seconds=0.020 rss_mb=1315.7
[timing] ablation.encode.persist state=started rss_mb=1315.7
[timing] ablation.encode.persist state=completed elapsed_seconds=0.450 rss_mb=1315.7
[timing] ablation.encode state=completed elapsed_seconds=34.964 rss_mb=1315.7
[timing] ablation_forward.vectors state=completed elapsed_seconds=34.965 rss_mb=1315.7
[timing] staged_ablation.forward state=completed elapsed_seconds=35.262 rss_mb=1315.7
[timing] abl.forward state=completed elapsed_seconds=35.271 rss_mb=1315.7
[timing] abl.complete state=started rss_mb=1315.7
[timing] baseline_ablation.complete state=started rss_mb=1315.7
[timing] ablation.baseline.load state=started rss_mb=1315.7
[timing] train.load_pairs state=started rss_mb=1315.7
[timing] train.load_pairs state=completed elapsed_seconds=0.012 rss_mb=1315.7
[timing] ablation.baseline.load state=completed elapsed_seconds=0.051 rss_mb=1315.7
[timing] ablation.baseline.calibration state=started rss_mb=1315.7
[timing] ablation.report state=started rss_mb=1315.7
[timing] ablation.report.comparison state=started rss_mb=1315.7
[timing] ablation._comparison_rows state=started rss_mb=1315.7
[timing] ablation._comparison_rows state=completed elapsed_seconds=0.554 rss_mb=1315.7
[timing] ablation.report.comparison state=completed elapsed_seconds=0.695 rss_mb=1315.7
[timing] ablation.report state=completed elapsed_seconds=0.819 rss_mb=1315.7
[timing] ablation.baseline.calibration state=completed elapsed_seconds=4.886 rss_mb=1315.7
[timing] baseline_ablation.complete state=completed elapsed_seconds=4.950 rss_mb=1315.7
[timing] abl.complete state=completed elapsed_seconds=4.951 rss_mb=1315.7
