[timing] abl.forward state=started rss_mb=686.4
[timing] baseline_ablation.forward state=started rss_mb=686.4
[timing] ablation.baseline.forward state=started rss_mb=686.4
[timing] staged_ablation.forward state=started rss_mb=689.7
[timing] ablation_forward.bind_template state=started rss_mb=689.7
[timing] ablation_forward.bind_template state=completed elapsed_seconds=0.013 rss_mb=691.1
[timing] ablation_forward.rebind_checkpoint state=started rss_mb=691.1
[timing] ablation_forward.rebind_checkpoint state=completed elapsed_seconds=0.135 rss_mb=777.9
ablation forward bound track=text role=baseline
[timing] ablation_forward.write_bound_request state=started rss_mb=777.9
[timing] ablation_forward.write_bound_request state=completed elapsed_seconds=0.257 rss_mb=777.9
[timing] ablation_forward.vectors state=started rss_mb=777.9
[timing] ablation.encode state=started rss_mb=777.9
[timing] ablation.encode.text_vectors state=started rss_mb=777.9
[timing] ablation.encode.text_vectors state=completed elapsed_seconds=31.740 rss_mb=1257.2
[timing] ablation.encode.graph_encoder state=started rss_mb=1257.2
[timing] ablation.encode.graph_encoder state=completed elapsed_seconds=0.000 rss_mb=1257.2
[timing] ablation.encode.candidates state=started rss_mb=1257.2
[timing] ablation.encode.candidates state=completed elapsed_seconds=0.001 rss_mb=1257.2
[timing] ablation.encode.jobs state=started rss_mb=1257.2
[timing] ablation.encode.jobs state=completed elapsed_seconds=0.014 rss_mb=1257.2
[timing] ablation.encode.persist state=started rss_mb=1257.2
[timing] ablation.encode.persist state=completed elapsed_seconds=0.333 rss_mb=1257.2
[timing] ablation.encode state=completed elapsed_seconds=32.123 rss_mb=1257.2
[timing] ablation_forward.vectors state=completed elapsed_seconds=32.127 rss_mb=1257.2
[timing] staged_ablation.forward state=completed elapsed_seconds=32.534 rss_mb=1257.2
[timing] ablation.baseline.forward state=completed elapsed_seconds=32.551 rss_mb=1257.2
[timing] baseline_ablation.forward state=completed elapsed_seconds=32.551 rss_mb=1257.2
[timing] abl.forward state=completed elapsed_seconds=32.553 rss_mb=1257.2
[timing] abl.complete state=started rss_mb=1257.2
[timing] baseline_ablation.complete state=started rss_mb=1257.2
[timing] ablation.baseline.load state=started rss_mb=1257.2
[timing] baseline_ablation._saved_vectors state=started rss_mb=1257.2
[timing] ablation.baseline.saved_vectors state=started rss_mb=1257.2
[timing] ablation.baseline.saved_vectors state=completed elapsed_seconds=0.006 rss_mb=1257.2
[timing] baseline_ablation._saved_vectors state=completed elapsed_seconds=0.007 rss_mb=1257.2
[timing] baseline_ablation._dev_scores state=started rss_mb=1257.2
[timing] ablation.baseline.dev_scores state=started rss_mb=1257.2
[timing] train.load_pairs state=started rss_mb=1257.2
[timing] train.load_pairs state=completed elapsed_seconds=0.007 rss_mb=1257.2
[timing] ablation.baseline.dev_scores state=completed elapsed_seconds=0.007 rss_mb=1257.2
[timing] baseline_ablation._dev_scores state=completed elapsed_seconds=0.008 rss_mb=1257.2
[timing] ablation.baseline.load state=completed elapsed_seconds=0.034 rss_mb=1257.2
[timing] ablation.baseline.calibration state=started rss_mb=1257.2
[timing] baseline_ablation._calibrated_calibration state=started rss_mb=1257.2
[timing] ablation.baseline.calibrate state=started rss_mb=1257.2
[timing] ablation.baseline.calibrate state=completed elapsed_seconds=0.035 rss_mb=1257.2
[timing] baseline_ablation._calibrated_calibration state=completed elapsed_seconds=0.036 rss_mb=1257.2
[timing] baseline_ablation._frozen_calibration state=started rss_mb=1257.2
[timing] ablation.baseline.seal state=started rss_mb=1257.2
[timing] ablation.baseline.seal state=completed elapsed_seconds=0.000 rss_mb=1257.2
[timing] baseline_ablation._frozen_calibration state=completed elapsed_seconds=0.001 rss_mb=1257.2
[timing] baseline_ablation._frozen_report state=started rss_mb=1257.2
[timing] ablation.baseline.frozen_report state=started rss_mb=1257.2
[timing] ablation.report state=started rss_mb=1257.2
[timing] ablation.report.comparison state=started rss_mb=1257.2
[timing] ablation._comparison_rows state=started rss_mb=1257.2
[timing] ablation._comparison_rows state=completed elapsed_seconds=0.282 rss_mb=1257.2
[timing] ablation.report.comparison state=completed elapsed_seconds=0.370 rss_mb=1257.2
[timing] ablation.report state=completed elapsed_seconds=0.456 rss_mb=1257.2
[timing] ablation.baseline.frozen_report state=completed elapsed_seconds=0.456 rss_mb=1257.2
[timing] baseline_ablation._frozen_report state=completed elapsed_seconds=0.457 rss_mb=1257.2
[timing] baseline_ablation._persist_baseline state=started rss_mb=1257.2
[timing] ablation.baseline.persist state=started rss_mb=1257.2
[timing] ablation.baseline.persist state=completed elapsed_seconds=2.722 rss_mb=1257.2
[timing] baseline_ablation._persist_baseline state=completed elapsed_seconds=2.722 rss_mb=1257.2
[timing] ablation.baseline.calibration state=completed elapsed_seconds=3.223 rss_mb=1257.2
[timing] baseline_ablation.complete state=completed elapsed_seconds=3.265 rss_mb=1257.2
[timing] abl.complete state=completed elapsed_seconds=3.265 rss_mb=1257.2
[timing] abl.forward state=started rss_mb=1257.2
[timing] baseline_ablation.forward state=started rss_mb=1257.2
[timing] ablation.baseline.forward state=started rss_mb=1257.2
[timing] staged_ablation.forward state=started rss_mb=1257.2
[timing] ablation_forward.bind_template state=started rss_mb=1257.2
[timing] ablation_forward.bind_template state=completed elapsed_seconds=0.010 rss_mb=1257.2
[timing] ablation_forward.rebind_checkpoint state=started rss_mb=1257.2
[timing] ablation_forward.rebind_checkpoint state=completed elapsed_seconds=0.001 rss_mb=1257.2
ablation forward bound track=text role=baseline
[timing] ablation_forward.write_bound_request state=started rss_mb=1257.2
[timing] ablation_forward.write_bound_request state=completed elapsed_seconds=0.260 rss_mb=1257.2
[timing] ablation_forward.vectors state=started rss_mb=1257.2
[timing] ablation.encode state=started rss_mb=1257.2
[timing] ablation.encode.text_vectors state=started rss_mb=1257.2
[timing] ablation.encode.text_vectors state=completed elapsed_seconds=30.986 rss_mb=1311.6
[timing] ablation.encode.graph_encoder state=started rss_mb=1311.6
[timing] ablation.encode.graph_encoder state=completed elapsed_seconds=0.000 rss_mb=1311.6
[timing] ablation.encode.candidates state=started rss_mb=1311.6
[timing] ablation.encode.candidates state=completed elapsed_seconds=0.000 rss_mb=1311.6
[timing] ablation.encode.jobs state=started rss_mb=1311.6
[timing] ablation.encode.jobs state=completed elapsed_seconds=0.020 rss_mb=1311.6
[timing] ablation.encode.persist state=started rss_mb=1311.6
[timing] ablation.encode.persist state=completed elapsed_seconds=0.617 rss_mb=1311.6
[timing] ablation.encode state=completed elapsed_seconds=31.657 rss_mb=1311.6
[timing] ablation_forward.vectors state=completed elapsed_seconds=31.657 rss_mb=1311.6
[timing] staged_ablation.forward state=completed elapsed_seconds=31.934 rss_mb=1311.6
[timing] ablation.baseline.forward state=completed elapsed_seconds=31.942 rss_mb=1311.6
[timing] baseline_ablation.forward state=completed elapsed_seconds=31.943 rss_mb=1311.6
[timing] abl.forward state=completed elapsed_seconds=31.944 rss_mb=1311.6
[timing] abl.complete state=started rss_mb=1311.6
[timing] baseline_ablation.complete state=started rss_mb=1311.6
[timing] ablation.baseline.load state=started rss_mb=1311.6
[timing] baseline_ablation._saved_vectors state=started rss_mb=1311.6
[timing] ablation.baseline.saved_vectors state=started rss_mb=1311.6
[timing] ablation.baseline.saved_vectors state=completed elapsed_seconds=0.006 rss_mb=1311.6
[timing] baseline_ablation._saved_vectors state=completed elapsed_seconds=0.007 rss_mb=1311.6
[timing] baseline_ablation._dev_scores state=started rss_mb=1311.6
[timing] ablation.baseline.dev_scores state=started rss_mb=1311.6
[timing] train.load_pairs state=started rss_mb=1311.6
[timing] train.load_pairs state=completed elapsed_seconds=0.012 rss_mb=1311.6
[timing] ablation.baseline.dev_scores state=completed elapsed_seconds=0.012 rss_mb=1311.6
[timing] baseline_ablation._dev_scores state=completed elapsed_seconds=0.012 rss_mb=1311.6
[timing] ablation.baseline.load state=completed elapsed_seconds=0.057 rss_mb=1311.6
[timing] ablation.baseline.calibration state=started rss_mb=1311.6
[timing] baseline_ablation._calibrated_calibration state=started rss_mb=1311.6
[timing] ablation.baseline.calibrate state=started rss_mb=1311.6
[timing] ablation.baseline.calibrate state=completed elapsed_seconds=0.006 rss_mb=1311.6
[timing] baseline_ablation._calibrated_calibration state=completed elapsed_seconds=0.010 rss_mb=1311.6
[timing] baseline_ablation._frozen_calibration state=started rss_mb=1311.6
[timing] ablation.baseline.seal state=started rss_mb=1311.6
[timing] ablation.baseline.seal state=completed elapsed_seconds=0.000 rss_mb=1311.6
[timing] baseline_ablation._frozen_calibration state=completed elapsed_seconds=0.001 rss_mb=1311.6
[timing] baseline_ablation._frozen_report state=started rss_mb=1311.6
[timing] ablation.baseline.frozen_report state=started rss_mb=1311.6
[timing] ablation.report state=started rss_mb=1311.6
[timing] ablation.report.comparison state=started rss_mb=1311.6
[timing] ablation._comparison_rows state=started rss_mb=1311.6
[timing] ablation._comparison_rows state=completed elapsed_seconds=0.505 rss_mb=1311.6
[timing] ablation.report.comparison state=completed elapsed_seconds=0.622 rss_mb=1311.6
[timing] ablation.report state=completed elapsed_seconds=0.738 rss_mb=1311.6
[timing] ablation.baseline.frozen_report state=completed elapsed_seconds=0.739 rss_mb=1311.6
[timing] baseline_ablation._frozen_report state=completed elapsed_seconds=0.739 rss_mb=1311.6
[timing] baseline_ablation._persist_baseline state=started rss_mb=1311.6
[timing] ablation.baseline.persist state=started rss_mb=1311.6
[timing] ablation.baseline.persist state=completed elapsed_seconds=3.385 rss_mb=1311.6
[timing] baseline_ablation._persist_baseline state=completed elapsed_seconds=3.392 rss_mb=1311.6
[timing] ablation.baseline.calibration state=completed elapsed_seconds=4.154 rss_mb=1311.6
[timing] baseline_ablation.complete state=completed elapsed_seconds=4.226 rss_mb=1311.6
[timing] abl.complete state=completed elapsed_seconds=4.226 rss_mb=1311.6
[timing] abl.forward state=started rss_mb=1311.6
[timing] baseline_ablation.forward state=started rss_mb=1311.6
[timing] ablation.baseline.forward state=started rss_mb=1311.6
[timing] staged_ablation.forward state=started rss_mb=1311.6
[timing] ablation_forward.bind_template state=started rss_mb=1311.6
[timing] ablation_forward.bind_template state=completed elapsed_seconds=0.013 rss_mb=1311.6
[timing] ablation_forward.rebind_checkpoint state=started rss_mb=1311.6
[timing] ablation_forward.rebind_checkpoint state=completed elapsed_seconds=0.001 rss_mb=1311.6
ablation forward bound track=text role=baseline
[timing] ablation_forward.write_bound_request state=started rss_mb=1311.6
[timing] ablation_forward.write_bound_request state=completed elapsed_seconds=0.405 rss_mb=1311.6
[timing] ablation_forward.vectors state=started rss_mb=1311.6
[timing] ablation.encode state=started rss_mb=1311.6
[timing] ablation.encode.text_vectors state=started rss_mb=1311.6
[timing] ablation.encode.text_vectors state=completed elapsed_seconds=43.555 rss_mb=1311.6
[timing] ablation.encode.graph_encoder state=started rss_mb=1311.6
[timing] ablation.encode.graph_encoder state=completed elapsed_seconds=0.004 rss_mb=1311.6
[timing] ablation.encode.candidates state=started rss_mb=1311.6
[timing] ablation.encode.candidates state=completed elapsed_seconds=0.001 rss_mb=1311.6
[timing] ablation.encode.jobs state=started rss_mb=1311.6
[timing] ablation.encode.jobs state=completed elapsed_seconds=0.021 rss_mb=1311.6
[timing] ablation.encode.persist state=started rss_mb=1311.6
[timing] ablation.encode.persist state=completed elapsed_seconds=0.402 rss_mb=1311.6
[timing] ablation.encode state=completed elapsed_seconds=44.013 rss_mb=1311.6
[timing] ablation_forward.vectors state=completed elapsed_seconds=44.015 rss_mb=1311.6
[timing] staged_ablation.forward state=completed elapsed_seconds=44.440 rss_mb=1311.6
[timing] ablation.baseline.forward state=completed elapsed_seconds=44.451 rss_mb=1311.6
[timing] baseline_ablation.forward state=completed elapsed_seconds=44.453 rss_mb=1311.6
[timing] abl.forward state=completed elapsed_seconds=44.453 rss_mb=1311.6
[timing] abl.complete state=started rss_mb=1311.6
[timing] baseline_ablation.complete state=started rss_mb=1311.6
[timing] ablation.baseline.load state=started rss_mb=1311.6
[timing] baseline_ablation._saved_vectors state=started rss_mb=1311.6
[timing] ablation.baseline.saved_vectors state=started rss_mb=1311.6
[timing] ablation.baseline.saved_vectors state=completed elapsed_seconds=0.006 rss_mb=1311.6
[timing] baseline_ablation._saved_vectors state=completed elapsed_seconds=0.007 rss_mb=1311.6
[timing] baseline_ablation._dev_scores state=started rss_mb=1311.6
[timing] ablation.baseline.dev_scores state=started rss_mb=1311.6
[timing] train.load_pairs state=started rss_mb=1311.6
[timing] train.load_pairs state=completed elapsed_seconds=0.007 rss_mb=1311.6
[timing] ablation.baseline.dev_scores state=completed elapsed_seconds=0.007 rss_mb=1311.6
[timing] baseline_ablation._dev_scores state=completed elapsed_seconds=0.007 rss_mb=1311.6
[timing] ablation.baseline.load state=completed elapsed_seconds=0.038 rss_mb=1311.6
[timing] ablation.baseline.calibration state=started rss_mb=1311.6
[timing] baseline_ablation._calibrated_calibration state=started rss_mb=1311.6
[timing] ablation.baseline.calibrate state=started rss_mb=1311.6
[timing] ablation.baseline.calibrate state=completed elapsed_seconds=0.006 rss_mb=1311.6
[timing] baseline_ablation._calibrated_calibration state=completed elapsed_seconds=0.006 rss_mb=1311.6
[timing] baseline_ablation._frozen_calibration state=started rss_mb=1311.6
[timing] ablation.baseline.seal state=started rss_mb=1311.6
[timing] ablation.baseline.seal state=completed elapsed_seconds=0.000 rss_mb=1311.6
[timing] baseline_ablation._frozen_calibration state=completed elapsed_seconds=0.001 rss_mb=1311.6
[timing] baseline_ablation._frozen_report state=started rss_mb=1311.6
[timing] ablation.baseline.frozen_report state=started rss_mb=1311.6
[timing] ablation.report state=started rss_mb=1311.6
[timing] ablation.report.comparison state=started rss_mb=1311.6
[timing] ablation._comparison_rows state=started rss_mb=1311.6
[timing] ablation._comparison_rows state=completed elapsed_seconds=0.459 rss_mb=1311.6
[timing] ablation.report.comparison state=completed elapsed_seconds=0.566 rss_mb=1311.6
[timing] ablation.report state=completed elapsed_seconds=0.677 rss_mb=1311.6
[timing] ablation.baseline.frozen_report state=completed elapsed_seconds=0.678 rss_mb=1311.6
[timing] baseline_ablation._frozen_report state=completed elapsed_seconds=0.678 rss_mb=1311.6
[timing] baseline_ablation._persist_baseline state=started rss_mb=1311.6
[timing] ablation.baseline.persist state=started rss_mb=1311.6
[timing] ablation.baseline.persist state=completed elapsed_seconds=4.735 rss_mb=1311.6
[timing] baseline_ablation._persist_baseline state=completed elapsed_seconds=4.739 rss_mb=1311.6
[timing] ablation.baseline.calibration state=completed elapsed_seconds=5.432 rss_mb=1311.6
[timing] baseline_ablation.complete state=completed elapsed_seconds=5.488 rss_mb=1311.6
[timing] abl.complete state=completed elapsed_seconds=5.489 rss_mb=1311.6
