[timing] abl.forward state=started rss_mb=659.6
[timing] baseline_ablation.forward state=started rss_mb=659.7
[timing] ablation.baseline.forward state=started rss_mb=659.7
[timing] staged_ablation.forward state=started rss_mb=663.0
[timing] ablation_forward.bind_template state=started rss_mb=663.0
[timing] ablation_forward.bind_template state=completed elapsed_seconds=0.014 rss_mb=664.5
[timing] ablation_forward.rebind_checkpoint state=started rss_mb=664.5
[timing] ablation_forward.rebind_checkpoint state=completed elapsed_seconds=0.172 rss_mb=751.2
ablation forward bound track=text role=baseline
[timing] ablation_forward.write_bound_request state=started rss_mb=751.2
[timing] ablation_forward.write_bound_request state=completed elapsed_seconds=0.547 rss_mb=751.2
[timing] ablation_forward.vectors state=started rss_mb=751.2
[timing] ablation.encode state=started rss_mb=751.2
[timing] ablation.encode.text_vectors state=started rss_mb=751.2
[timing] ablation.encode.text_vectors state=completed elapsed_seconds=68.588 rss_mb=1229.4
[timing] ablation.encode.graph_encoder state=started rss_mb=1229.4
[timing] ablation.encode.graph_encoder state=completed elapsed_seconds=0.000 rss_mb=1229.4
[timing] ablation.encode.candidates state=started rss_mb=1229.4
[timing] ablation.encode.candidates state=completed elapsed_seconds=0.001 rss_mb=1229.4
[timing] ablation.encode.jobs state=started rss_mb=1229.4
[timing] ablation.encode.jobs state=completed elapsed_seconds=0.016 rss_mb=1229.4
[timing] ablation.encode.persist state=started rss_mb=1229.4
[timing] ablation.encode.persist state=completed elapsed_seconds=0.472 rss_mb=1229.4
[timing] ablation.encode state=completed elapsed_seconds=69.159 rss_mb=1229.4
[timing] ablation_forward.vectors state=completed elapsed_seconds=69.160 rss_mb=1229.4
[timing] staged_ablation.forward state=completed elapsed_seconds=69.903 rss_mb=1229.4
[timing] ablation.baseline.forward state=completed elapsed_seconds=69.929 rss_mb=1229.4
[timing] baseline_ablation.forward state=completed elapsed_seconds=69.930 rss_mb=1229.4
[timing] abl.forward state=completed elapsed_seconds=69.933 rss_mb=1229.4
[timing] abl.complete state=started rss_mb=1229.4
[timing] baseline_ablation.complete state=started rss_mb=1229.4
[timing] ablation.baseline.load state=started rss_mb=1229.4
[timing] baseline_ablation._saved_vectors state=started rss_mb=1229.4
[timing] ablation.baseline.saved_vectors state=started rss_mb=1229.4
[timing] ablation.baseline.saved_vectors state=completed elapsed_seconds=0.010 rss_mb=1229.4
[timing] baseline_ablation._saved_vectors state=completed elapsed_seconds=0.016 rss_mb=1229.4
[timing] baseline_ablation._dev_scores state=started rss_mb=1229.4
[timing] ablation.baseline.dev_scores state=started rss_mb=1229.4
[timing] train.load_pairs state=started rss_mb=1229.4
[timing] train.load_pairs state=completed elapsed_seconds=0.013 rss_mb=1229.4
[timing] ablation.baseline.dev_scores state=completed elapsed_seconds=0.013 rss_mb=1229.4
[timing] baseline_ablation._dev_scores state=completed elapsed_seconds=0.014 rss_mb=1229.4
[timing] ablation.baseline.load state=completed elapsed_seconds=0.075 rss_mb=1229.4
[timing] ablation.baseline.calibration state=started rss_mb=1229.4
[timing] baseline_ablation._calibrated_calibration state=started rss_mb=1229.4
[timing] ablation.baseline.calibrate state=started rss_mb=1229.4
[timing] ablation.baseline.calibrate state=completed elapsed_seconds=0.079 rss_mb=1229.4
[timing] baseline_ablation._calibrated_calibration state=completed elapsed_seconds=0.080 rss_mb=1229.4
[timing] baseline_ablation._frozen_calibration state=started rss_mb=1229.4
[timing] ablation.baseline.seal state=started rss_mb=1229.4
[timing] ablation.baseline.seal state=completed elapsed_seconds=0.000 rss_mb=1229.4
[timing] baseline_ablation._frozen_calibration state=completed elapsed_seconds=0.001 rss_mb=1229.4
[timing] baseline_ablation._frozen_report state=started rss_mb=1229.4
[timing] ablation.baseline.frozen_report state=started rss_mb=1229.4
[timing] ablation.report state=started rss_mb=1229.4
[timing] ablation.report.comparison state=started rss_mb=1229.4
[timing] ablation._comparison_rows state=started rss_mb=1229.4
[timing] ablation._comparison_rows state=completed elapsed_seconds=0.766 rss_mb=1229.4
[timing] ablation.report.comparison state=completed elapsed_seconds=0.967 rss_mb=1229.4
[timing] ablation.report state=completed elapsed_seconds=1.132 rss_mb=1229.4
[timing] ablation.baseline.frozen_report state=completed elapsed_seconds=1.138 rss_mb=1229.4
[timing] baseline_ablation._frozen_report state=completed elapsed_seconds=1.145 rss_mb=1229.4
[timing] baseline_ablation._persist_baseline state=started rss_mb=1229.4
[timing] ablation.baseline.persist state=started rss_mb=1229.4
[timing] ablation.baseline.persist state=completed elapsed_seconds=5.408 rss_mb=1229.4
[timing] baseline_ablation._persist_baseline state=completed elapsed_seconds=5.409 rss_mb=1229.4
[timing] ablation.baseline.calibration state=completed elapsed_seconds=6.652 rss_mb=1229.4
[timing] baseline_ablation.complete state=completed elapsed_seconds=6.744 rss_mb=1229.4
[timing] abl.complete state=completed elapsed_seconds=6.744 rss_mb=1229.4
[timing] abl.forward state=started rss_mb=1229.4
[timing] baseline_ablation.forward state=started rss_mb=1229.4
[timing] ablation.baseline.forward state=started rss_mb=1229.4
[timing] staged_ablation.forward state=started rss_mb=1229.4
[timing] ablation_forward.bind_template state=started rss_mb=1229.4
[timing] ablation_forward.bind_template state=completed elapsed_seconds=0.009 rss_mb=1229.4
[timing] ablation_forward.rebind_checkpoint state=started rss_mb=1229.4
[timing] ablation_forward.rebind_checkpoint state=completed elapsed_seconds=0.001 rss_mb=1229.4
ablation forward bound track=text role=baseline
[timing] ablation_forward.write_bound_request state=started rss_mb=1229.4
[timing] ablation_forward.write_bound_request state=completed elapsed_seconds=0.447 rss_mb=1229.4
[timing] ablation_forward.vectors state=started rss_mb=1229.4
[timing] ablation.encode state=started rss_mb=1229.4
[timing] ablation.encode.text_vectors state=started rss_mb=1229.4
[timing] ablation.encode.text_vectors state=completed elapsed_seconds=50.618 rss_mb=1280.4
[timing] ablation.encode.graph_encoder state=started rss_mb=1280.4
[timing] ablation.encode.graph_encoder state=completed elapsed_seconds=0.000 rss_mb=1280.4
[timing] ablation.encode.candidates state=started rss_mb=1280.4
[timing] ablation.encode.candidates state=completed elapsed_seconds=0.000 rss_mb=1280.4
[timing] ablation.encode.jobs state=started rss_mb=1280.4
[timing] ablation.encode.jobs state=completed elapsed_seconds=0.018 rss_mb=1280.4
[timing] ablation.encode.persist state=started rss_mb=1280.4
[timing] ablation.encode.persist state=completed elapsed_seconds=0.710 rss_mb=1280.4
[timing] ablation.encode state=completed elapsed_seconds=51.370 rss_mb=1280.4
[timing] ablation_forward.vectors state=completed elapsed_seconds=51.371 rss_mb=1280.4
[timing] staged_ablation.forward state=completed elapsed_seconds=51.831 rss_mb=1280.4
[timing] ablation.baseline.forward state=completed elapsed_seconds=51.837 rss_mb=1280.4
[timing] baseline_ablation.forward state=completed elapsed_seconds=51.838 rss_mb=1280.4
[timing] abl.forward state=completed elapsed_seconds=51.839 rss_mb=1280.4
[timing] abl.complete state=started rss_mb=1280.4
[timing] baseline_ablation.complete state=started rss_mb=1280.4
[timing] ablation.baseline.load state=started rss_mb=1280.4
[timing] baseline_ablation._saved_vectors state=started rss_mb=1280.4
[timing] ablation.baseline.saved_vectors state=started rss_mb=1280.4
[timing] ablation.baseline.saved_vectors state=completed elapsed_seconds=0.016 rss_mb=1280.4
[timing] baseline_ablation._saved_vectors state=completed elapsed_seconds=0.017 rss_mb=1280.4
[timing] baseline_ablation._dev_scores state=started rss_mb=1280.4
[timing] ablation.baseline.dev_scores state=started rss_mb=1280.4
[timing] train.load_pairs state=started rss_mb=1280.4
[timing] train.load_pairs state=completed elapsed_seconds=0.010 rss_mb=1280.4
[timing] ablation.baseline.dev_scores state=completed elapsed_seconds=0.011 rss_mb=1280.4
[timing] baseline_ablation._dev_scores state=completed elapsed_seconds=0.013 rss_mb=1280.4
[timing] ablation.baseline.load state=completed elapsed_seconds=0.064 rss_mb=1280.4
[timing] ablation.baseline.calibration state=started rss_mb=1280.4
[timing] baseline_ablation._calibrated_calibration state=started rss_mb=1280.4
[timing] ablation.baseline.calibrate state=started rss_mb=1280.4
[timing] ablation.baseline.calibrate state=completed elapsed_seconds=0.008 rss_mb=1280.4
[timing] baseline_ablation._calibrated_calibration state=completed elapsed_seconds=0.010 rss_mb=1280.4
[timing] baseline_ablation._frozen_calibration state=started rss_mb=1280.4
[timing] ablation.baseline.seal state=started rss_mb=1280.4
[timing] ablation.baseline.seal state=completed elapsed_seconds=0.001 rss_mb=1280.4
[timing] baseline_ablation._frozen_calibration state=completed elapsed_seconds=0.001 rss_mb=1280.4
[timing] baseline_ablation._frozen_report state=started rss_mb=1280.4
[timing] ablation.baseline.frozen_report state=started rss_mb=1280.4
[timing] ablation.report state=started rss_mb=1280.4
[timing] ablation.report.comparison state=started rss_mb=1280.4
[timing] ablation._comparison_rows state=started rss_mb=1280.4
[timing] ablation._comparison_rows state=completed elapsed_seconds=0.617 rss_mb=1280.4
[timing] ablation.report.comparison state=completed elapsed_seconds=0.813 rss_mb=1280.4
[timing] ablation.report state=completed elapsed_seconds=0.996 rss_mb=1280.4
[timing] ablation.baseline.frozen_report state=completed elapsed_seconds=0.999 rss_mb=1280.4
[timing] baseline_ablation._frozen_report state=completed elapsed_seconds=1.002 rss_mb=1280.4
[timing] baseline_ablation._persist_baseline state=started rss_mb=1280.4
[timing] ablation.baseline.persist state=started rss_mb=1280.4
[timing] ablation.baseline.persist state=completed elapsed_seconds=5.883 rss_mb=1280.4
[timing] baseline_ablation._persist_baseline state=completed elapsed_seconds=5.883 rss_mb=1280.4
[timing] ablation.baseline.calibration state=completed elapsed_seconds=6.910 rss_mb=1280.4
[timing] baseline_ablation.complete state=completed elapsed_seconds=7.004 rss_mb=1280.4
[timing] abl.complete state=completed elapsed_seconds=7.009 rss_mb=1280.4
[timing] abl.forward state=started rss_mb=1280.4
[timing] baseline_ablation.forward state=started rss_mb=1280.4
[timing] ablation.baseline.forward state=started rss_mb=1280.4
[timing] staged_ablation.forward state=started rss_mb=1280.4
[timing] ablation_forward.bind_template state=started rss_mb=1280.4
[timing] ablation_forward.bind_template state=completed elapsed_seconds=0.020 rss_mb=1280.4
[timing] ablation_forward.rebind_checkpoint state=started rss_mb=1280.4
[timing] ablation_forward.rebind_checkpoint state=completed elapsed_seconds=0.001 rss_mb=1280.4
ablation forward bound track=text role=baseline
[timing] ablation_forward.write_bound_request state=started rss_mb=1280.4
[timing] ablation_forward.write_bound_request state=completed elapsed_seconds=0.562 rss_mb=1280.4
[timing] ablation_forward.vectors state=started rss_mb=1280.4
[timing] ablation.encode state=started rss_mb=1280.4
[timing] ablation.encode.text_vectors state=started rss_mb=1280.4
[timing] ablation.encode.text_vectors state=completed elapsed_seconds=46.073 rss_mb=1280.4
[timing] ablation.encode.graph_encoder state=started rss_mb=1280.4
[timing] ablation.encode.graph_encoder state=completed elapsed_seconds=0.000 rss_mb=1280.4
[timing] ablation.encode.candidates state=started rss_mb=1280.4
[timing] ablation.encode.candidates state=completed elapsed_seconds=0.000 rss_mb=1280.4
[timing] ablation.encode.jobs state=started rss_mb=1280.4
[timing] ablation.encode.jobs state=completed elapsed_seconds=0.010 rss_mb=1280.4
[timing] ablation.encode.persist state=started rss_mb=1280.4
[timing] ablation.encode.persist state=completed elapsed_seconds=0.795 rss_mb=1280.4
[timing] ablation.encode state=completed elapsed_seconds=46.921 rss_mb=1280.4
[timing] ablation_forward.vectors state=completed elapsed_seconds=46.922 rss_mb=1280.4
[timing] staged_ablation.forward state=completed elapsed_seconds=47.522 rss_mb=1280.4
[timing] ablation.baseline.forward state=completed elapsed_seconds=47.532 rss_mb=1280.4
[timing] baseline_ablation.forward state=completed elapsed_seconds=47.535 rss_mb=1280.4
[timing] abl.forward state=completed elapsed_seconds=47.550 rss_mb=1280.4
[timing] abl.complete state=started rss_mb=1280.4
[timing] baseline_ablation.complete state=started rss_mb=1280.4
[timing] ablation.baseline.load state=started rss_mb=1280.4
[timing] baseline_ablation._saved_vectors state=started rss_mb=1280.4
[timing] ablation.baseline.saved_vectors state=started rss_mb=1280.4
[timing] ablation.baseline.saved_vectors state=completed elapsed_seconds=0.025 rss_mb=1280.4
[timing] baseline_ablation._saved_vectors state=completed elapsed_seconds=0.026 rss_mb=1280.4
[timing] baseline_ablation._dev_scores state=started rss_mb=1280.4
[timing] ablation.baseline.dev_scores state=started rss_mb=1280.4
[timing] train.load_pairs state=started rss_mb=1280.4
[timing] train.load_pairs state=completed elapsed_seconds=0.015 rss_mb=1280.4
[timing] ablation.baseline.dev_scores state=completed elapsed_seconds=0.015 rss_mb=1280.4
[timing] baseline_ablation._dev_scores state=completed elapsed_seconds=0.017 rss_mb=1280.4
[timing] ablation.baseline.load state=completed elapsed_seconds=0.110 rss_mb=1280.4
[timing] ablation.baseline.calibration state=started rss_mb=1280.4
[timing] baseline_ablation._calibrated_calibration state=started rss_mb=1280.4
[timing] ablation.baseline.calibrate state=started rss_mb=1280.4
[timing] ablation.baseline.calibrate state=completed elapsed_seconds=0.007 rss_mb=1280.4
[timing] baseline_ablation._calibrated_calibration state=completed elapsed_seconds=0.011 rss_mb=1280.4
[timing] baseline_ablation._frozen_calibration state=started rss_mb=1280.4
[timing] ablation.baseline.seal state=started rss_mb=1280.4
[timing] ablation.baseline.seal state=completed elapsed_seconds=0.000 rss_mb=1280.4
[timing] baseline_ablation._frozen_calibration state=completed elapsed_seconds=0.002 rss_mb=1280.4
[timing] baseline_ablation._frozen_report state=started rss_mb=1280.4
[timing] ablation.baseline.frozen_report state=started rss_mb=1280.4
[timing] ablation.report state=started rss_mb=1280.4
[timing] ablation.report.comparison state=started rss_mb=1280.4
[timing] ablation._comparison_rows state=started rss_mb=1280.4
[timing] ablation._comparison_rows state=completed elapsed_seconds=0.565 rss_mb=1280.4
[timing] ablation.report.comparison state=completed elapsed_seconds=0.722 rss_mb=1280.4
[timing] ablation.report state=completed elapsed_seconds=0.894 rss_mb=1280.4
[timing] ablation.baseline.frozen_report state=completed elapsed_seconds=0.895 rss_mb=1280.4
[timing] baseline_ablation._frozen_report state=completed elapsed_seconds=0.895 rss_mb=1280.4
[timing] baseline_ablation._persist_baseline state=started rss_mb=1280.4
[timing] ablation.baseline.persist state=started rss_mb=1280.4
[timing] ablation.baseline.persist state=completed elapsed_seconds=4.743 rss_mb=1280.4
[timing] baseline_ablation._persist_baseline state=completed elapsed_seconds=4.743 rss_mb=1280.4
[timing] ablation.baseline.calibration state=completed elapsed_seconds=5.670 rss_mb=1280.4
[timing] baseline_ablation.complete state=completed elapsed_seconds=5.799 rss_mb=1280.4
[timing] abl.complete state=completed elapsed_seconds=5.807 rss_mb=1280.4
