{
  "round": 8,
  "completed_calls": 1000,
  "unique_pairs": 900,
  "score_bands": {
    "different": "<=0.2",
    "same": ">=0.8",
    "uncertain": "between"
  },
  "training_label_and_gate_transition": {
    "current_training_pairs|label_0|hard_no->hard_no": {
      "pairs": 160,
      "mean_score": 0.0423125,
      "score_buckets": {
        "different": 158,
        "uncertain": 2
      }
    },
    "current_training_pairs|label_1|proceed->proceed": {
      "pairs": 640,
      "mean_score": 0.255390625,
      "score_buckets": {
        "different": 387,
        "uncertain": 210,
        "same": 43
      }
    },
    "lost_positive_partners|label_0|hard_no->hard_no": {
      "pairs": 28,
      "mean_score": 0.06857142857142857,
      "score_buckets": {
        "different": 26,
        "uncertain": 2
      }
    },
    "lost_positive_partners|label_None|fallback->fallback": {
      "pairs": 50,
      "mean_score": 0.062,
      "score_buckets": {
        "different": 47,
        "uncertain": 3
      }
    },
    "lost_positive_partners|label_None|hard_no->hard_no": {
      "pairs": 16,
      "mean_score": 0.0225,
      "score_buckets": {
        "different": 16
      }
    },
    "lost_positive_partners|label_None|proceed->proceed": {
      "pairs": 6,
      "mean_score": 0.27666666666666667,
      "score_buckets": {
        "different": 3,
        "uncertain": 3
      }
    }
  },
  "weighted_fresh_training_population": {
    "0": {
      "eligible_population": 7439,
      "mean_score": 0.04247943271945151,
      "bucket_fractions": {
        "same": 0.0,
        "different": 0.9874999999999999,
        "uncertain": 0.01249999999999997
      }
    },
    "1": {
      "eligible_population": 677,
      "mean_score": 0.2551280745865531,
      "bucket_fractions": {
        "same": 0.06725137664002036,
        "different": 0.6056367571031299,
        "uncertain": 0.32711186625684147
      }
    }
  },
  "weighted_lost_positive_partners": {
    "eligible_population": 6256,
    "mean_score": 0.03195073905521287,
    "bucket_fractions": {
      "same": 0.0,
      "different": 0.9924672314578005,
      "uncertain": 0.007532768542199489
    }
  },
  "errors_in_checkpoint": {},
  "meaning": "JEV judgments of exact retail-product identity; training labels are gate-derived. Current-training estimates cover fresh eligible training pairs after separately sampled lost-positive diagnostics are reserved; lost-positive estimates cover their separate fresh eligible population. Swapped calls excluded from primary estimates. Score bands are reporting conventions, not calibrated truth probabilities. No score is transferred to a different partner."
}
Order checks: {'pairs': 100, 'bucket_changes': 8, 'gaps_at_least_0_2': 5}
