{
  "comparison_unit": "item with its old and new partner sets",
  "items_compared": 13216,
  "items_added": 0,
  "items_removed": 0,
  "items_with_changed_labeled_partner_sets": 5775,
  "items_losing_positive_partners": 4821,
  "items_gaining_positive_partners": 75,
  "items_with_no_old_eligible_partners": 5417,
  "items_with_no_new_eligible_partners": 7937,
  "items_losing_all_eligible_partners": 2732,
  "previous_run_item_cohorts": [
    {
      "round": 1,
      "historical_items": 159,
      "items_in_fixed_census": 159,
      "items_with_changed_partner_sets": 125,
      "old_positive_partner_links": 722,
      "new_positive_partner_links": 49,
      "old_negative_partner_links": 370,
      "new_negative_partner_links": 353,
      "items_without_new_eligible_partners": 70
    },
    {
      "round": 2,
      "historical_items": 109,
      "items_in_fixed_census": 109,
      "items_with_changed_partner_sets": 90,
      "old_positive_partner_links": 446,
      "new_positive_partner_links": 42,
      "old_negative_partner_links": 108,
      "new_negative_partner_links": 137,
      "items_without_new_eligible_partners": 55
    },
    {
      "round": 3,
      "historical_items": 861,
      "items_in_fixed_census": 861,
      "items_with_changed_partner_sets": 512,
      "old_positive_partner_links": 2015,
      "new_positive_partner_links": 219,
      "old_negative_partner_links": 1968,
      "new_negative_partner_links": 1960,
      "items_without_new_eligible_partners": 364
    },
    {
      "round": 4,
      "historical_items": 851,
      "items_in_fixed_census": 851,
      "items_with_changed_partner_sets": 525,
      "old_positive_partner_links": 2214,
      "new_positive_partner_links": 290,
      "old_negative_partner_links": 1986,
      "new_negative_partner_links": 1996,
      "items_without_new_eligible_partners": 341
    },
    {
      "round": 5,
      "historical_items": 2,
      "items_in_fixed_census": 2,
      "items_with_changed_partner_sets": 0,
      "old_positive_partner_links": 4,
      "new_positive_partner_links": 4,
      "old_negative_partner_links": 10,
      "new_negative_partner_links": 10,
      "items_without_new_eligible_partners": 0
    },
    {
      "round": 6,
      "historical_items": 187,
      "items_in_fixed_census": 187,
      "items_with_changed_partner_sets": 114,
      "old_positive_partner_links": 492,
      "new_positive_partner_links": 59,
      "old_negative_partner_links": 517,
      "new_negative_partner_links": 503,
      "items_without_new_eligible_partners": 76
    },
    {
      "round": 7,
      "historical_items": 1364,
      "items_in_fixed_census": 1364,
      "items_with_changed_partner_sets": 1215,
      "old_positive_partner_links": 6116,
      "new_positive_partner_links": 581,
      "old_negative_partner_links": 4300,
      "new_negative_partner_links": 4053,
      "items_without_new_eligible_partners": 420
    }
  ],
  "current_artifact_sha256": {
    "data/canonical_records.csv": "d52ccbb875a501c233f880d30b33d7d3c8b05c1070d3349bc16e74b809be5853",
    "data/gate_results.csv": "cc695d002edb74534f90b89856545ec79cc82286226a2abe12c04d78dafb4c97",
    "data/labeled_pairs.csv": "7cec791e059086d6758fc286b1b222e6b7de79b564b509a2b1f26ad50ebd8843"
  },
  "meaning": "Complete canonical-item census, including items with no candidates or labels. Positive and negative partners follow each snapshot's configured gate-derived labeled population. Partner-link counts count both endpoints and are not independent pair counts. Historical run cohorts reuse their item IDs, then obtain partners from each complete old/new catalog; saved pair judgments are not reassigned to new partners."
}
