{
  "round": 8,
  "gate_census": {
    "total_pairs": 135246,
    "hard_no": 115766,
    "fallback": 18551,
    "proceed": 929
  },
  "gate_pair_population": {
    "both": 135246,
    "left_only": 0,
    "right_only": 0
  },
  "gate_transitions": {
    "hard_no->hard_no": 102388,
    "fallback->fallback": 10377,
    "hard_no->fallback": 2967,
    "proceed->fallback": 5207,
    "proceed->proceed": 895,
    "fallback->hard_no": 6747,
    "proceed->hard_no": 6631,
    "fallback->proceed": 19,
    "hard_no->proceed": 15
  },
  "changed_gate_pairs": 21586,
  "old_canonical_records": 13216,
  "new_canonical_records": 13216,
  "changed_canonical_fields": {
    "canonical": 4015,
    "volume_set": 0,
    "pack_set": 411,
    "flavor_set": 4002,
    "attribute_consistency_flags": 2406
  },
  "old_labels": {
    "1": 8071,
    "0": 7766
  },
  "new_labels": {
    "0": 7814,
    "1": 864
  },
  "label_population_changes": {
    "left_only": 8090,
    "both": 7747,
    "right_only": 931
  },
  "retained_pairs_changed_label": 68,
  "round_7_saved_jev_bands_by_rebuilt_gate": {
    "fallback|different": 441,
    "hard_no|different": 328,
    "hard_no|uncertain": 5,
    "fallback|uncertain": 27,
    "proceed|uncertain": 47,
    "proceed|different": 45,
    "proceed|same": 6,
    "fallback|same": 1
  },
  "source_sha256": {
    "dataset.csv": "539c247292de41d065a7e1b472a845cc122f95cee9087cf567099cf312fab88c",
    "data/canonical_records.csv": "d52ccbb875a501c233f880d30b33d7d3c8b05c1070d3349bc16e74b809be5853",
    "data/gate_results.csv": "cc695d002edb74534f90b89856545ec79cc82286226a2abe12c04d78dafb4c97",
    "data/labeled_pairs.csv": "7cec791e059086d6758fc286b1b222e6b7de79b564b509a2b1f26ad50ebd8843"
  },
  "meaning": "Rebuilt gate-derived training labels, not new human or JEV truth labels. Previous CSVs remain in before/. Stored retailer descriptions are short captured fields. Existing prepared training bundles require fresh preparation before training."
}
