{
  "round": 8,
  "gate_census": {
    "total_pairs": 135246,
    "hard_no": 115766,
    "fallback": 19143,
    "proceed": 337
  },
  "gate_pair_population": {
    "both": 135246,
    "left_only": 0,
    "right_only": 0
  },
  "gate_transitions": {
    "hard_no->hard_no": 115766,
    "fallback->fallback": 18551,
    "proceed->proceed": 337,
    "proceed->fallback": 592
  },
  "changed_gate_pairs": 592,
  "old_canonical_records": 13216,
  "new_canonical_records": 13216,
  "changed_canonical_fields": {
    "canonical": 7,
    "volume_set": 0,
    "pack_set": 0,
    "flavor_set": 0,
    "attribute_consistency_flags": 8
  },
  "old_labels": {
    "0": 7814,
    "1": 864
  },
  "new_labels": {
    "0": 606,
    "1": 197
  },
  "label_population_changes": {
    "left_only": 7984,
    "both": 694,
    "right_only": 109
  },
  "retained_pairs_changed_label": 0,
  "round_7_saved_jev_bands_by_rebuilt_gate": {
    "fallback|different": 473,
    "hard_no|different": 328,
    "hard_no|uncertain": 5,
    "fallback|uncertain": 47,
    "proceed|uncertain": 27,
    "proceed|different": 13,
    "fallback|same": 3,
    "proceed|same": 4
  },
  "source_sha256": {
    "dataset.csv": "539c247292de41d065a7e1b472a845cc122f95cee9087cf567099cf312fab88c",
    "data/canonical_records.csv": "2135894d363cdc669f6b6a7b27a3896a67f16a3b18cc17eb7cea3051a3487402",
    "data/gate_results.csv": "d54f782701e6e8a3bc58dcac36dc02d7118e32f4f16e2ae7343e0d6c0699134d",
    "data/labeled_pairs.csv": "5f75706dcbcfb7c495938e638957fe86bc95f77d5e8189e54d27975228dfc25d"
  },
  "meaning": "Rebuilt gate-derived training labels, not new human or JEV truth labels. Previous CSVs remain in before/. Stored retailer descriptions are short captured fields. Existing prepared training bundles require fresh preparation before training."
}
