[timing] old_staged_ablation.prepare_suite state=started rss_mb=699.1
[timing] ablation_suite.freeze state=started rss_mb=699.1
[timing] ablation_suite.freeze state=completed elapsed_seconds=0.003 rss_mb=699.1
[timing] ablation_suite.support_vocabulary state=started rss_mb=699.1
[timing] prepared_inputs.load_plan state=started rss_mb=699.2
[timing] train.load_pairs state=started rss_mb=699.2
[timing] train.load_pairs state=completed elapsed_seconds=0.002 rss_mb=699.2
[timing] prepared_inputs.load_plan state=completed elapsed_seconds=0.010 rss_mb=699.3
[timing] ablation_suite.support_vocabulary state=completed elapsed_seconds=0.013 rss_mb=699.3
[timing] model_tracks.ablation_prepare load_support_and_vocabulary: 0.016s
[timing] ablation_suite.track_templates state=started rss_mb=699.3
ablation template building track=text
[timing] ablation.prepare state=started rss_mb=699.3
[timing] ablation.prepare.sources state=started rss_mb=699.3
[timing] ablation.prepare.sources state=completed elapsed_seconds=0.094 rss_mb=786.1
[timing] ablation.prepare.cohort state=started rss_mb=786.1
[timing] ablation.prepare.cohort state=completed elapsed_seconds=0.238 rss_mb=786.1
[timing] ablation.prepare.baseline_variants state=started rss_mb=786.1
[timing] ablation.prepare.baseline_variants state=completed elapsed_seconds=0.000 rss_mb=786.1
[timing] ablation.prepare.candidates state=started rss_mb=786.1
[timing] ablation.prepare.candidates state=completed elapsed_seconds=0.000 rss_mb=786.1
[timing] ablation.prepare.persist state=started rss_mb=786.1
[timing] ablation_inputs.prepare_inputs state=started rss_mb=786.1
[timing] ablation_inputs.slice_groups state=started rss_mb=786.1
[timing] ablation_inputs.slice_groups state=completed elapsed_seconds=0.000 rss_mb=786.1
[timing] ablation_inputs.tokens state=started rss_mb=786.1
[timing] ablation_inputs.tokens state=completed elapsed_seconds=4.107 rss_mb=960.3
[timing] ablation_inputs.graph_topology state=started rss_mb=960.3
[timing] ablation_inputs.graph_topology state=completed elapsed_seconds=0.000 rss_mb=960.3
[timing] ablation_inputs.candidate_batches state=started rss_mb=960.3
[timing] ablation_inputs.candidate_batches state=completed elapsed_seconds=0.000 rss_mb=960.3
[timing] ablation_inputs.variant_jobs state=started rss_mb=960.3
[timing] ablation_inputs.variant_jobs state=completed elapsed_seconds=0.000 rss_mb=960.3
[timing] ablation_inputs.publish state=started rss_mb=960.3
[timing] ablation_inputs.publish state=completed elapsed_seconds=0.001 rss_mb=960.3
ablation inputs published token_batches=1 jobs=4
[timing] ablation_inputs.prepare_inputs state=completed elapsed_seconds=4.111 rss_mb=960.3
[timing] ablation.prepare.persist state=completed elapsed_seconds=4.132 rss_mb=960.3
[timing] ablation.prepare state=completed elapsed_seconds=4.465 rss_mb=960.3
[timing] model_tracks.ablation_prepare text_tokens_tensors_and_request: 4.477s
ablation template building track=gnn_only
[timing] ablation.prepare state=started rss_mb=960.3
[timing] ablation.prepare.sources state=started rss_mb=960.3
[timing] ablation.prepare.sources state=completed elapsed_seconds=0.003 rss_mb=960.3
[timing] ablation.prepare.cohort state=started rss_mb=960.3
[timing] ablation.prepare.cohort state=completed elapsed_seconds=0.236 rss_mb=960.3
[timing] ablation.prepare.baseline_variants state=started rss_mb=960.3
[timing] ablation.prepare.baseline_variants state=completed elapsed_seconds=0.001 rss_mb=960.3
[timing] ablation.prepare.candidates state=started rss_mb=960.3
[timing] ablation.prepare.candidates state=completed elapsed_seconds=0.000 rss_mb=960.3
[timing] ablation.prepare.persist state=started rss_mb=960.3
[timing] ablation_inputs.prepare_inputs state=started rss_mb=960.3
[timing] ablation_inputs.slice_groups state=started rss_mb=960.3
[timing] ablation_inputs.slice_groups state=completed elapsed_seconds=0.000 rss_mb=960.3
[timing] ablation_inputs.tokens state=started rss_mb=960.3
[timing] ablation_inputs.tokens state=completed elapsed_seconds=0.000 rss_mb=960.3
[timing] ablation_inputs.graph_topology state=started rss_mb=960.3
[timing] ablation_inputs.graph_topology state=completed elapsed_seconds=0.010 rss_mb=960.5
[timing] ablation_inputs.candidate_batches state=started rss_mb=960.5
[timing] ablation_inputs.candidate_batches state=completed elapsed_seconds=0.006 rss_mb=960.5
[timing] ablation_inputs.variant_jobs state=started rss_mb=960.5
[timing] ablation_inputs.variant_jobs state=completed elapsed_seconds=0.024 rss_mb=960.5
[timing] ablation_inputs.publish state=started rss_mb=960.5
[timing] ablation_inputs.publish state=completed elapsed_seconds=0.038 rss_mb=960.5
ablation inputs published token_batches=0 jobs=4
[timing] ablation_inputs.prepare_inputs state=completed elapsed_seconds=0.081 rss_mb=960.5
[timing] ablation.prepare.persist state=completed elapsed_seconds=0.101 rss_mb=960.5
[timing] ablation.prepare state=completed elapsed_seconds=0.344 rss_mb=960.5
[timing] model_tracks.ablation_prepare gnn_only_tokens_tensors_and_request: 0.372s
ablation template building track=hybrid
[timing] ablation.prepare state=started rss_mb=960.5
[timing] ablation.prepare.sources state=started rss_mb=960.5
[timing] ablation.prepare.sources state=completed elapsed_seconds=0.004 rss_mb=960.5
[timing] ablation.prepare.cohort state=started rss_mb=960.5
[timing] ablation.prepare.cohort state=completed elapsed_seconds=0.274 rss_mb=960.5
[timing] ablation.prepare.baseline_variants state=started rss_mb=960.5
[timing] ablation.prepare.baseline_variants state=completed elapsed_seconds=0.001 rss_mb=960.5
[timing] ablation.prepare.candidates state=started rss_mb=960.5
[timing] ablation.prepare.candidates state=completed elapsed_seconds=0.000 rss_mb=960.5
[timing] ablation.prepare.persist state=started rss_mb=960.5
[timing] ablation_inputs.prepare_inputs state=started rss_mb=960.5
[timing] ablation_inputs.slice_groups state=started rss_mb=960.5
[timing] ablation_inputs.slice_groups state=completed elapsed_seconds=0.000 rss_mb=960.5
[timing] ablation_inputs.tokens state=started rss_mb=960.5
[timing] ablation_inputs.tokens state=completed elapsed_seconds=0.055 rss_mb=961.8
[timing] ablation_inputs.graph_topology state=started rss_mb=961.8
[timing] ablation_inputs.graph_topology state=completed elapsed_seconds=0.009 rss_mb=962.0
[timing] ablation_inputs.candidate_batches state=started rss_mb=962.0
[timing] ablation_inputs.candidate_batches state=completed elapsed_seconds=0.005 rss_mb=962.0
[timing] ablation_inputs.variant_jobs state=started rss_mb=962.0
[timing] ablation_inputs.variant_jobs state=completed elapsed_seconds=0.026 rss_mb=962.0
[timing] ablation_inputs.publish state=started rss_mb=962.0
[timing] ablation_inputs.publish state=completed elapsed_seconds=0.038 rss_mb=962.0
ablation inputs published token_batches=1 jobs=10
[timing] ablation_inputs.prepare_inputs state=completed elapsed_seconds=0.137 rss_mb=962.0
[timing] ablation.prepare.persist state=completed elapsed_seconds=0.161 rss_mb=962.0
[timing] ablation.prepare state=completed elapsed_seconds=0.442 rss_mb=962.0
[timing] model_tracks.ablation_prepare hybrid_tokens_tensors_and_request: 0.465s
[timing] ablation_suite.track_templates state=completed elapsed_seconds=5.314 rss_mb=962.0
[timing] ablation_suite.cleanup_staging state=started rss_mb=962.0
[timing] ablation_suite.cleanup_staging state=completed elapsed_seconds=0.003 rss_mb=962.0
[timing] model_tracks.ablation_prepare cleanup_staging: 0.003s
[timing] old_staged_ablation.prepare_suite state=completed elapsed_seconds=5.334 rss_mb=962.0
[timing] old_staged_ablation.forward state=started rss_mb=962.0
[timing] ablation_forward.bind_template state=started rss_mb=962.0
[timing] ablation_forward.bind_template state=completed elapsed_seconds=0.002 rss_mb=962.0
[timing] ablation_forward.rebind_checkpoint state=started rss_mb=962.0
[timing] ablation_forward.rebind_checkpoint state=completed elapsed_seconds=0.000 rss_mb=962.0
ablation forward bound track=text role=selected
[timing] ablation_forward.write_bound_request state=started rss_mb=962.0
[timing] ablation_forward.write_bound_request state=completed elapsed_seconds=0.005 rss_mb=962.0
[timing] ablation_forward.vectors state=started rss_mb=962.0
[timing] ablation_forward.vectors state=completed elapsed_seconds=0.000 rss_mb=962.0
[timing] old_staged_ablation.forward state=completed elapsed_seconds=0.009 rss_mb=962.0
[timing] old_staged_ablation.forward state=started rss_mb=962.0
[timing] ablation_forward.bind_template state=started rss_mb=962.0
[timing] ablation_forward.bind_template state=completed elapsed_seconds=0.001 rss_mb=962.0
[timing] ablation_forward.graph_binding state=started rss_mb=962.0
[timing] ablation_forward.graph_binding state=completed elapsed_seconds=0.009 rss_mb=962.0
[timing] ablation_forward.rebind_checkpoint state=started rss_mb=962.0
[timing] ablation_forward.rebind_checkpoint state=completed elapsed_seconds=0.000 rss_mb=962.0
ablation forward bound track=gnn_only role=selected
[timing] ablation_forward.write_bound_request state=started rss_mb=962.0
[timing] ablation_forward.write_bound_request state=completed elapsed_seconds=0.006 rss_mb=962.0
[timing] ablation_forward.vectors state=started rss_mb=962.0
[timing] ablation_forward.vectors state=completed elapsed_seconds=0.000 rss_mb=962.0
[timing] old_staged_ablation.forward state=completed elapsed_seconds=0.018 rss_mb=962.0
[timing] old_staged_ablation.forward state=started rss_mb=962.0
[timing] ablation_forward.bind_template state=started rss_mb=962.0
[timing] ablation_forward.bind_template state=completed elapsed_seconds=0.001 rss_mb=962.0
[timing] ablation_forward.graph_binding state=started rss_mb=962.0
[timing] ablation_forward.graph_binding state=completed elapsed_seconds=0.009 rss_mb=962.0
[timing] ablation_forward.rebind_checkpoint state=started rss_mb=962.0
[timing] ablation_forward.rebind_checkpoint state=completed elapsed_seconds=0.000 rss_mb=962.0
ablation forward bound track=hybrid role=selected
[timing] ablation_forward.write_bound_request state=started rss_mb=962.0
[timing] ablation_forward.write_bound_request state=completed elapsed_seconds=0.008 rss_mb=962.0
[timing] ablation_forward.vectors state=started rss_mb=962.0
[timing] ablation_forward.vectors state=completed elapsed_seconds=0.000 rss_mb=962.0
[timing] old_staged_ablation.forward state=completed elapsed_seconds=0.022 rss_mb=962.0
[timing] staged_ablation.prepare_suite state=started rss_mb=962.0
[timing] ablation_suite.freeze state=started rss_mb=962.0
[timing] staged_ablation._freeze_suite state=started rss_mb=962.0
[timing] staged_ablation._cohort_gate state=started rss_mb=962.0
[timing] staged_ablation._cohort_gate state=completed elapsed_seconds=0.000 rss_mb=962.0
[timing] staged_ablation._freeze_config state=started rss_mb=962.0
[timing] staged_ablation._freeze_config state=completed elapsed_seconds=0.001 rss_mb=962.0
[timing] staged_ablation._freeze_suite state=completed elapsed_seconds=0.003 rss_mb=962.0
[timing] ablation_suite.freeze state=completed elapsed_seconds=0.003 rss_mb=962.0
[timing] ablation_suite.support_vocabulary state=started rss_mb=962.0
[timing] staged_ablation._frozen_support state=started rss_mb=962.0
[timing] ablation_support.load state=started rss_mb=962.0
[timing] prepared_inputs.load_plan state=started rss_mb=962.0
[timing] train.load_pairs state=started rss_mb=962.0
[timing] train.load_pairs state=completed elapsed_seconds=0.003 rss_mb=962.0
[timing] prepared_inputs.load_plan state=completed elapsed_seconds=0.011 rss_mb=962.0
[timing] ablation_support.load state=completed elapsed_seconds=0.015 rss_mb=962.0
[timing] staged_ablation._frozen_support state=completed elapsed_seconds=0.015 rss_mb=962.0
[timing] ablation_suite.support_vocabulary state=completed elapsed_seconds=0.015 rss_mb=962.0
[timing] model_tracks.ablation_prepare load_support_and_vocabulary: 0.018s
[timing] ablation_suite.track_templates state=started rss_mb=962.0
ablation template building track=text
[timing] staged_ablation._track_template state=started rss_mb=962.0
[timing] staged_ablation._template_checkpoint state=started rss_mb=962.0
[timing] staged_ablation._template_checkpoint state=completed elapsed_seconds=0.000 rss_mb=962.0
[timing] staged_ablation._track_request state=started rss_mb=962.0
[timing] ablation_template.request state=started rss_mb=962.0
[timing] ablation.prepare state=started rss_mb=962.0
[timing] ablation.prepare.sources state=started rss_mb=962.0
[timing] ablation.prepare.sources state=completed elapsed_seconds=0.003 rss_mb=962.0
[timing] ablation.prepare.cohort state=started rss_mb=962.0
[timing] ablation.prepare.cohort state=completed elapsed_seconds=0.230 rss_mb=962.0
[timing] ablation.prepare.baseline_variants state=started rss_mb=962.0
[timing] ablation.prepare.baseline_variants state=completed elapsed_seconds=0.000 rss_mb=962.0
[timing] ablation.prepare.candidates state=started rss_mb=962.0
[timing] ablation.prepare.candidates state=completed elapsed_seconds=0.000 rss_mb=962.0
[timing] ablation.prepare.persist state=started rss_mb=962.0
[timing] ablation_inputs.prepare_inputs state=started rss_mb=962.0
[timing] ablation_inputs.slice_groups state=started rss_mb=962.0
[timing] ablation_inputs.slice_groups state=completed elapsed_seconds=0.000 rss_mb=962.0
[timing] ablation_inputs.tokens state=started rss_mb=962.0
[timing] ablation_inputs.tokens state=completed elapsed_seconds=0.232 rss_mb=973.7
[timing] ablation_inputs.graph_topology state=started rss_mb=973.7
[timing] ablation_inputs.graph_topology state=completed elapsed_seconds=0.000 rss_mb=973.7
[timing] ablation_inputs.candidate_batches state=started rss_mb=973.7
[timing] ablation_inputs.candidate_batches state=completed elapsed_seconds=0.000 rss_mb=973.7
[timing] ablation_inputs.variant_jobs state=started rss_mb=973.7
[timing] ablation_inputs.variant_jobs state=completed elapsed_seconds=0.000 rss_mb=973.7
[timing] ablation_inputs.publish state=started rss_mb=973.7
[timing] ablation_inputs.publish state=completed elapsed_seconds=0.003 rss_mb=973.7
ablation inputs published token_batches=1 jobs=4
[timing] ablation_inputs.prepare_inputs state=completed elapsed_seconds=0.237 rss_mb=973.7
[timing] ablation.prepare.persist state=completed elapsed_seconds=0.255 rss_mb=973.7
[timing] ablation.prepare state=completed elapsed_seconds=0.490 rss_mb=973.7
[timing] ablation_template.request state=completed elapsed_seconds=0.491 rss_mb=973.7
[timing] staged_ablation._track_request state=completed elapsed_seconds=0.492 rss_mb=973.7
[timing] staged_ablation._track_cohort state=started rss_mb=973.7
[timing] staged_ablation._track_cohort state=completed elapsed_seconds=0.000 rss_mb=973.7
[timing] staged_ablation._anchor_request state=started rss_mb=973.7
[timing] staged_ablation._anchor_request state=completed elapsed_seconds=0.001 rss_mb=973.7
[timing] staged_ablation._copy_template state=started rss_mb=973.7
[timing] staged_ablation._copy_template state=completed elapsed_seconds=0.007 rss_mb=973.7
[timing] model_tracks.ablation_prepare text_tokens_tensors_and_request: 0.502s
[timing] staged_ablation._track_template state=completed elapsed_seconds=0.501 rss_mb=973.7
ablation template building track=gnn_only
[timing] staged_ablation._track_template state=started rss_mb=973.7
[timing] staged_ablation._template_checkpoint state=started rss_mb=973.7
[timing] staged_ablation._template_checkpoint state=completed elapsed_seconds=0.003 rss_mb=973.7
[timing] staged_ablation._track_request state=started rss_mb=973.7
[timing] ablation_template.request state=started rss_mb=973.7
[timing] ablation.prepare state=started rss_mb=973.7
[timing] ablation.prepare.sources state=started rss_mb=973.7
[timing] ablation.prepare.sources state=completed elapsed_seconds=0.003 rss_mb=973.7
[timing] ablation.prepare.cohort state=started rss_mb=973.7
[timing] ablation.prepare.cohort state=completed elapsed_seconds=0.237 rss_mb=973.7
[timing] ablation.prepare.baseline_variants state=started rss_mb=973.7
[timing] ablation.prepare.baseline_variants state=completed elapsed_seconds=0.001 rss_mb=973.7
[timing] ablation.prepare.candidates state=started rss_mb=973.7
[timing] ablation.prepare.candidates state=completed elapsed_seconds=0.000 rss_mb=973.7
[timing] ablation.prepare.persist state=started rss_mb=973.7
[timing] ablation_inputs.prepare_inputs state=started rss_mb=973.7
[timing] ablation_inputs.slice_groups state=started rss_mb=973.7
[timing] ablation_inputs.slice_groups state=completed elapsed_seconds=0.000 rss_mb=973.7
[timing] ablation_inputs.tokens state=started rss_mb=973.7
[timing] ablation_inputs.tokens state=completed elapsed_seconds=0.000 rss_mb=973.7
[timing] ablation_inputs.graph_topology state=started rss_mb=973.7
[timing] ablation_inputs.graph_topology state=completed elapsed_seconds=0.009 rss_mb=973.7
[timing] ablation_inputs.candidate_batches state=started rss_mb=973.7
[timing] ablation_inputs.candidate_batches state=completed elapsed_seconds=0.006 rss_mb=973.7
[timing] ablation_inputs.variant_jobs state=started rss_mb=973.7
[timing] ablation_inputs.variant_jobs state=completed elapsed_seconds=0.023 rss_mb=973.7
[timing] ablation_inputs.publish state=started rss_mb=973.7
[timing] ablation_inputs.publish state=completed elapsed_seconds=0.037 rss_mb=973.7
ablation inputs published token_batches=0 jobs=4
[timing] ablation_inputs.prepare_inputs state=completed elapsed_seconds=0.079 rss_mb=973.7
[timing] ablation.prepare.persist state=completed elapsed_seconds=0.098 rss_mb=973.7
[timing] ablation.prepare state=completed elapsed_seconds=0.342 rss_mb=973.7
[timing] ablation_template.request state=completed elapsed_seconds=0.343 rss_mb=973.7
[timing] staged_ablation._track_request state=completed elapsed_seconds=0.344 rss_mb=973.7
[timing] staged_ablation._track_cohort state=started rss_mb=973.7
[timing] staged_ablation._track_cohort state=completed elapsed_seconds=0.000 rss_mb=973.7
[timing] staged_ablation._anchor_request state=started rss_mb=973.7
[timing] staged_ablation._anchor_request state=completed elapsed_seconds=0.001 rss_mb=973.7
[timing] staged_ablation._copy_template state=started rss_mb=973.7
[timing] staged_ablation._copy_template state=completed elapsed_seconds=0.008 rss_mb=973.7
[timing] model_tracks.ablation_prepare gnn_only_tokens_tensors_and_request: 0.359s
[timing] staged_ablation._track_template state=completed elapsed_seconds=0.359 rss_mb=973.7
ablation template building track=hybrid
[timing] staged_ablation._track_template state=started rss_mb=973.7
[timing] staged_ablation._template_checkpoint state=started rss_mb=973.7
[timing] staged_ablation._template_checkpoint state=completed elapsed_seconds=0.003 rss_mb=973.7
[timing] staged_ablation._track_request state=started rss_mb=973.7
[timing] ablation_template.request state=started rss_mb=973.7
[timing] ablation.prepare state=started rss_mb=973.7
[timing] ablation.prepare.sources state=started rss_mb=973.7
[timing] ablation.prepare.sources state=completed elapsed_seconds=0.003 rss_mb=973.7
[timing] ablation.prepare.cohort state=started rss_mb=973.7
[timing] ablation.prepare.cohort state=completed elapsed_seconds=0.230 rss_mb=973.7
[timing] ablation.prepare.baseline_variants state=started rss_mb=973.7
[timing] ablation.prepare.baseline_variants state=completed elapsed_seconds=0.001 rss_mb=973.7
[timing] ablation.prepare.candidates state=started rss_mb=973.7
[timing] ablation.prepare.candidates state=completed elapsed_seconds=0.000 rss_mb=973.7
[timing] ablation.prepare.persist state=started rss_mb=973.7
[timing] ablation_inputs.prepare_inputs state=started rss_mb=973.7
[timing] ablation_inputs.slice_groups state=started rss_mb=973.7
[timing] ablation_inputs.slice_groups state=completed elapsed_seconds=0.000 rss_mb=973.7
[timing] ablation_inputs.tokens state=started rss_mb=973.7
[timing] ablation_inputs.tokens state=completed elapsed_seconds=0.066 rss_mb=975.6
[timing] ablation_inputs.graph_topology state=started rss_mb=975.6
[timing] ablation_inputs.graph_topology state=completed elapsed_seconds=0.009 rss_mb=975.6
[timing] ablation_inputs.candidate_batches state=started rss_mb=975.6
[timing] ablation_inputs.candidate_batches state=completed elapsed_seconds=0.006 rss_mb=975.6
[timing] ablation_inputs.variant_jobs state=started rss_mb=975.6
[timing] ablation_inputs.variant_jobs state=completed elapsed_seconds=0.028 rss_mb=975.6
[timing] ablation_inputs.publish state=started rss_mb=975.6
[timing] ablation_inputs.publish state=completed elapsed_seconds=0.038 rss_mb=975.6
ablation inputs published token_batches=1 jobs=10
[timing] ablation_inputs.prepare_inputs state=completed elapsed_seconds=0.151 rss_mb=975.6
[timing] ablation.prepare.persist state=completed elapsed_seconds=0.175 rss_mb=975.6
[timing] ablation.prepare state=completed elapsed_seconds=0.413 rss_mb=975.6
[timing] ablation_template.request state=completed elapsed_seconds=0.415 rss_mb=975.6
[timing] staged_ablation._track_request state=completed elapsed_seconds=0.415 rss_mb=975.6
[timing] staged_ablation._track_cohort state=started rss_mb=975.6
[timing] staged_ablation._track_cohort state=completed elapsed_seconds=0.000 rss_mb=975.6
[timing] staged_ablation._anchor_request state=started rss_mb=975.6
[timing] staged_ablation._anchor_request state=completed elapsed_seconds=0.001 rss_mb=975.6
[timing] staged_ablation._copy_template state=started rss_mb=975.6
[timing] staged_ablation._copy_template state=completed elapsed_seconds=0.011 rss_mb=975.6
[timing] model_tracks.ablation_prepare hybrid_tokens_tensors_and_request: 0.432s
[timing] staged_ablation._track_template state=completed elapsed_seconds=0.432 rss_mb=975.6
[timing] ablation_suite.track_templates state=completed elapsed_seconds=1.294 rss_mb=975.6
[timing] ablation_suite.cleanup_staging state=started rss_mb=975.6
[timing] staged_ablation._drop_staging state=started rss_mb=975.6
[timing] staged_ablation._drop_staging state=completed elapsed_seconds=0.001 rss_mb=975.6
[timing] ablation_suite.cleanup_staging state=completed elapsed_seconds=0.001 rss_mb=975.6
[timing] model_tracks.ablation_prepare cleanup_staging: 0.002s
[timing] staged_ablation.prepare_suite state=completed elapsed_seconds=1.314 rss_mb=975.6
[timing] staged_ablation.forward state=started rss_mb=975.6
[timing] ablation_forward.bind_template state=started rss_mb=975.6
[timing] staged_ablation._bind_template state=started rss_mb=975.6
[timing] staged_ablation._read_template state=started rss_mb=975.6
[timing] staged_ablation._read_template state=completed elapsed_seconds=0.002 rss_mb=975.6
[timing] staged_ablation._bind_staged_setup state=started rss_mb=975.6
[timing] staged_ablation._bind_staged_setup state=completed elapsed_seconds=0.000 rss_mb=975.6
[timing] staged_ablation._bind_template state=completed elapsed_seconds=0.003 rss_mb=975.6
[timing] ablation_forward.bind_template state=completed elapsed_seconds=0.003 rss_mb=975.6
[timing] ablation_forward.rebind_checkpoint state=started rss_mb=975.6
[timing] staged_ablation._rebind_checkpoint state=started rss_mb=975.6
[timing] staged_ablation._rebind_checkpoint state=completed elapsed_seconds=0.000 rss_mb=975.6
[timing] ablation_forward.rebind_checkpoint state=completed elapsed_seconds=0.001 rss_mb=975.6
ablation forward bound track=text role=selected
[timing] ablation_forward.write_bound_request state=started rss_mb=975.6
[timing] staged_ablation._bound_folder state=started rss_mb=975.6
[timing] staged_ablation._bound_folder state=completed elapsed_seconds=0.010 rss_mb=975.6
[timing] ablation_forward.write_bound_request state=completed elapsed_seconds=0.011 rss_mb=975.6
[timing] ablation_forward.vectors state=started rss_mb=975.6
[timing] staged_ablation._reuse_or_encode state=started rss_mb=975.6
[timing] staged_ablation._saved_text_default state=started rss_mb=975.6
[timing] staged_ablation._saved_text_default state=completed elapsed_seconds=0.000 rss_mb=975.6
[timing] staged_ablation._encode_vectors state=started rss_mb=975.6
[timing] staged_ablation._encode_vectors state=completed elapsed_seconds=0.000 rss_mb=975.6
[timing] staged_ablation._reuse_or_encode state=completed elapsed_seconds=0.000 rss_mb=975.6
[timing] ablation_forward.vectors state=completed elapsed_seconds=0.001 rss_mb=975.6
[timing] staged_ablation.forward state=completed elapsed_seconds=0.016 rss_mb=975.6
[timing] staged_ablation.forward state=started rss_mb=975.6
[timing] ablation_forward.bind_template state=started rss_mb=975.6
[timing] staged_ablation._bind_template state=started rss_mb=975.6
[timing] staged_ablation._read_template state=started rss_mb=975.6
[timing] staged_ablation._read_template state=completed elapsed_seconds=0.001 rss_mb=975.6
[timing] staged_ablation._bind_staged_setup state=started rss_mb=975.6
[timing] staged_ablation._bind_staged_setup state=completed elapsed_seconds=0.000 rss_mb=975.6
[timing] staged_ablation._bind_template state=completed elapsed_seconds=0.001 rss_mb=975.6
[timing] ablation_forward.bind_template state=completed elapsed_seconds=0.004 rss_mb=975.6
[timing] ablation_forward.graph_binding state=started rss_mb=975.6
[timing] staged_ablation._check_graph_binding state=started rss_mb=975.6
[timing] staged_ablation._check_graph_binding state=completed elapsed_seconds=0.000 rss_mb=975.6
[timing] ablation_forward.graph_binding state=completed elapsed_seconds=0.000 rss_mb=975.6
[timing] ablation_forward.rebind_checkpoint state=started rss_mb=975.6
[timing] staged_ablation._rebind_checkpoint state=started rss_mb=975.6
[timing] staged_ablation._rebind_checkpoint state=completed elapsed_seconds=0.001 rss_mb=975.6
[timing] ablation_forward.rebind_checkpoint state=completed elapsed_seconds=0.002 rss_mb=975.6
ablation forward bound track=gnn_only role=selected
[timing] ablation_forward.write_bound_request state=started rss_mb=975.6
[timing] staged_ablation._bound_folder state=started rss_mb=975.6
[timing] staged_ablation._bound_folder state=completed elapsed_seconds=0.006 rss_mb=975.6
[timing] ablation_forward.write_bound_request state=completed elapsed_seconds=0.007 rss_mb=975.6
[timing] ablation_forward.vectors state=started rss_mb=975.6
[timing] staged_ablation._reuse_or_encode state=started rss_mb=975.6
[timing] staged_ablation._saved_text_default state=started rss_mb=975.6
[timing] staged_ablation._saved_text_default state=completed elapsed_seconds=0.000 rss_mb=975.6
[timing] staged_ablation._encode_vectors state=started rss_mb=975.6
[timing] staged_ablation._encode_vectors state=completed elapsed_seconds=0.000 rss_mb=975.6
[timing] staged_ablation._reuse_or_encode state=completed elapsed_seconds=0.000 rss_mb=975.6
[timing] ablation_forward.vectors state=completed elapsed_seconds=0.001 rss_mb=975.6
[timing] staged_ablation.forward state=completed elapsed_seconds=0.013 rss_mb=975.6
[timing] staged_ablation.forward state=started rss_mb=975.6
[timing] ablation_forward.bind_template state=started rss_mb=975.6
[timing] staged_ablation._bind_template state=started rss_mb=975.6
[timing] staged_ablation._read_template state=started rss_mb=975.6
[timing] staged_ablation._read_template state=completed elapsed_seconds=0.001 rss_mb=975.6
[timing] staged_ablation._bind_staged_setup state=started rss_mb=975.6
[timing] staged_ablation._bind_staged_setup state=completed elapsed_seconds=0.000 rss_mb=975.6
[timing] staged_ablation._bind_template state=completed elapsed_seconds=0.002 rss_mb=975.6
[timing] ablation_forward.bind_template state=completed elapsed_seconds=0.002 rss_mb=975.6
[timing] ablation_forward.graph_binding state=started rss_mb=975.6
[timing] staged_ablation._check_graph_binding state=started rss_mb=975.6
[timing] staged_ablation._check_graph_binding state=completed elapsed_seconds=0.000 rss_mb=975.6
[timing] ablation_forward.graph_binding state=completed elapsed_seconds=0.000 rss_mb=975.6
[timing] ablation_forward.rebind_checkpoint state=started rss_mb=975.6
[timing] staged_ablation._rebind_checkpoint state=started rss_mb=975.6
[timing] staged_ablation._rebind_checkpoint state=completed elapsed_seconds=0.001 rss_mb=975.6
[timing] ablation_forward.rebind_checkpoint state=completed elapsed_seconds=0.001 rss_mb=975.6
ablation forward bound track=hybrid role=selected
[timing] ablation_forward.write_bound_request state=started rss_mb=975.6
[timing] staged_ablation._bound_folder state=started rss_mb=975.6
[timing] staged_ablation._bound_folder state=completed elapsed_seconds=0.011 rss_mb=975.6
[timing] ablation_forward.write_bound_request state=completed elapsed_seconds=0.011 rss_mb=975.6
[timing] ablation_forward.vectors state=started rss_mb=975.6
[timing] staged_ablation._reuse_or_encode state=started rss_mb=975.6
[timing] staged_ablation._saved_text_default state=started rss_mb=975.6
[timing] staged_ablation._saved_text_default state=completed elapsed_seconds=0.000 rss_mb=975.6
[timing] staged_ablation._encode_vectors state=started rss_mb=975.6
[timing] staged_ablation._encode_vectors state=completed elapsed_seconds=0.000 rss_mb=975.6
[timing] staged_ablation._reuse_or_encode state=completed elapsed_seconds=0.000 rss_mb=975.6
[timing] ablation_forward.vectors state=completed elapsed_seconds=0.001 rss_mb=975.6
[timing] staged_ablation.forward state=completed elapsed_seconds=0.016 rss_mb=975.6
[timing] staged_ablation.prepare_suite state=started rss_mb=975.6
[timing] ablation_suite.freeze state=started rss_mb=975.6
[timing] staged_ablation._freeze_suite state=started rss_mb=975.6
[timing] staged_ablation._cohort_gate state=started rss_mb=975.6
[timing] staged_ablation._cohort_gate state=completed elapsed_seconds=0.000 rss_mb=975.6
[timing] staged_ablation._freeze_config state=started rss_mb=975.6
[timing] staged_ablation._freeze_config state=completed elapsed_seconds=0.001 rss_mb=975.6
[timing] staged_ablation._freeze_suite state=completed elapsed_seconds=0.003 rss_mb=975.6
[timing] ablation_suite.freeze state=completed elapsed_seconds=0.003 rss_mb=975.6
[timing] ablation_suite.support_vocabulary state=started rss_mb=975.6
[timing] staged_ablation._frozen_support state=started rss_mb=975.6
[timing] ablation_support.load state=started rss_mb=975.6
[timing] prepared_inputs.load_plan state=started rss_mb=975.6
[timing] train.load_pairs state=started rss_mb=975.6
[timing] train.load_pairs state=completed elapsed_seconds=0.003 rss_mb=975.6
[timing] prepared_inputs.load_plan state=completed elapsed_seconds=0.020 rss_mb=975.6
[timing] ablation_support.load state=completed elapsed_seconds=0.024 rss_mb=975.6
[timing] staged_ablation._frozen_support state=completed elapsed_seconds=0.025 rss_mb=975.6
[timing] ablation_suite.support_vocabulary state=completed elapsed_seconds=0.025 rss_mb=975.6
[timing] model_tracks.ablation_prepare load_support_and_vocabulary: 0.028s
[timing] ablation_suite.track_templates state=started rss_mb=975.6
ablation template building track=text
[timing] staged_ablation._track_template state=started rss_mb=975.6
[timing] staged_ablation._template_checkpoint state=started rss_mb=975.6
[timing] staged_ablation._template_checkpoint state=completed elapsed_seconds=0.000 rss_mb=975.6
[timing] staged_ablation._track_request state=started rss_mb=975.6
[timing] ablation_template.request state=started rss_mb=975.6
[timing] ablation.prepare state=started rss_mb=975.6
[timing] ablation.prepare.sources state=started rss_mb=975.6
[timing] ablation.prepare.sources state=completed elapsed_seconds=0.003 rss_mb=975.6
[timing] ablation.prepare.cohort state=started rss_mb=975.6
[timing] ablation.prepare.cohort state=completed elapsed_seconds=0.274 rss_mb=975.6
[timing] ablation.prepare.baseline_variants state=started rss_mb=975.6
[timing] ablation.prepare.baseline_variants state=completed elapsed_seconds=0.001 rss_mb=975.6
[timing] ablation.prepare.candidates state=started rss_mb=975.6
[timing] ablation.prepare.candidates state=completed elapsed_seconds=0.000 rss_mb=975.6
[timing] ablation.prepare.persist state=started rss_mb=975.6
[timing] ablation_inputs.prepare_inputs state=started rss_mb=975.6
[timing] ablation_inputs.slice_groups state=started rss_mb=975.6
[timing] ablation_inputs.slice_groups state=completed elapsed_seconds=0.000 rss_mb=975.6
[timing] ablation_inputs.tokens state=started rss_mb=975.6
[timing] ablation_inputs.tokens state=completed elapsed_seconds=0.238 rss_mb=976.3
[timing] ablation_inputs.graph_topology state=started rss_mb=976.3
[timing] ablation_inputs.graph_topology state=completed elapsed_seconds=0.000 rss_mb=976.3
[timing] ablation_inputs.candidate_batches state=started rss_mb=976.3
[timing] ablation_inputs.candidate_batches state=completed elapsed_seconds=0.000 rss_mb=976.3
[timing] ablation_inputs.variant_jobs state=started rss_mb=976.3
[timing] ablation_inputs.variant_jobs state=completed elapsed_seconds=0.000 rss_mb=976.3
[timing] ablation_inputs.publish state=started rss_mb=976.3
[timing] ablation_inputs.publish state=completed elapsed_seconds=0.001 rss_mb=976.3
ablation inputs published token_batches=1 jobs=4
[timing] ablation_inputs.prepare_inputs state=completed elapsed_seconds=0.243 rss_mb=976.3
[timing] ablation.prepare.persist state=completed elapsed_seconds=0.260 rss_mb=976.3
[timing] ablation.prepare state=completed elapsed_seconds=0.539 rss_mb=976.3
[timing] ablation_template.request state=completed elapsed_seconds=0.540 rss_mb=976.3
[timing] staged_ablation._track_request state=completed elapsed_seconds=0.540 rss_mb=976.3
[timing] staged_ablation._track_cohort state=started rss_mb=976.3
[timing] staged_ablation._track_cohort state=completed elapsed_seconds=0.000 rss_mb=976.3
[timing] staged_ablation._anchor_request state=started rss_mb=976.3
[timing] staged_ablation._anchor_request state=completed elapsed_seconds=0.001 rss_mb=976.3
[timing] staged_ablation._copy_template state=started rss_mb=976.3
[timing] staged_ablation._copy_template state=completed elapsed_seconds=0.005 rss_mb=976.3
[timing] model_tracks.ablation_prepare text_tokens_tensors_and_request: 0.548s
[timing] staged_ablation._track_template state=completed elapsed_seconds=0.548 rss_mb=976.3
ablation template building track=gnn_only
[timing] staged_ablation._track_template state=started rss_mb=976.3
[timing] staged_ablation._template_checkpoint state=started rss_mb=976.3
[timing] staged_ablation._template_checkpoint state=completed elapsed_seconds=0.003 rss_mb=976.3
[timing] staged_ablation._track_request state=started rss_mb=976.3
[timing] ablation_template.request state=started rss_mb=976.3
[timing] ablation.prepare state=started rss_mb=976.3
[timing] ablation.prepare.sources state=started rss_mb=976.3
[timing] ablation.prepare.sources state=completed elapsed_seconds=0.003 rss_mb=976.3
[timing] ablation.prepare.cohort state=started rss_mb=976.3
[timing] ablation.prepare.cohort state=completed elapsed_seconds=0.230 rss_mb=976.3
[timing] ablation.prepare.baseline_variants state=started rss_mb=976.3
[timing] ablation.prepare.baseline_variants state=completed elapsed_seconds=0.001 rss_mb=976.3
[timing] ablation.prepare.candidates state=started rss_mb=976.3
[timing] ablation.prepare.candidates state=completed elapsed_seconds=0.000 rss_mb=976.3
[timing] ablation.prepare.persist state=started rss_mb=976.3
[timing] ablation_inputs.prepare_inputs state=started rss_mb=976.3
[timing] ablation_inputs.slice_groups state=started rss_mb=976.3
[timing] ablation_inputs.slice_groups state=completed elapsed_seconds=0.000 rss_mb=976.3
[timing] ablation_inputs.tokens state=started rss_mb=976.3
[timing] ablation_inputs.tokens state=completed elapsed_seconds=0.000 rss_mb=976.3
[timing] ablation_inputs.graph_topology state=started rss_mb=976.3
[timing] ablation_inputs.graph_topology state=completed elapsed_seconds=0.009 rss_mb=976.4
[timing] ablation_inputs.candidate_batches state=started rss_mb=976.4
[timing] ablation_inputs.candidate_batches state=completed elapsed_seconds=0.006 rss_mb=976.4
[timing] ablation_inputs.variant_jobs state=started rss_mb=976.4
[timing] ablation_inputs.variant_jobs state=completed elapsed_seconds=0.024 rss_mb=976.4
[timing] ablation_inputs.publish state=started rss_mb=976.4
[timing] ablation_inputs.publish state=completed elapsed_seconds=0.038 rss_mb=976.4
ablation inputs published token_batches=0 jobs=4
[timing] ablation_inputs.prepare_inputs state=completed elapsed_seconds=0.080 rss_mb=976.4
[timing] ablation.prepare.persist state=completed elapsed_seconds=0.100 rss_mb=976.4
[timing] ablation.prepare state=completed elapsed_seconds=0.337 rss_mb=976.4
[timing] ablation_template.request state=completed elapsed_seconds=0.338 rss_mb=976.4
[timing] staged_ablation._track_request state=completed elapsed_seconds=0.339 rss_mb=976.4
[timing] staged_ablation._track_cohort state=started rss_mb=976.4
[timing] staged_ablation._track_cohort state=completed elapsed_seconds=0.000 rss_mb=976.4
[timing] staged_ablation._anchor_request state=started rss_mb=976.4
[timing] staged_ablation._anchor_request state=completed elapsed_seconds=0.001 rss_mb=976.4
[timing] staged_ablation._copy_template state=started rss_mb=976.4
[timing] staged_ablation._copy_template state=completed elapsed_seconds=0.008 rss_mb=976.4
[timing] model_tracks.ablation_prepare gnn_only_tokens_tensors_and_request: 0.352s
[timing] staged_ablation._track_template state=completed elapsed_seconds=0.352 rss_mb=976.4
ablation template building track=hybrid
[timing] staged_ablation._track_template state=started rss_mb=976.4
[timing] staged_ablation._template_checkpoint state=started rss_mb=976.4
[timing] staged_ablation._template_checkpoint state=completed elapsed_seconds=0.003 rss_mb=976.4
[timing] staged_ablation._track_request state=started rss_mb=976.4
[timing] ablation_template.request state=started rss_mb=976.4
[timing] ablation.prepare state=started rss_mb=976.4
[timing] ablation.prepare.sources state=started rss_mb=976.4
[timing] ablation.prepare.sources state=completed elapsed_seconds=0.004 rss_mb=976.4
[timing] ablation.prepare.cohort state=started rss_mb=976.4
[timing] ablation.prepare.cohort state=completed elapsed_seconds=0.227 rss_mb=976.4
[timing] ablation.prepare.baseline_variants state=started rss_mb=976.4
[timing] ablation.prepare.baseline_variants state=completed elapsed_seconds=0.001 rss_mb=976.4
[timing] ablation.prepare.candidates state=started rss_mb=976.4
[timing] ablation.prepare.candidates state=completed elapsed_seconds=0.000 rss_mb=976.4
[timing] ablation.prepare.persist state=started rss_mb=976.4
[timing] ablation_inputs.prepare_inputs state=started rss_mb=976.4
[timing] ablation_inputs.slice_groups state=started rss_mb=976.4
[timing] ablation_inputs.slice_groups state=completed elapsed_seconds=0.000 rss_mb=976.4
[timing] ablation_inputs.tokens state=started rss_mb=976.4
[timing] ablation_inputs.tokens state=completed elapsed_seconds=0.070 rss_mb=976.4
[timing] ablation_inputs.graph_topology state=started rss_mb=976.4
[timing] ablation_inputs.graph_topology state=completed elapsed_seconds=0.009 rss_mb=976.4
[timing] ablation_inputs.candidate_batches state=started rss_mb=976.4
[timing] ablation_inputs.candidate_batches state=completed elapsed_seconds=0.006 rss_mb=976.4
[timing] ablation_inputs.variant_jobs state=started rss_mb=976.4
[timing] ablation_inputs.variant_jobs state=completed elapsed_seconds=0.027 rss_mb=976.4
[timing] ablation_inputs.publish state=started rss_mb=976.4
[timing] ablation_inputs.publish state=completed elapsed_seconds=0.037 rss_mb=976.4
ablation inputs published token_batches=1 jobs=10
[timing] ablation_inputs.prepare_inputs state=completed elapsed_seconds=0.152 rss_mb=976.4
[timing] ablation.prepare.persist state=completed elapsed_seconds=0.175 rss_mb=976.4
[timing] ablation.prepare state=completed elapsed_seconds=0.409 rss_mb=976.4
[timing] ablation_template.request state=completed elapsed_seconds=0.411 rss_mb=976.4
[timing] staged_ablation._track_request state=completed elapsed_seconds=0.412 rss_mb=976.4
[timing] staged_ablation._track_cohort state=started rss_mb=976.4
[timing] staged_ablation._track_cohort state=completed elapsed_seconds=0.000 rss_mb=976.4
[timing] staged_ablation._anchor_request state=started rss_mb=976.4
[timing] staged_ablation._anchor_request state=completed elapsed_seconds=0.001 rss_mb=976.4
[timing] staged_ablation._copy_template state=started rss_mb=976.4
[timing] staged_ablation._copy_template state=completed elapsed_seconds=0.010 rss_mb=976.4
[timing] model_tracks.ablation_prepare hybrid_tokens_tensors_and_request: 0.428s
[timing] staged_ablation._track_template state=completed elapsed_seconds=0.428 rss_mb=976.4
[timing] ablation_suite.track_templates state=completed elapsed_seconds=1.329 rss_mb=976.4
[timing] ablation_suite.cleanup_staging state=started rss_mb=976.4
[timing] staged_ablation._drop_staging state=started rss_mb=976.4
[timing] staged_ablation._drop_staging state=completed elapsed_seconds=0.001 rss_mb=976.4
[timing] ablation_suite.cleanup_staging state=completed elapsed_seconds=0.001 rss_mb=976.4
[timing] model_tracks.ablation_prepare cleanup_staging: 0.002s
[timing] staged_ablation.prepare_suite state=completed elapsed_seconds=1.359 rss_mb=976.4
[timing] staged_ablation.forward state=started rss_mb=976.4
[timing] ablation_forward.bind_template state=started rss_mb=976.4
[timing] staged_ablation._bind_template state=started rss_mb=976.4
[timing] staged_ablation._read_template state=started rss_mb=976.4
[timing] staged_ablation._read_template state=completed elapsed_seconds=0.001 rss_mb=976.4
[timing] staged_ablation._bind_staged_setup state=started rss_mb=976.4
[timing] staged_ablation._bind_staged_setup state=completed elapsed_seconds=0.000 rss_mb=976.4
[timing] staged_ablation._bind_template state=completed elapsed_seconds=0.001 rss_mb=976.4
[timing] ablation_forward.bind_template state=completed elapsed_seconds=0.001 rss_mb=976.4
[timing] ablation_forward.rebind_checkpoint state=started rss_mb=976.4
[timing] staged_ablation._rebind_checkpoint state=started rss_mb=976.4
[timing] staged_ablation._rebind_checkpoint state=completed elapsed_seconds=0.000 rss_mb=976.4
[timing] ablation_forward.rebind_checkpoint state=completed elapsed_seconds=0.000 rss_mb=976.4
ablation forward bound track=text role=selected
[timing] ablation_forward.write_bound_request state=started rss_mb=976.4
[timing] staged_ablation._bound_folder state=started rss_mb=976.4
[timing] staged_ablation._bound_folder state=completed elapsed_seconds=0.004 rss_mb=976.4
[timing] ablation_forward.write_bound_request state=completed elapsed_seconds=0.004 rss_mb=976.4
[timing] ablation_forward.vectors state=started rss_mb=976.4
[timing] staged_ablation._reuse_or_encode state=started rss_mb=976.4
[timing] staged_ablation._saved_text_default state=started rss_mb=976.4
[timing] staged_ablation._saved_text_default state=completed elapsed_seconds=0.000 rss_mb=976.4
[timing] staged_ablation._encode_vectors state=started rss_mb=976.4
[timing] staged_ablation._encode_vectors state=completed elapsed_seconds=0.001 rss_mb=976.4
[timing] staged_ablation._reuse_or_encode state=completed elapsed_seconds=0.001 rss_mb=976.4
[timing] ablation_forward.vectors state=completed elapsed_seconds=0.001 rss_mb=976.4
[timing] staged_ablation.forward state=completed elapsed_seconds=0.008 rss_mb=976.4
[timing] staged_ablation.forward state=started rss_mb=976.4
[timing] ablation_forward.bind_template state=started rss_mb=976.4
[timing] staged_ablation._bind_template state=started rss_mb=976.4
[timing] staged_ablation._read_template state=started rss_mb=976.4
[timing] staged_ablation._read_template state=completed elapsed_seconds=0.001 rss_mb=976.4
[timing] staged_ablation._bind_staged_setup state=started rss_mb=976.4
[timing] staged_ablation._bind_staged_setup state=completed elapsed_seconds=0.000 rss_mb=976.4
[timing] staged_ablation._bind_template state=completed elapsed_seconds=0.001 rss_mb=976.4
[timing] ablation_forward.bind_template state=completed elapsed_seconds=0.002 rss_mb=976.4
[timing] ablation_forward.graph_binding state=started rss_mb=976.4
[timing] staged_ablation._check_graph_binding state=started rss_mb=976.4
[timing] staged_ablation._check_graph_binding state=completed elapsed_seconds=0.000 rss_mb=976.4
[timing] ablation_forward.graph_binding state=completed elapsed_seconds=0.000 rss_mb=976.4
[timing] ablation_forward.rebind_checkpoint state=started rss_mb=976.4
[timing] staged_ablation._rebind_checkpoint state=started rss_mb=976.4
[timing] staged_ablation._rebind_checkpoint state=completed elapsed_seconds=0.002 rss_mb=976.4
[timing] ablation_forward.rebind_checkpoint state=completed elapsed_seconds=0.002 rss_mb=976.4
ablation forward bound track=gnn_only role=selected
[timing] ablation_forward.write_bound_request state=started rss_mb=976.4
[timing] staged_ablation._bound_folder state=started rss_mb=976.4
[timing] staged_ablation._bound_folder state=completed elapsed_seconds=0.006 rss_mb=976.4
[timing] ablation_forward.write_bound_request state=completed elapsed_seconds=0.006 rss_mb=976.4
[timing] ablation_forward.vectors state=started rss_mb=976.4
[timing] staged_ablation._reuse_or_encode state=started rss_mb=976.4
[timing] staged_ablation._saved_text_default state=started rss_mb=976.4
[timing] staged_ablation._saved_text_default state=completed elapsed_seconds=0.000 rss_mb=976.4
[timing] staged_ablation._encode_vectors state=started rss_mb=976.4
[timing] staged_ablation._encode_vectors state=completed elapsed_seconds=0.000 rss_mb=976.4
[timing] staged_ablation._reuse_or_encode state=completed elapsed_seconds=0.000 rss_mb=976.4
[timing] ablation_forward.vectors state=completed elapsed_seconds=0.001 rss_mb=976.4
[timing] staged_ablation.forward state=completed elapsed_seconds=0.011 rss_mb=976.4
[timing] staged_ablation.forward state=started rss_mb=976.4
[timing] ablation_forward.bind_template state=started rss_mb=976.4
[timing] staged_ablation._bind_template state=started rss_mb=976.4
[timing] staged_ablation._read_template state=started rss_mb=976.4
[timing] staged_ablation._read_template state=completed elapsed_seconds=0.001 rss_mb=976.4
[timing] staged_ablation._bind_staged_setup state=started rss_mb=976.4
[timing] staged_ablation._bind_staged_setup state=completed elapsed_seconds=0.000 rss_mb=976.4
[timing] staged_ablation._bind_template state=completed elapsed_seconds=0.002 rss_mb=976.4
[timing] ablation_forward.bind_template state=completed elapsed_seconds=0.002 rss_mb=976.4
[timing] ablation_forward.graph_binding state=started rss_mb=976.4
[timing] staged_ablation._check_graph_binding state=started rss_mb=976.4
[timing] staged_ablation._check_graph_binding state=completed elapsed_seconds=0.000 rss_mb=976.4
[timing] ablation_forward.graph_binding state=completed elapsed_seconds=0.000 rss_mb=976.4
[timing] ablation_forward.rebind_checkpoint state=started rss_mb=976.4
[timing] staged_ablation._rebind_checkpoint state=started rss_mb=976.4
[timing] staged_ablation._rebind_checkpoint state=completed elapsed_seconds=0.001 rss_mb=976.4
[timing] ablation_forward.rebind_checkpoint state=completed elapsed_seconds=0.001 rss_mb=976.4
ablation forward bound track=hybrid role=selected
[timing] ablation_forward.write_bound_request state=started rss_mb=976.4
[timing] staged_ablation._bound_folder state=started rss_mb=976.4
[timing] staged_ablation._bound_folder state=completed elapsed_seconds=0.008 rss_mb=976.4
[timing] ablation_forward.write_bound_request state=completed elapsed_seconds=0.008 rss_mb=976.4
[timing] ablation_forward.vectors state=started rss_mb=976.4
[timing] staged_ablation._reuse_or_encode state=started rss_mb=976.4
[timing] staged_ablation._saved_text_default state=started rss_mb=976.4
[timing] staged_ablation._saved_text_default state=completed elapsed_seconds=0.000 rss_mb=976.4
[timing] staged_ablation._encode_vectors state=started rss_mb=976.4
[timing] staged_ablation._encode_vectors state=completed elapsed_seconds=0.000 rss_mb=976.4
[timing] staged_ablation._reuse_or_encode state=completed elapsed_seconds=0.001 rss_mb=976.4
[timing] ablation_forward.vectors state=completed elapsed_seconds=0.001 rss_mb=976.4
[timing] staged_ablation.forward state=completed elapsed_seconds=0.013 rss_mb=976.4
[timing] old_staged_ablation.prepare_suite state=started rss_mb=976.4
[timing] ablation_suite.freeze state=started rss_mb=976.4
[timing] ablation_suite.freeze state=completed elapsed_seconds=0.003 rss_mb=976.4
[timing] ablation_suite.support_vocabulary state=started rss_mb=976.4
[timing] prepared_inputs.load_plan state=started rss_mb=976.4
[timing] train.load_pairs state=started rss_mb=976.4
[timing] train.load_pairs state=completed elapsed_seconds=0.003 rss_mb=976.4
[timing] prepared_inputs.load_plan state=completed elapsed_seconds=0.019 rss_mb=976.4
[timing] ablation_suite.support_vocabulary state=completed elapsed_seconds=0.023 rss_mb=976.4
[timing] model_tracks.ablation_prepare load_support_and_vocabulary: 0.026s
[timing] ablation_suite.track_templates state=started rss_mb=976.4
ablation template building track=text
[timing] ablation.prepare state=started rss_mb=976.4
[timing] ablation.prepare.sources state=started rss_mb=976.4
[timing] ablation.prepare.sources state=completed elapsed_seconds=0.003 rss_mb=976.4
[timing] ablation.prepare.cohort state=started rss_mb=976.4
[timing] ablation.prepare.cohort state=completed elapsed_seconds=0.229 rss_mb=976.4
[timing] ablation.prepare.baseline_variants state=started rss_mb=976.4
[timing] ablation.prepare.baseline_variants state=completed elapsed_seconds=0.000 rss_mb=976.4
[timing] ablation.prepare.candidates state=started rss_mb=976.4
[timing] ablation.prepare.candidates state=completed elapsed_seconds=0.000 rss_mb=976.4
[timing] ablation.prepare.persist state=started rss_mb=976.4
[timing] ablation_inputs.prepare_inputs state=started rss_mb=976.4
[timing] ablation_inputs.slice_groups state=started rss_mb=976.4
[timing] ablation_inputs.slice_groups state=completed elapsed_seconds=0.000 rss_mb=976.4
[timing] ablation_inputs.tokens state=started rss_mb=976.4
[timing] ablation_inputs.tokens state=completed elapsed_seconds=0.234 rss_mb=976.8
[timing] ablation_inputs.graph_topology state=started rss_mb=976.8
[timing] ablation_inputs.graph_topology state=completed elapsed_seconds=0.000 rss_mb=976.8
[timing] ablation_inputs.candidate_batches state=started rss_mb=976.8
[timing] ablation_inputs.candidate_batches state=completed elapsed_seconds=0.000 rss_mb=976.8
[timing] ablation_inputs.variant_jobs state=started rss_mb=976.8
[timing] ablation_inputs.variant_jobs state=completed elapsed_seconds=0.000 rss_mb=976.8
[timing] ablation_inputs.publish state=started rss_mb=976.8
[timing] ablation_inputs.publish state=completed elapsed_seconds=0.001 rss_mb=976.8
ablation inputs published token_batches=1 jobs=4
[timing] ablation_inputs.prepare_inputs state=completed elapsed_seconds=0.239 rss_mb=976.8
[timing] ablation.prepare.persist state=completed elapsed_seconds=0.255 rss_mb=976.8
[timing] ablation.prepare state=completed elapsed_seconds=0.490 rss_mb=976.8
[timing] model_tracks.ablation_prepare text_tokens_tensors_and_request: 0.498s
ablation template building track=gnn_only
[timing] ablation.prepare state=started rss_mb=976.8
[timing] ablation.prepare.sources state=started rss_mb=976.8
[timing] ablation.prepare.sources state=completed elapsed_seconds=0.003 rss_mb=976.8
[timing] ablation.prepare.cohort state=started rss_mb=976.8
[timing] ablation.prepare.cohort state=completed elapsed_seconds=0.227 rss_mb=976.8
[timing] ablation.prepare.baseline_variants state=started rss_mb=976.8
[timing] ablation.prepare.baseline_variants state=completed elapsed_seconds=0.001 rss_mb=976.8
[timing] ablation.prepare.candidates state=started rss_mb=976.8
[timing] ablation.prepare.candidates state=completed elapsed_seconds=0.000 rss_mb=976.8
[timing] ablation.prepare.persist state=started rss_mb=976.8
[timing] ablation_inputs.prepare_inputs state=started rss_mb=976.8
[timing] ablation_inputs.slice_groups state=started rss_mb=976.8
[timing] ablation_inputs.slice_groups state=completed elapsed_seconds=0.000 rss_mb=976.8
[timing] ablation_inputs.tokens state=started rss_mb=976.8
[timing] ablation_inputs.tokens state=completed elapsed_seconds=0.000 rss_mb=976.8
[timing] ablation_inputs.graph_topology state=started rss_mb=976.8
[timing] ablation_inputs.graph_topology state=completed elapsed_seconds=0.010 rss_mb=976.8
[timing] ablation_inputs.candidate_batches state=started rss_mb=976.8
[timing] ablation_inputs.candidate_batches state=completed elapsed_seconds=0.006 rss_mb=976.8
[timing] ablation_inputs.variant_jobs state=started rss_mb=976.8
[timing] ablation_inputs.variant_jobs state=completed elapsed_seconds=0.024 rss_mb=976.8
[timing] ablation_inputs.publish state=started rss_mb=976.8
[timing] ablation_inputs.publish state=completed elapsed_seconds=0.037 rss_mb=976.8
ablation inputs published token_batches=0 jobs=4
[timing] ablation_inputs.prepare_inputs state=completed elapsed_seconds=0.080 rss_mb=976.8
[timing] ablation.prepare.persist state=completed elapsed_seconds=0.099 rss_mb=976.8
[timing] ablation.prepare state=completed elapsed_seconds=0.334 rss_mb=976.8
[timing] model_tracks.ablation_prepare gnn_only_tokens_tensors_and_request: 0.351s
ablation template building track=hybrid
[timing] ablation.prepare state=started rss_mb=976.8
[timing] ablation.prepare.sources state=started rss_mb=976.8
[timing] ablation.prepare.sources state=completed elapsed_seconds=0.004 rss_mb=976.8
[timing] ablation.prepare.cohort state=started rss_mb=976.8
[timing] ablation.prepare.cohort state=completed elapsed_seconds=0.226 rss_mb=976.8
[timing] ablation.prepare.baseline_variants state=started rss_mb=976.8
[timing] ablation.prepare.baseline_variants state=completed elapsed_seconds=0.001 rss_mb=976.8
[timing] ablation.prepare.candidates state=started rss_mb=976.8
[timing] ablation.prepare.candidates state=completed elapsed_seconds=0.000 rss_mb=976.8
[timing] ablation.prepare.persist state=started rss_mb=976.8
[timing] ablation_inputs.prepare_inputs state=started rss_mb=976.8
[timing] ablation_inputs.slice_groups state=started rss_mb=976.8
[timing] ablation_inputs.slice_groups state=completed elapsed_seconds=0.000 rss_mb=976.8
[timing] ablation_inputs.tokens state=started rss_mb=976.8
[timing] ablation_inputs.tokens state=completed elapsed_seconds=0.063 rss_mb=977.1
[timing] ablation_inputs.graph_topology state=started rss_mb=977.1
[timing] ablation_inputs.graph_topology state=completed elapsed_seconds=0.009 rss_mb=977.1
[timing] ablation_inputs.candidate_batches state=started rss_mb=977.1
[timing] ablation_inputs.candidate_batches state=completed elapsed_seconds=0.006 rss_mb=977.1
[timing] ablation_inputs.variant_jobs state=started rss_mb=977.1
[timing] ablation_inputs.variant_jobs state=completed elapsed_seconds=0.028 rss_mb=977.1
[timing] ablation_inputs.publish state=started rss_mb=977.1
[timing] ablation_inputs.publish state=completed elapsed_seconds=0.037 rss_mb=977.1
ablation inputs published token_batches=1 jobs=10
[timing] ablation_inputs.prepare_inputs state=completed elapsed_seconds=0.146 rss_mb=977.1
[timing] ablation.prepare.persist state=completed elapsed_seconds=0.170 rss_mb=977.1
[timing] ablation.prepare state=completed elapsed_seconds=0.404 rss_mb=977.1
[timing] model_tracks.ablation_prepare hybrid_tokens_tensors_and_request: 0.425s
[timing] ablation_suite.track_templates state=completed elapsed_seconds=1.275 rss_mb=977.1
[timing] ablation_suite.cleanup_staging state=started rss_mb=977.1
[timing] ablation_suite.cleanup_staging state=completed elapsed_seconds=0.001 rss_mb=977.1
[timing] model_tracks.ablation_prepare cleanup_staging: 0.002s
[timing] old_staged_ablation.prepare_suite state=completed elapsed_seconds=1.303 rss_mb=977.1
[timing] old_staged_ablation.forward state=started rss_mb=977.1
[timing] ablation_forward.bind_template state=started rss_mb=977.1
[timing] ablation_forward.bind_template state=completed elapsed_seconds=0.001 rss_mb=977.1
[timing] ablation_forward.rebind_checkpoint state=started rss_mb=977.1
[timing] ablation_forward.rebind_checkpoint state=completed elapsed_seconds=0.000 rss_mb=977.1
ablation forward bound track=text role=selected
[timing] ablation_forward.write_bound_request state=started rss_mb=977.1
[timing] ablation_forward.write_bound_request state=completed elapsed_seconds=0.004 rss_mb=977.1
[timing] ablation_forward.vectors state=started rss_mb=977.1
[timing] ablation_forward.vectors state=completed elapsed_seconds=0.000 rss_mb=977.1
[timing] old_staged_ablation.forward state=completed elapsed_seconds=0.007 rss_mb=977.1
[timing] old_staged_ablation.forward state=started rss_mb=977.1
[timing] ablation_forward.bind_template state=started rss_mb=977.1
[timing] ablation_forward.bind_template state=completed elapsed_seconds=0.002 rss_mb=977.1
[timing] ablation_forward.graph_binding state=started rss_mb=977.1
[timing] ablation_forward.graph_binding state=completed elapsed_seconds=0.007 rss_mb=977.1
[timing] ablation_forward.rebind_checkpoint state=started rss_mb=977.1
[timing] ablation_forward.rebind_checkpoint state=completed elapsed_seconds=0.000 rss_mb=977.1
ablation forward bound track=gnn_only role=selected
[timing] ablation_forward.write_bound_request state=started rss_mb=977.1
[timing] ablation_forward.write_bound_request state=completed elapsed_seconds=0.006 rss_mb=977.1
[timing] ablation_forward.vectors state=started rss_mb=977.1
[timing] ablation_forward.vectors state=completed elapsed_seconds=0.000 rss_mb=977.1
[timing] old_staged_ablation.forward state=completed elapsed_seconds=0.016 rss_mb=977.1
[timing] old_staged_ablation.forward state=started rss_mb=977.1
[timing] ablation_forward.bind_template state=started rss_mb=977.1
[timing] ablation_forward.bind_template state=completed elapsed_seconds=0.001 rss_mb=977.1
[timing] ablation_forward.graph_binding state=started rss_mb=977.1
[timing] ablation_forward.graph_binding state=completed elapsed_seconds=0.016 rss_mb=977.1
[timing] ablation_forward.rebind_checkpoint state=started rss_mb=977.1
[timing] ablation_forward.rebind_checkpoint state=completed elapsed_seconds=0.000 rss_mb=977.1
ablation forward bound track=hybrid role=selected
[timing] ablation_forward.write_bound_request state=started rss_mb=977.1
[timing] ablation_forward.write_bound_request state=completed elapsed_seconds=0.008 rss_mb=977.1
[timing] ablation_forward.vectors state=started rss_mb=977.1
[timing] ablation_forward.vectors state=completed elapsed_seconds=0.000 rss_mb=977.1
[timing] old_staged_ablation.forward state=completed elapsed_seconds=0.027 rss_mb=977.1
[timing] old_staged_ablation.prepare_suite state=started rss_mb=977.1
[timing] ablation_suite.freeze state=started rss_mb=977.1
[timing] ablation_suite.freeze state=completed elapsed_seconds=0.002 rss_mb=977.1
[timing] ablation_suite.support_vocabulary state=started rss_mb=977.1
[timing] prepared_inputs.load_plan state=started rss_mb=977.1
[timing] train.load_pairs state=started rss_mb=977.1
[timing] train.load_pairs state=completed elapsed_seconds=0.003 rss_mb=977.1
[timing] prepared_inputs.load_plan state=completed elapsed_seconds=0.010 rss_mb=977.1
[timing] ablation_suite.support_vocabulary state=completed elapsed_seconds=0.014 rss_mb=977.1
[timing] model_tracks.ablation_prepare load_support_and_vocabulary: 0.017s
[timing] ablation_suite.track_templates state=started rss_mb=977.1
ablation template building track=text
[timing] ablation.prepare state=started rss_mb=977.1
[timing] ablation.prepare.sources state=started rss_mb=977.1
[timing] ablation.prepare.sources state=completed elapsed_seconds=0.003 rss_mb=977.1
[timing] ablation.prepare.cohort state=started rss_mb=977.1
[timing] ablation.prepare.cohort state=completed elapsed_seconds=0.228 rss_mb=977.1
[timing] ablation.prepare.baseline_variants state=started rss_mb=977.1
[timing] ablation.prepare.baseline_variants state=completed elapsed_seconds=0.000 rss_mb=977.1
[timing] ablation.prepare.candidates state=started rss_mb=977.1
[timing] ablation.prepare.candidates state=completed elapsed_seconds=0.000 rss_mb=977.1
[timing] ablation.prepare.persist state=started rss_mb=977.1
[timing] ablation_inputs.prepare_inputs state=started rss_mb=977.1
[timing] ablation_inputs.slice_groups state=started rss_mb=977.1
[timing] ablation_inputs.slice_groups state=completed elapsed_seconds=0.000 rss_mb=977.1
[timing] ablation_inputs.tokens state=started rss_mb=977.1
[timing] ablation_inputs.tokens state=completed elapsed_seconds=0.229 rss_mb=977.6
[timing] ablation_inputs.graph_topology state=started rss_mb=977.6
[timing] ablation_inputs.graph_topology state=completed elapsed_seconds=0.000 rss_mb=977.6
[timing] ablation_inputs.candidate_batches state=started rss_mb=977.6
[timing] ablation_inputs.candidate_batches state=completed elapsed_seconds=0.000 rss_mb=977.6
[timing] ablation_inputs.variant_jobs state=started rss_mb=977.6
[timing] ablation_inputs.variant_jobs state=completed elapsed_seconds=0.001 rss_mb=977.6
[timing] ablation_inputs.publish state=started rss_mb=977.6
[timing] ablation_inputs.publish state=completed elapsed_seconds=0.001 rss_mb=977.6
ablation inputs published token_batches=1 jobs=4
[timing] ablation_inputs.prepare_inputs state=completed elapsed_seconds=0.234 rss_mb=977.6
[timing] ablation.prepare.persist state=completed elapsed_seconds=0.251 rss_mb=977.6
[timing] ablation.prepare state=completed elapsed_seconds=0.485 rss_mb=977.6
[timing] model_tracks.ablation_prepare text_tokens_tensors_and_request: 0.493s
ablation template building track=gnn_only
[timing] ablation.prepare state=started rss_mb=977.6
[timing] ablation.prepare.sources state=started rss_mb=977.6
[timing] ablation.prepare.sources state=completed elapsed_seconds=0.003 rss_mb=977.6
[timing] ablation.prepare.cohort state=started rss_mb=977.6
[timing] ablation.prepare.cohort state=completed elapsed_seconds=0.229 rss_mb=977.6
[timing] ablation.prepare.baseline_variants state=started rss_mb=977.6
[timing] ablation.prepare.baseline_variants state=completed elapsed_seconds=0.001 rss_mb=977.6
[timing] ablation.prepare.candidates state=started rss_mb=977.6
[timing] ablation.prepare.candidates state=completed elapsed_seconds=0.000 rss_mb=977.6
[timing] ablation.prepare.persist state=started rss_mb=977.6
[timing] ablation_inputs.prepare_inputs state=started rss_mb=977.6
[timing] ablation_inputs.slice_groups state=started rss_mb=977.6
[timing] ablation_inputs.slice_groups state=completed elapsed_seconds=0.000 rss_mb=977.6
[timing] ablation_inputs.tokens state=started rss_mb=977.6
[timing] ablation_inputs.tokens state=completed elapsed_seconds=0.000 rss_mb=977.6
[timing] ablation_inputs.graph_topology state=started rss_mb=977.6
[timing] ablation_inputs.graph_topology state=completed elapsed_seconds=0.010 rss_mb=977.6
[timing] ablation_inputs.candidate_batches state=started rss_mb=977.6
[timing] ablation_inputs.candidate_batches state=completed elapsed_seconds=0.006 rss_mb=977.6
[timing] ablation_inputs.variant_jobs state=started rss_mb=977.6
[timing] ablation_inputs.variant_jobs state=completed elapsed_seconds=0.026 rss_mb=977.6
[timing] ablation_inputs.publish state=started rss_mb=977.6
[timing] ablation_inputs.publish state=completed elapsed_seconds=0.038 rss_mb=977.6
ablation inputs published token_batches=0 jobs=4
[timing] ablation_inputs.prepare_inputs state=completed elapsed_seconds=0.083 rss_mb=977.6
[timing] ablation.prepare.persist state=completed elapsed_seconds=0.103 rss_mb=977.6
[timing] ablation.prepare state=completed elapsed_seconds=0.339 rss_mb=977.6
[timing] model_tracks.ablation_prepare gnn_only_tokens_tensors_and_request: 0.361s
ablation template building track=hybrid
[timing] ablation.prepare state=started rss_mb=977.6
[timing] ablation.prepare.sources state=started rss_mb=977.6
[timing] ablation.prepare.sources state=completed elapsed_seconds=0.004 rss_mb=977.6
[timing] ablation.prepare.cohort state=started rss_mb=977.6
[timing] ablation.prepare.cohort state=completed elapsed_seconds=0.239 rss_mb=977.6
[timing] ablation.prepare.baseline_variants state=started rss_mb=977.6
[timing] ablation.prepare.baseline_variants state=completed elapsed_seconds=0.001 rss_mb=977.6
[timing] ablation.prepare.candidates state=started rss_mb=977.6
[timing] ablation.prepare.candidates state=completed elapsed_seconds=0.000 rss_mb=977.6
[timing] ablation.prepare.persist state=started rss_mb=977.6
[timing] ablation_inputs.prepare_inputs state=started rss_mb=977.6
[timing] ablation_inputs.slice_groups state=started rss_mb=977.6
[timing] ablation_inputs.slice_groups state=completed elapsed_seconds=0.000 rss_mb=977.6
[timing] ablation_inputs.tokens state=started rss_mb=977.6
[timing] ablation_inputs.tokens state=completed elapsed_seconds=0.063 rss_mb=977.6
[timing] ablation_inputs.graph_topology state=started rss_mb=977.6
[timing] ablation_inputs.graph_topology state=completed elapsed_seconds=0.009 rss_mb=977.6
[timing] ablation_inputs.candidate_batches state=started rss_mb=977.6
[timing] ablation_inputs.candidate_batches state=completed elapsed_seconds=0.006 rss_mb=977.6
[timing] ablation_inputs.variant_jobs state=started rss_mb=977.6
[timing] ablation_inputs.variant_jobs state=completed elapsed_seconds=0.030 rss_mb=977.6
[timing] ablation_inputs.publish state=started rss_mb=977.6
[timing] ablation_inputs.publish state=completed elapsed_seconds=0.046 rss_mb=977.6
ablation inputs published token_batches=1 jobs=10
[timing] ablation_inputs.prepare_inputs state=completed elapsed_seconds=0.157 rss_mb=977.6
[timing] ablation.prepare.persist state=completed elapsed_seconds=0.193 rss_mb=977.6
[timing] ablation.prepare state=completed elapsed_seconds=0.442 rss_mb=977.6
[timing] model_tracks.ablation_prepare hybrid_tokens_tensors_and_request: 0.466s
[timing] ablation_suite.track_templates state=completed elapsed_seconds=1.321 rss_mb=977.6
[timing] ablation_suite.cleanup_staging state=started rss_mb=977.6
[timing] ablation_suite.cleanup_staging state=completed elapsed_seconds=0.001 rss_mb=977.6
[timing] model_tracks.ablation_prepare cleanup_staging: 0.002s
[timing] old_staged_ablation.prepare_suite state=completed elapsed_seconds=1.340 rss_mb=977.6
[timing] old_staged_ablation.forward state=started rss_mb=977.6
[timing] ablation_forward.bind_template state=started rss_mb=977.6
[timing] ablation_forward.bind_template state=completed elapsed_seconds=0.001 rss_mb=977.6
[timing] ablation_forward.rebind_checkpoint state=started rss_mb=977.6
[timing] ablation_forward.rebind_checkpoint state=completed elapsed_seconds=0.000 rss_mb=977.6
ablation forward bound track=text role=selected
[timing] ablation_forward.write_bound_request state=started rss_mb=977.6
[timing] ablation_forward.write_bound_request state=completed elapsed_seconds=0.011 rss_mb=977.6
[timing] ablation_forward.vectors state=started rss_mb=977.6
[timing] ablation_forward.vectors state=completed elapsed_seconds=0.000 rss_mb=977.6
[timing] old_staged_ablation.forward state=completed elapsed_seconds=0.017 rss_mb=977.6
[timing] old_staged_ablation.forward state=started rss_mb=977.6
[timing] ablation_forward.bind_template state=started rss_mb=977.6
[timing] ablation_forward.bind_template state=completed elapsed_seconds=0.001 rss_mb=977.6
[timing] ablation_forward.graph_binding state=started rss_mb=977.6
[timing] ablation_forward.graph_binding state=completed elapsed_seconds=0.012 rss_mb=977.6
[timing] ablation_forward.rebind_checkpoint state=started rss_mb=977.6
[timing] ablation_forward.rebind_checkpoint state=completed elapsed_seconds=0.003 rss_mb=977.6
ablation forward bound track=gnn_only role=selected
[timing] ablation_forward.write_bound_request state=started rss_mb=977.6
[timing] ablation_forward.write_bound_request state=completed elapsed_seconds=0.010 rss_mb=977.6
[timing] ablation_forward.vectors state=started rss_mb=977.6
[timing] ablation_forward.vectors state=completed elapsed_seconds=0.002 rss_mb=977.6
[timing] old_staged_ablation.forward state=completed elapsed_seconds=0.030 rss_mb=977.6
[timing] old_staged_ablation.forward state=started rss_mb=977.6
[timing] ablation_forward.bind_template state=started rss_mb=977.6
[timing] ablation_forward.bind_template state=completed elapsed_seconds=0.002 rss_mb=977.6
[timing] ablation_forward.graph_binding state=started rss_mb=977.6
[timing] ablation_forward.graph_binding state=completed elapsed_seconds=0.012 rss_mb=977.6
[timing] ablation_forward.rebind_checkpoint state=started rss_mb=977.6
[timing] ablation_forward.rebind_checkpoint state=completed elapsed_seconds=0.000 rss_mb=977.6
ablation forward bound track=hybrid role=selected
[timing] ablation_forward.write_bound_request state=started rss_mb=977.6
[timing] ablation_forward.write_bound_request state=completed elapsed_seconds=0.016 rss_mb=977.6
[timing] ablation_forward.vectors state=started rss_mb=977.6
[timing] ablation_forward.vectors state=completed elapsed_seconds=0.000 rss_mb=977.6
[timing] old_staged_ablation.forward state=completed elapsed_seconds=0.032 rss_mb=977.6
[timing] staged_ablation.prepare_suite state=started rss_mb=977.6
[timing] ablation_suite.freeze state=started rss_mb=977.6
[timing] staged_ablation._freeze_suite state=started rss_mb=977.6
[timing] staged_ablation._cohort_gate state=started rss_mb=977.6
[timing] staged_ablation._cohort_gate state=completed elapsed_seconds=0.000 rss_mb=977.6
[timing] staged_ablation._freeze_config state=started rss_mb=977.6
[timing] staged_ablation._freeze_config state=completed elapsed_seconds=0.001 rss_mb=977.6
[timing] staged_ablation._freeze_suite state=completed elapsed_seconds=0.003 rss_mb=977.6
[timing] ablation_suite.freeze state=completed elapsed_seconds=0.003 rss_mb=977.6
[timing] ablation_suite.support_vocabulary state=started rss_mb=977.6
[timing] staged_ablation._frozen_support state=started rss_mb=977.6
[timing] ablation_support.load state=started rss_mb=977.6
[timing] prepared_inputs.load_plan state=started rss_mb=977.6
[timing] train.load_pairs state=started rss_mb=977.6
[timing] train.load_pairs state=completed elapsed_seconds=0.002 rss_mb=977.6
[timing] prepared_inputs.load_plan state=completed elapsed_seconds=0.010 rss_mb=977.6
[timing] ablation_support.load state=completed elapsed_seconds=0.014 rss_mb=977.6
[timing] staged_ablation._frozen_support state=completed elapsed_seconds=0.015 rss_mb=977.6
[timing] ablation_suite.support_vocabulary state=completed elapsed_seconds=0.015 rss_mb=977.6
[timing] model_tracks.ablation_prepare load_support_and_vocabulary: 0.018s
[timing] ablation_suite.track_templates state=started rss_mb=977.6
ablation template building track=text
[timing] staged_ablation._track_template state=started rss_mb=977.6
[timing] staged_ablation._template_checkpoint state=started rss_mb=977.6
[timing] staged_ablation._template_checkpoint state=completed elapsed_seconds=0.000 rss_mb=977.6
[timing] staged_ablation._track_request state=started rss_mb=977.6
[timing] ablation_template.request state=started rss_mb=977.6
[timing] ablation.prepare state=started rss_mb=977.6
[timing] ablation.prepare.sources state=started rss_mb=977.6
[timing] ablation.prepare.sources state=completed elapsed_seconds=0.003 rss_mb=977.6
[timing] ablation.prepare.cohort state=started rss_mb=977.6
[timing] ablation.prepare.cohort state=completed elapsed_seconds=0.278 rss_mb=977.6
[timing] ablation.prepare.baseline_variants state=started rss_mb=977.6
[timing] ablation.prepare.baseline_variants state=completed elapsed_seconds=0.001 rss_mb=977.6
[timing] ablation.prepare.candidates state=started rss_mb=977.6
[timing] ablation.prepare.candidates state=completed elapsed_seconds=0.000 rss_mb=977.6
[timing] ablation.prepare.persist state=started rss_mb=977.6
[timing] ablation_inputs.prepare_inputs state=started rss_mb=977.6
[timing] ablation_inputs.slice_groups state=started rss_mb=977.6
[timing] ablation_inputs.slice_groups state=completed elapsed_seconds=0.000 rss_mb=977.6
[timing] ablation_inputs.tokens state=started rss_mb=977.6
[timing] ablation_inputs.tokens state=completed elapsed_seconds=0.288 rss_mb=988.4
[timing] ablation_inputs.graph_topology state=started rss_mb=988.4
[timing] ablation_inputs.graph_topology state=completed elapsed_seconds=0.000 rss_mb=988.4
[timing] ablation_inputs.candidate_batches state=started rss_mb=988.4
[timing] ablation_inputs.candidate_batches state=completed elapsed_seconds=0.000 rss_mb=988.4
[timing] ablation_inputs.variant_jobs state=started rss_mb=988.4
[timing] ablation_inputs.variant_jobs state=completed elapsed_seconds=0.000 rss_mb=988.4
[timing] ablation_inputs.publish state=started rss_mb=988.4
[timing] ablation_inputs.publish state=completed elapsed_seconds=0.001 rss_mb=988.4
ablation inputs published token_batches=1 jobs=4
[timing] ablation_inputs.prepare_inputs state=completed elapsed_seconds=0.293 rss_mb=988.4
[timing] ablation.prepare.persist state=completed elapsed_seconds=0.319 rss_mb=988.4
[timing] ablation.prepare state=completed elapsed_seconds=0.604 rss_mb=988.4
[timing] ablation_template.request state=completed elapsed_seconds=0.606 rss_mb=988.4
[timing] staged_ablation._track_request state=completed elapsed_seconds=0.606 rss_mb=988.4
[timing] staged_ablation._track_cohort state=started rss_mb=988.4
[timing] staged_ablation._track_cohort state=completed elapsed_seconds=0.000 rss_mb=988.4
[timing] staged_ablation._anchor_request state=started rss_mb=988.4
[timing] staged_ablation._anchor_request state=completed elapsed_seconds=0.001 rss_mb=988.4
[timing] staged_ablation._copy_template state=started rss_mb=988.4
[timing] staged_ablation._copy_template state=completed elapsed_seconds=0.006 rss_mb=988.4
[timing] model_tracks.ablation_prepare text_tokens_tensors_and_request: 0.615s
[timing] staged_ablation._track_template state=completed elapsed_seconds=0.615 rss_mb=988.4
ablation template building track=gnn_only
[timing] staged_ablation._track_template state=started rss_mb=988.4
[timing] staged_ablation._template_checkpoint state=started rss_mb=988.4
[timing] staged_ablation._template_checkpoint state=completed elapsed_seconds=0.003 rss_mb=988.4
[timing] staged_ablation._track_request state=started rss_mb=988.4
[timing] ablation_template.request state=started rss_mb=988.4
[timing] ablation.prepare state=started rss_mb=988.4
[timing] ablation.prepare.sources state=started rss_mb=988.4
[timing] ablation.prepare.sources state=completed elapsed_seconds=0.003 rss_mb=988.4
[timing] ablation.prepare.cohort state=started rss_mb=988.4
[timing] ablation.prepare.cohort state=completed elapsed_seconds=0.238 rss_mb=988.4
[timing] ablation.prepare.baseline_variants state=started rss_mb=988.4
[timing] ablation.prepare.baseline_variants state=completed elapsed_seconds=0.001 rss_mb=988.4
[timing] ablation.prepare.candidates state=started rss_mb=988.4
[timing] ablation.prepare.candidates state=completed elapsed_seconds=0.000 rss_mb=988.4
[timing] ablation.prepare.persist state=started rss_mb=988.4
[timing] ablation_inputs.prepare_inputs state=started rss_mb=988.4
[timing] ablation_inputs.slice_groups state=started rss_mb=988.4
[timing] ablation_inputs.slice_groups state=completed elapsed_seconds=0.000 rss_mb=988.4
[timing] ablation_inputs.tokens state=started rss_mb=988.4
[timing] ablation_inputs.tokens state=completed elapsed_seconds=0.000 rss_mb=988.4
[timing] ablation_inputs.graph_topology state=started rss_mb=988.4
[timing] ablation_inputs.graph_topology state=completed elapsed_seconds=0.009 rss_mb=988.4
[timing] ablation_inputs.candidate_batches state=started rss_mb=988.4
[timing] ablation_inputs.candidate_batches state=completed elapsed_seconds=0.006 rss_mb=988.4
[timing] ablation_inputs.variant_jobs state=started rss_mb=988.4
[timing] ablation_inputs.variant_jobs state=completed elapsed_seconds=0.024 rss_mb=988.4
[timing] ablation_inputs.publish state=started rss_mb=988.4
[timing] ablation_inputs.publish state=completed elapsed_seconds=0.038 rss_mb=988.4
ablation inputs published token_batches=0 jobs=4
[timing] ablation_inputs.prepare_inputs state=completed elapsed_seconds=0.080 rss_mb=988.4
[timing] ablation.prepare.persist state=completed elapsed_seconds=0.100 rss_mb=988.4
[timing] ablation.prepare state=completed elapsed_seconds=0.345 rss_mb=988.4
[timing] ablation_template.request state=completed elapsed_seconds=0.346 rss_mb=988.4
[timing] staged_ablation._track_request state=completed elapsed_seconds=0.346 rss_mb=988.4
[timing] staged_ablation._track_cohort state=started rss_mb=988.4
[timing] staged_ablation._track_cohort state=completed elapsed_seconds=0.000 rss_mb=988.4
[timing] staged_ablation._anchor_request state=started rss_mb=988.4
[timing] staged_ablation._anchor_request state=completed elapsed_seconds=0.001 rss_mb=988.4
[timing] staged_ablation._copy_template state=started rss_mb=988.4
[timing] staged_ablation._copy_template state=completed elapsed_seconds=0.008 rss_mb=988.4
[timing] model_tracks.ablation_prepare gnn_only_tokens_tensors_and_request: 0.361s
[timing] staged_ablation._track_template state=completed elapsed_seconds=0.360 rss_mb=988.4
ablation template building track=hybrid
[timing] staged_ablation._track_template state=started rss_mb=988.4
[timing] staged_ablation._template_checkpoint state=started rss_mb=988.4
[timing] staged_ablation._template_checkpoint state=completed elapsed_seconds=0.003 rss_mb=988.4
[timing] staged_ablation._track_request state=started rss_mb=988.4
[timing] ablation_template.request state=started rss_mb=988.4
[timing] ablation.prepare state=started rss_mb=988.4
[timing] ablation.prepare.sources state=started rss_mb=988.4
[timing] ablation.prepare.sources state=completed elapsed_seconds=0.004 rss_mb=988.4
[timing] ablation.prepare.cohort state=started rss_mb=988.4
[timing] ablation.prepare.cohort state=completed elapsed_seconds=0.227 rss_mb=988.4
[timing] ablation.prepare.baseline_variants state=started rss_mb=988.4
[timing] ablation.prepare.baseline_variants state=completed elapsed_seconds=0.001 rss_mb=988.4
[timing] ablation.prepare.candidates state=started rss_mb=988.4
[timing] ablation.prepare.candidates state=completed elapsed_seconds=0.000 rss_mb=988.4
[timing] ablation.prepare.persist state=started rss_mb=988.4
[timing] ablation_inputs.prepare_inputs state=started rss_mb=988.4
[timing] ablation_inputs.slice_groups state=started rss_mb=988.4
[timing] ablation_inputs.slice_groups state=completed elapsed_seconds=0.000 rss_mb=988.4
[timing] ablation_inputs.tokens state=started rss_mb=988.4
[timing] ablation_inputs.tokens state=completed elapsed_seconds=0.062 rss_mb=988.8
[timing] ablation_inputs.graph_topology state=started rss_mb=988.8
[timing] ablation_inputs.graph_topology state=completed elapsed_seconds=0.009 rss_mb=988.8
[timing] ablation_inputs.candidate_batches state=started rss_mb=988.8
[timing] ablation_inputs.candidate_batches state=completed elapsed_seconds=0.006 rss_mb=988.8
[timing] ablation_inputs.variant_jobs state=started rss_mb=988.8
[timing] ablation_inputs.variant_jobs state=completed elapsed_seconds=0.030 rss_mb=988.8
[timing] ablation_inputs.publish state=started rss_mb=988.8
[timing] ablation_inputs.publish state=completed elapsed_seconds=0.037 rss_mb=988.8
ablation inputs published token_batches=1 jobs=10
[timing] ablation_inputs.prepare_inputs state=completed elapsed_seconds=0.147 rss_mb=988.8
[timing] ablation.prepare.persist state=completed elapsed_seconds=0.171 rss_mb=988.8
[timing] ablation.prepare state=completed elapsed_seconds=0.405 rss_mb=988.8
[timing] ablation_template.request state=completed elapsed_seconds=0.406 rss_mb=988.8
[timing] staged_ablation._track_request state=completed elapsed_seconds=0.407 rss_mb=988.8
[timing] staged_ablation._track_cohort state=started rss_mb=988.8
[timing] staged_ablation._track_cohort state=completed elapsed_seconds=0.000 rss_mb=988.8
[timing] staged_ablation._anchor_request state=started rss_mb=988.8
[timing] staged_ablation._anchor_request state=completed elapsed_seconds=0.001 rss_mb=988.8
[timing] staged_ablation._copy_template state=started rss_mb=988.8
[timing] staged_ablation._copy_template state=completed elapsed_seconds=0.011 rss_mb=988.8
[timing] model_tracks.ablation_prepare hybrid_tokens_tensors_and_request: 0.423s
[timing] staged_ablation._track_template state=completed elapsed_seconds=0.423 rss_mb=988.8
[timing] ablation_suite.track_templates state=completed elapsed_seconds=1.400 rss_mb=988.8
[timing] ablation_suite.cleanup_staging state=started rss_mb=988.8
[timing] staged_ablation._drop_staging state=started rss_mb=988.8
[timing] staged_ablation._drop_staging state=completed elapsed_seconds=0.001 rss_mb=988.8
[timing] ablation_suite.cleanup_staging state=completed elapsed_seconds=0.001 rss_mb=988.8
[timing] model_tracks.ablation_prepare cleanup_staging: 0.002s
[timing] staged_ablation.prepare_suite state=completed elapsed_seconds=1.420 rss_mb=988.8
[timing] staged_ablation.forward state=started rss_mb=988.8
[timing] ablation_forward.bind_template state=started rss_mb=988.8
[timing] staged_ablation._bind_template state=started rss_mb=988.8
[timing] staged_ablation._read_template state=started rss_mb=988.8
[timing] staged_ablation._read_template state=completed elapsed_seconds=0.001 rss_mb=988.8
[timing] staged_ablation._bind_staged_setup state=started rss_mb=988.8
[timing] staged_ablation._bind_staged_setup state=completed elapsed_seconds=0.000 rss_mb=988.8
[timing] staged_ablation._bind_template state=completed elapsed_seconds=0.001 rss_mb=988.8
[timing] ablation_forward.bind_template state=completed elapsed_seconds=0.001 rss_mb=988.8
[timing] ablation_forward.rebind_checkpoint state=started rss_mb=988.8
[timing] staged_ablation._rebind_checkpoint state=started rss_mb=988.8
[timing] staged_ablation._rebind_checkpoint state=completed elapsed_seconds=0.000 rss_mb=988.8
[timing] ablation_forward.rebind_checkpoint state=completed elapsed_seconds=0.000 rss_mb=988.8
ablation forward bound track=text role=selected
[timing] ablation_forward.write_bound_request state=started rss_mb=988.8
[timing] staged_ablation._bound_folder state=started rss_mb=988.8
[timing] staged_ablation._bound_folder state=completed elapsed_seconds=0.005 rss_mb=988.8
[timing] ablation_forward.write_bound_request state=completed elapsed_seconds=0.005 rss_mb=988.8
[timing] ablation_forward.vectors state=started rss_mb=988.8
[timing] staged_ablation._reuse_or_encode state=started rss_mb=988.8
[timing] staged_ablation._saved_text_default state=started rss_mb=988.8
[timing] staged_ablation._saved_text_default state=completed elapsed_seconds=0.000 rss_mb=988.8
[timing] staged_ablation._encode_vectors state=started rss_mb=988.8
[timing] staged_ablation._encode_vectors state=completed elapsed_seconds=0.000 rss_mb=988.8
[timing] staged_ablation._reuse_or_encode state=completed elapsed_seconds=0.000 rss_mb=988.8
[timing] ablation_forward.vectors state=completed elapsed_seconds=0.001 rss_mb=988.8
[timing] staged_ablation.forward state=completed elapsed_seconds=0.008 rss_mb=988.8
[timing] staged_ablation.forward state=started rss_mb=988.8
[timing] ablation_forward.bind_template state=started rss_mb=988.8
[timing] staged_ablation._bind_template state=started rss_mb=988.8
[timing] staged_ablation._read_template state=started rss_mb=988.8
[timing] staged_ablation._read_template state=completed elapsed_seconds=0.001 rss_mb=988.8
[timing] staged_ablation._bind_staged_setup state=started rss_mb=988.8
[timing] staged_ablation._bind_staged_setup state=completed elapsed_seconds=0.000 rss_mb=988.8
[timing] staged_ablation._bind_template state=completed elapsed_seconds=0.001 rss_mb=988.8
[timing] ablation_forward.bind_template state=completed elapsed_seconds=0.002 rss_mb=988.8
[timing] ablation_forward.graph_binding state=started rss_mb=988.8
[timing] staged_ablation._check_graph_binding state=started rss_mb=988.8
[timing] staged_ablation._check_graph_binding state=completed elapsed_seconds=0.000 rss_mb=988.8
[timing] ablation_forward.graph_binding state=completed elapsed_seconds=0.000 rss_mb=988.8
[timing] ablation_forward.rebind_checkpoint state=started rss_mb=988.8
[timing] staged_ablation._rebind_checkpoint state=started rss_mb=988.8
[timing] staged_ablation._rebind_checkpoint state=completed elapsed_seconds=0.001 rss_mb=988.8
[timing] ablation_forward.rebind_checkpoint state=completed elapsed_seconds=0.002 rss_mb=988.8
ablation forward bound track=gnn_only role=selected
[timing] ablation_forward.write_bound_request state=started rss_mb=988.8
[timing] staged_ablation._bound_folder state=started rss_mb=988.8
[timing] staged_ablation._bound_folder state=completed elapsed_seconds=0.006 rss_mb=988.8
[timing] ablation_forward.write_bound_request state=completed elapsed_seconds=0.006 rss_mb=988.8
[timing] ablation_forward.vectors state=started rss_mb=988.8
[timing] staged_ablation._reuse_or_encode state=started rss_mb=988.8
[timing] staged_ablation._saved_text_default state=started rss_mb=988.8
[timing] staged_ablation._saved_text_default state=completed elapsed_seconds=0.000 rss_mb=988.8
[timing] staged_ablation._encode_vectors state=started rss_mb=988.8
[timing] staged_ablation._encode_vectors state=completed elapsed_seconds=0.000 rss_mb=988.8
[timing] staged_ablation._reuse_or_encode state=completed elapsed_seconds=0.000 rss_mb=988.8
[timing] ablation_forward.vectors state=completed elapsed_seconds=0.001 rss_mb=988.8
[timing] staged_ablation.forward state=completed elapsed_seconds=0.011 rss_mb=988.8
[timing] staged_ablation.forward state=started rss_mb=988.8
[timing] ablation_forward.bind_template state=started rss_mb=988.8
[timing] staged_ablation._bind_template state=started rss_mb=988.8
[timing] staged_ablation._read_template state=started rss_mb=988.8
[timing] staged_ablation._read_template state=completed elapsed_seconds=0.001 rss_mb=988.8
[timing] staged_ablation._bind_staged_setup state=started rss_mb=988.8
[timing] staged_ablation._bind_staged_setup state=completed elapsed_seconds=0.000 rss_mb=988.8
[timing] staged_ablation._bind_template state=completed elapsed_seconds=0.002 rss_mb=988.8
[timing] ablation_forward.bind_template state=completed elapsed_seconds=0.002 rss_mb=988.8
[timing] ablation_forward.graph_binding state=started rss_mb=988.8
[timing] staged_ablation._check_graph_binding state=started rss_mb=988.8
[timing] staged_ablation._check_graph_binding state=completed elapsed_seconds=0.000 rss_mb=988.8
[timing] ablation_forward.graph_binding state=completed elapsed_seconds=0.000 rss_mb=988.8
[timing] ablation_forward.rebind_checkpoint state=started rss_mb=988.8
[timing] staged_ablation._rebind_checkpoint state=started rss_mb=988.8
[timing] staged_ablation._rebind_checkpoint state=completed elapsed_seconds=0.002 rss_mb=988.8
[timing] ablation_forward.rebind_checkpoint state=completed elapsed_seconds=0.002 rss_mb=988.8
ablation forward bound track=hybrid role=selected
[timing] ablation_forward.write_bound_request state=started rss_mb=988.8
[timing] staged_ablation._bound_folder state=started rss_mb=988.8
[timing] staged_ablation._bound_folder state=completed elapsed_seconds=0.010 rss_mb=988.8
[timing] ablation_forward.write_bound_request state=completed elapsed_seconds=0.010 rss_mb=988.8
[timing] ablation_forward.vectors state=started rss_mb=988.8
[timing] staged_ablation._reuse_or_encode state=started rss_mb=988.8
[timing] staged_ablation._saved_text_default state=started rss_mb=988.8
[timing] staged_ablation._saved_text_default state=completed elapsed_seconds=0.000 rss_mb=988.8
[timing] staged_ablation._encode_vectors state=started rss_mb=988.8
[timing] staged_ablation._encode_vectors state=completed elapsed_seconds=0.000 rss_mb=988.8
[timing] staged_ablation._reuse_or_encode state=completed elapsed_seconds=0.000 rss_mb=988.8
[timing] ablation_forward.vectors state=completed elapsed_seconds=0.001 rss_mb=988.8
[timing] staged_ablation.forward state=completed elapsed_seconds=0.015 rss_mb=988.8
