[timing] abl.prepare state=started rss_mb=1385.0
[timing] ablation.prepare state=started rss_mb=1385.0
[timing] ablation.prepare.sources state=started rss_mb=1385.0
[timing] ablation.prepare.sources state=completed elapsed_seconds=0.015 rss_mb=1385.0
[timing] ablation.prepare.cohort state=started rss_mb=1385.0
[timing] ablation.prepare.cohort state=completed elapsed_seconds=25.149 rss_mb=1385.0
[timing] ablation.prepare.baseline_variants state=started rss_mb=1385.0
[timing] ablation.prepare.baseline_variants state=completed elapsed_seconds=19.444 rss_mb=1385.0
[timing] ablation.prepare.candidates state=started rss_mb=1385.0
[timing] ablation.prepare.candidates state=completed elapsed_seconds=117.583 rss_mb=1385.0
[timing] ablation.prepare.persist state=started rss_mb=1385.0
[timing] ablation_inputs.prepare_inputs state=started rss_mb=1385.0
[timing] ablation_inputs.slice_groups state=started rss_mb=1385.0
[timing] ablation_inputs.slice_groups state=completed elapsed_seconds=0.009 rss_mb=1385.0
[timing] ablation_inputs.tokens state=started rss_mb=1385.0
[timing] ablation_inputs.tokens state=completed elapsed_seconds=7.273 rss_mb=1385.0
[timing] ablation_inputs.graph_topology state=started rss_mb=1385.0
[timing] ablation_inputs.graph_topology state=completed elapsed_seconds=0.000 rss_mb=1385.0
[timing] ablation_inputs.candidate_batches state=started rss_mb=1385.0
[timing] ablation_inputs.candidate_batches state=completed elapsed_seconds=0.000 rss_mb=1385.0
[timing] ablation_inputs.variant_jobs state=started rss_mb=1385.0
[timing] ablation_inputs.variant_jobs state=completed elapsed_seconds=0.077 rss_mb=1385.0
[timing] ablation_inputs.publish state=started rss_mb=1385.0
[timing] ablation_inputs.publish state=completed elapsed_seconds=0.405 rss_mb=1385.0
ablation inputs published token_batches=176 jobs=36
[timing] ablation_inputs.prepare_inputs state=completed elapsed_seconds=7.770 rss_mb=1385.0
[timing] ablation.prepare.persist state=completed elapsed_seconds=10.922 rss_mb=1385.0
[timing] ablation.prepare state=completed elapsed_seconds=173.134 rss_mb=1385.0
[timing] abl.prepare state=completed elapsed_seconds=173.134 rss_mb=1385.0
[timing] abl.encode state=started rss_mb=1385.0
[timing] ablation.encode state=started rss_mb=1385.0
[timing] ablation.encode.text_vectors state=started rss_mb=1385.0
[timing] ablation.encode.text_vectors state=failed elapsed_seconds=0.418 rss_mb=1385.0
[traceback] ablation.encode.text_vectors
Traceback (most recent call last):
  File "/tmp/opc/ER-opt-A/src/core/step_trace.py", line 103, in trace_step
    yield
  File "/tmp/opc/ER-opt-A/src/core/run_log.py", line 81, in section
    yield
  File "/tmp/opc/ER-opt-A/src/model_tracks/ablation.py", line 617, in encode
    text_vectors = _prepared_text_vectors(request, arrays, plan, device, track, text_model, saved_text)
  File "/tmp/opc/ER-opt-A/src/model_tracks/ablation.py", line 502, in _prepared_text_vectors
    raise ValueError('baseline text export differs from prepared native text/checkpoint')
ValueError: baseline text export differs from prepared native text/checkpoint

[timing] ablation.encode state=failed elapsed_seconds=0.537 rss_mb=1385.0
[traceback] ablation.encode
Traceback (most recent call last):
  File "/tmp/opc/ER-opt-A/src/core/step_trace.py", line 81, in wrapper
    result = function(*args, **kwargs)
  File "/tmp/opc/ER-opt-A/src/model_tracks/ablation.py", line 101, in wrapped
    return function(request_path,*args,**kwargs)
  File "/tmp/opc/ER-opt-A/src/model_tracks/ablation.py", line 617, in encode
    text_vectors = _prepared_text_vectors(request, arrays, plan, device, track, text_model, saved_text)
  File "/tmp/opc/ER-opt-A/src/model_tracks/ablation.py", line 502, in _prepared_text_vectors
    raise ValueError('baseline text export differs from prepared native text/checkpoint')
ValueError: baseline text export differs from prepared native text/checkpoint

[timing] abl.encode state=failed elapsed_seconds=0.538 rss_mb=1385.0
[traceback] abl.encode
Traceback (most recent call last):
  File "/tmp/opc/ER-opt-A/src/core/step_trace.py", line 103, in trace_step
    yield
  File "/tmp/opc/ER-opt-A/scripts/ablation_timing.py", line 257, in run_round
    ablation.encode(request_path, result, device='cpu', saved_text=SAVED_TEXT)
    ~~~~~~~~~~~~~~~^^^^^^^^^^^^^^^^^^^^^^^^^^^^^^^^^^^^^^^^^^^^^^^^^^^^^^^^^^^
  File "/tmp/opc/ER-opt-A/src/core/step_trace.py", line 81, in wrapper
    result = function(*args, **kwargs)
  File "/tmp/opc/ER-opt-A/src/model_tracks/ablation.py", line 101, in wrapped
    return function(request_path,*args,**kwargs)
  File "/tmp/opc/ER-opt-A/src/model_tracks/ablation.py", line 617, in encode
    text_vectors = _prepared_text_vectors(request, arrays, plan, device, track, text_model, saved_text)
  File "/tmp/opc/ER-opt-A/src/model_tracks/ablation.py", line 502, in _prepared_text_vectors
    raise ValueError('baseline text export differs from prepared native text/checkpoint')
ValueError: baseline text export differs from prepared native text/checkpoint

