[timing] abl.forward state=started rss_mb=698.9
[timing] baseline_ablation.forward state=started rss_mb=699.1
[timing] ablation.baseline.forward state=started rss_mb=699.1
[timing] staged_ablation.forward state=started rss_mb=702.3
[timing] ablation_forward.bind_template state=started rss_mb=702.3
[timing] ablation_forward.bind_template state=completed elapsed_seconds=0.010 rss_mb=703.8
[timing] ablation_forward.rebind_checkpoint state=started rss_mb=703.8
[timing] ablation_forward.rebind_checkpoint state=completed elapsed_seconds=0.074 rss_mb=790.4
ablation forward bound track=text role=baseline
[timing] ablation_forward.write_bound_request state=started rss_mb=790.4
[timing] ablation_forward.write_bound_request state=completed elapsed_seconds=0.328 rss_mb=790.4
[timing] ablation_forward.vectors state=started rss_mb=790.4
[timing] ablation.encode state=started rss_mb=790.4
[timing] ablation.encode.text_vectors state=started rss_mb=790.4
[timing] ablation.encode.text_vectors state=completed elapsed_seconds=43.683 rss_mb=1256.5
[timing] ablation.encode.graph_encoder state=started rss_mb=1256.5
[timing] ablation.encode.graph_encoder state=completed elapsed_seconds=0.000 rss_mb=1256.5
[timing] ablation.encode.candidates state=started rss_mb=1256.5
[timing] ablation.encode.candidates state=completed elapsed_seconds=0.001 rss_mb=1256.5
[timing] ablation.encode.jobs state=started rss_mb=1256.5
[timing] ablation.encode.jobs state=completed elapsed_seconds=0.016 rss_mb=1256.5
[timing] ablation.encode.persist state=started rss_mb=1256.5
[timing] ablation.encode.persist state=completed elapsed_seconds=0.436 rss_mb=1256.5
[timing] ablation.encode state=completed elapsed_seconds=44.193 rss_mb=1256.5
[timing] ablation_forward.vectors state=completed elapsed_seconds=44.199 rss_mb=1256.5
[timing] staged_ablation.forward state=completed elapsed_seconds=44.617 rss_mb=1256.5
[timing] ablation.baseline.forward state=completed elapsed_seconds=44.640 rss_mb=1256.5
[timing] baseline_ablation.forward state=completed elapsed_seconds=44.640 rss_mb=1256.5
[timing] abl.forward state=completed elapsed_seconds=44.645 rss_mb=1256.5
[timing] abl.complete state=started rss_mb=1256.5
[timing] baseline_ablation.complete state=started rss_mb=1256.5
[timing] ablation.baseline.load state=started rss_mb=1256.5
[timing] baseline_ablation._saved_vectors state=started rss_mb=1256.5
[timing] ablation.baseline.saved_vectors state=started rss_mb=1256.5
[timing] ablation.baseline.saved_vectors state=completed elapsed_seconds=0.014 rss_mb=1256.5
[timing] baseline_ablation._saved_vectors state=completed elapsed_seconds=0.015 rss_mb=1256.5
[timing] baseline_ablation._dev_scores state=started rss_mb=1256.5
[timing] ablation.baseline.dev_scores state=started rss_mb=1256.5
[timing] train.load_pairs state=started rss_mb=1256.5
[timing] train.load_pairs state=completed elapsed_seconds=0.015 rss_mb=1256.5
[timing] ablation.baseline.dev_scores state=completed elapsed_seconds=0.015 rss_mb=1256.5
[timing] baseline_ablation._dev_scores state=completed elapsed_seconds=0.015 rss_mb=1256.5
[timing] ablation.baseline.load state=completed elapsed_seconds=0.076 rss_mb=1256.5
[timing] ablation.baseline.calibration state=started rss_mb=1256.5
[timing] baseline_ablation._calibrated_calibration state=started rss_mb=1256.5
[timing] ablation.baseline.calibrate state=started rss_mb=1256.5
[timing] ablation.baseline.calibrate state=completed elapsed_seconds=0.091 rss_mb=1256.5
[timing] baseline_ablation._calibrated_calibration state=completed elapsed_seconds=0.093 rss_mb=1256.5
[timing] baseline_ablation._frozen_calibration state=started rss_mb=1256.5
[timing] ablation.baseline.seal state=started rss_mb=1256.5
[timing] ablation.baseline.seal state=completed elapsed_seconds=0.000 rss_mb=1256.5
[timing] baseline_ablation._frozen_calibration state=completed elapsed_seconds=0.001 rss_mb=1256.5
[timing] baseline_ablation._frozen_report state=started rss_mb=1256.5
[timing] ablation.baseline.frozen_report state=started rss_mb=1256.5
[timing] ablation.report state=started rss_mb=1256.5
[timing] ablation.report.comparison state=started rss_mb=1256.5
[timing] ablation._comparison_rows state=started rss_mb=1256.5
[timing] ablation._comparison_rows state=completed elapsed_seconds=0.406 rss_mb=1256.5
[timing] ablation.report.comparison state=completed elapsed_seconds=0.524 rss_mb=1256.5
[timing] ablation.report state=completed elapsed_seconds=0.670 rss_mb=1256.5
[timing] ablation.baseline.frozen_report state=completed elapsed_seconds=0.675 rss_mb=1256.5
[timing] baseline_ablation._frozen_report state=completed elapsed_seconds=0.675 rss_mb=1256.5
[timing] baseline_ablation._persist_baseline state=started rss_mb=1256.5
[timing] ablation.baseline.persist state=started rss_mb=1256.5
[timing] ablation.baseline.persist state=completed elapsed_seconds=3.052 rss_mb=1256.5
[timing] baseline_ablation._persist_baseline state=completed elapsed_seconds=3.053 rss_mb=1256.5
[timing] ablation.baseline.calibration state=completed elapsed_seconds=3.832 rss_mb=1256.5
[timing] baseline_ablation.complete state=completed elapsed_seconds=3.915 rss_mb=1256.5
[timing] abl.complete state=completed elapsed_seconds=3.915 rss_mb=1256.5
[timing] abl.forward state=started rss_mb=1256.5
[timing] baseline_ablation.forward state=started rss_mb=1256.5
[timing] ablation.baseline.forward state=started rss_mb=1256.5
[timing] staged_ablation.forward state=started rss_mb=1256.5
[timing] ablation_forward.bind_template state=started rss_mb=1256.5
[timing] ablation_forward.bind_template state=completed elapsed_seconds=0.007 rss_mb=1256.5
[timing] ablation_forward.rebind_checkpoint state=started rss_mb=1256.5
[timing] ablation_forward.rebind_checkpoint state=completed elapsed_seconds=0.001 rss_mb=1256.5
ablation forward bound track=text role=baseline
[timing] ablation_forward.write_bound_request state=started rss_mb=1256.5
[timing] ablation_forward.write_bound_request state=completed elapsed_seconds=0.359 rss_mb=1256.5
[timing] ablation_forward.vectors state=started rss_mb=1256.5
[timing] ablation.encode state=started rss_mb=1256.5
[timing] ablation.encode.text_vectors state=started rss_mb=1256.5
[timing] ablation.encode.text_vectors state=completed elapsed_seconds=30.541 rss_mb=1308.6
[timing] ablation.encode.graph_encoder state=started rss_mb=1308.6
[timing] ablation.encode.graph_encoder state=completed elapsed_seconds=0.000 rss_mb=1308.6
[timing] ablation.encode.candidates state=started rss_mb=1308.6
[timing] ablation.encode.candidates state=completed elapsed_seconds=0.000 rss_mb=1308.6
[timing] ablation.encode.jobs state=started rss_mb=1308.6
[timing] ablation.encode.jobs state=completed elapsed_seconds=0.010 rss_mb=1308.6
[timing] ablation.encode.persist state=started rss_mb=1308.6
[timing] ablation.encode.persist state=completed elapsed_seconds=0.337 rss_mb=1308.6
[timing] ablation.encode state=completed elapsed_seconds=30.913 rss_mb=1308.6
[timing] ablation_forward.vectors state=completed elapsed_seconds=30.915 rss_mb=1308.6
[timing] staged_ablation.forward state=completed elapsed_seconds=31.287 rss_mb=1308.6
[timing] ablation.baseline.forward state=completed elapsed_seconds=31.294 rss_mb=1308.6
[timing] baseline_ablation.forward state=completed elapsed_seconds=31.295 rss_mb=1308.6
[timing] abl.forward state=completed elapsed_seconds=31.298 rss_mb=1308.6
[timing] abl.complete state=started rss_mb=1308.6
[timing] baseline_ablation.complete state=started rss_mb=1308.6
[timing] ablation.baseline.load state=started rss_mb=1308.6
[timing] baseline_ablation._saved_vectors state=started rss_mb=1308.6
[timing] ablation.baseline.saved_vectors state=started rss_mb=1308.6
[timing] ablation.baseline.saved_vectors state=completed elapsed_seconds=0.006 rss_mb=1308.6
[timing] baseline_ablation._saved_vectors state=completed elapsed_seconds=0.007 rss_mb=1308.6
[timing] baseline_ablation._dev_scores state=started rss_mb=1308.6
[timing] ablation.baseline.dev_scores state=started rss_mb=1308.6
[timing] train.load_pairs state=started rss_mb=1308.6
[timing] train.load_pairs state=completed elapsed_seconds=0.008 rss_mb=1308.6
[timing] ablation.baseline.dev_scores state=completed elapsed_seconds=0.009 rss_mb=1308.6
[timing] baseline_ablation._dev_scores state=completed elapsed_seconds=0.009 rss_mb=1308.6
[timing] ablation.baseline.load state=completed elapsed_seconds=0.052 rss_mb=1308.6
[timing] ablation.baseline.calibration state=started rss_mb=1308.6
[timing] baseline_ablation._calibrated_calibration state=started rss_mb=1308.6
[timing] ablation.baseline.calibrate state=started rss_mb=1308.6
[timing] ablation.baseline.calibrate state=completed elapsed_seconds=0.008 rss_mb=1308.6
[timing] baseline_ablation._calibrated_calibration state=completed elapsed_seconds=0.008 rss_mb=1308.6
[timing] baseline_ablation._frozen_calibration state=started rss_mb=1308.6
[timing] ablation.baseline.seal state=started rss_mb=1308.6
[timing] ablation.baseline.seal state=completed elapsed_seconds=0.000 rss_mb=1308.6
[timing] baseline_ablation._frozen_calibration state=completed elapsed_seconds=0.001 rss_mb=1308.6
[timing] baseline_ablation._frozen_report state=started rss_mb=1308.6
[timing] ablation.baseline.frozen_report state=started rss_mb=1308.6
[timing] ablation.report state=started rss_mb=1308.6
[timing] ablation.report.comparison state=started rss_mb=1308.6
[timing] ablation._comparison_rows state=started rss_mb=1308.6
[timing] ablation._comparison_rows state=completed elapsed_seconds=0.450 rss_mb=1308.6
[timing] ablation.report.comparison state=completed elapsed_seconds=0.567 rss_mb=1308.6
[timing] ablation.report state=completed elapsed_seconds=0.705 rss_mb=1308.6
[timing] ablation.baseline.frozen_report state=completed elapsed_seconds=0.706 rss_mb=1308.6
[timing] baseline_ablation._frozen_report state=completed elapsed_seconds=0.707 rss_mb=1308.6
[timing] baseline_ablation._persist_baseline state=started rss_mb=1308.6
[timing] ablation.baseline.persist state=started rss_mb=1308.6
[timing] ablation.baseline.persist state=completed elapsed_seconds=3.337 rss_mb=1308.6
[timing] baseline_ablation._persist_baseline state=completed elapsed_seconds=3.337 rss_mb=1308.6
[timing] ablation.baseline.calibration state=completed elapsed_seconds=4.069 rss_mb=1308.6
[timing] baseline_ablation.complete state=completed elapsed_seconds=4.131 rss_mb=1308.6
[timing] abl.complete state=completed elapsed_seconds=4.131 rss_mb=1308.6
[timing] abl.forward state=started rss_mb=1308.6
[timing] baseline_ablation.forward state=started rss_mb=1308.6
[timing] ablation.baseline.forward state=started rss_mb=1308.6
[timing] staged_ablation.forward state=started rss_mb=1308.6
[timing] ablation_forward.bind_template state=started rss_mb=1308.6
[timing] ablation_forward.bind_template state=completed elapsed_seconds=0.007 rss_mb=1308.6
[timing] ablation_forward.rebind_checkpoint state=started rss_mb=1308.6
[timing] ablation_forward.rebind_checkpoint state=completed elapsed_seconds=0.001 rss_mb=1308.6
ablation forward bound track=text role=baseline
[timing] ablation_forward.write_bound_request state=started rss_mb=1308.6
[timing] ablation_forward.write_bound_request state=completed elapsed_seconds=0.343 rss_mb=1308.6
[timing] ablation_forward.vectors state=started rss_mb=1308.6
[timing] ablation.encode state=started rss_mb=1308.6
[timing] ablation.encode.text_vectors state=started rss_mb=1308.6
[timing] ablation.encode.text_vectors state=completed elapsed_seconds=29.459 rss_mb=1308.6
[timing] ablation.encode.graph_encoder state=started rss_mb=1308.6
[timing] ablation.encode.graph_encoder state=completed elapsed_seconds=0.000 rss_mb=1308.6
[timing] ablation.encode.candidates state=started rss_mb=1308.6
[timing] ablation.encode.candidates state=completed elapsed_seconds=0.000 rss_mb=1308.6
[timing] ablation.encode.jobs state=started rss_mb=1308.6
[timing] ablation.encode.jobs state=completed elapsed_seconds=0.017 rss_mb=1308.6
[timing] ablation.encode.persist state=started rss_mb=1308.6
[timing] ablation.encode.persist state=completed elapsed_seconds=0.343 rss_mb=1308.6
[timing] ablation.encode state=completed elapsed_seconds=29.843 rss_mb=1308.6
[timing] ablation_forward.vectors state=completed elapsed_seconds=29.844 rss_mb=1308.6
[timing] staged_ablation.forward state=completed elapsed_seconds=30.198 rss_mb=1308.6
[timing] ablation.baseline.forward state=completed elapsed_seconds=30.204 rss_mb=1308.6
[timing] baseline_ablation.forward state=completed elapsed_seconds=30.205 rss_mb=1308.6
[timing] abl.forward state=completed elapsed_seconds=30.206 rss_mb=1308.6
[timing] abl.complete state=started rss_mb=1308.6
[timing] baseline_ablation.complete state=started rss_mb=1308.6
[timing] ablation.baseline.load state=started rss_mb=1308.6
[timing] baseline_ablation._saved_vectors state=started rss_mb=1308.6
[timing] ablation.baseline.saved_vectors state=started rss_mb=1308.6
[timing] ablation.baseline.saved_vectors state=completed elapsed_seconds=0.006 rss_mb=1308.6
[timing] baseline_ablation._saved_vectors state=completed elapsed_seconds=0.007 rss_mb=1308.6
[timing] baseline_ablation._dev_scores state=started rss_mb=1308.6
[timing] ablation.baseline.dev_scores state=started rss_mb=1308.6
[timing] train.load_pairs state=started rss_mb=1308.6
[timing] train.load_pairs state=completed elapsed_seconds=0.005 rss_mb=1308.6
[timing] ablation.baseline.dev_scores state=completed elapsed_seconds=0.006 rss_mb=1308.6
[timing] baseline_ablation._dev_scores state=completed elapsed_seconds=0.006 rss_mb=1308.6
[timing] ablation.baseline.load state=completed elapsed_seconds=0.032 rss_mb=1308.6
[timing] ablation.baseline.calibration state=started rss_mb=1308.6
[timing] baseline_ablation._calibrated_calibration state=started rss_mb=1308.6
[timing] ablation.baseline.calibrate state=started rss_mb=1308.6
[timing] ablation.baseline.calibrate state=completed elapsed_seconds=0.003 rss_mb=1308.6
[timing] baseline_ablation._calibrated_calibration state=completed elapsed_seconds=0.004 rss_mb=1308.6
[timing] baseline_ablation._frozen_calibration state=started rss_mb=1308.6
[timing] ablation.baseline.seal state=started rss_mb=1308.6
[timing] ablation.baseline.seal state=completed elapsed_seconds=0.000 rss_mb=1308.6
[timing] baseline_ablation._frozen_calibration state=completed elapsed_seconds=0.001 rss_mb=1308.6
[timing] baseline_ablation._frozen_report state=started rss_mb=1308.6
[timing] ablation.baseline.frozen_report state=started rss_mb=1308.6
[timing] ablation.report state=started rss_mb=1308.6
[timing] ablation.report.comparison state=started rss_mb=1308.6
[timing] ablation._comparison_rows state=started rss_mb=1308.6
[timing] ablation._comparison_rows state=completed elapsed_seconds=0.394 rss_mb=1308.6
[timing] ablation.report.comparison state=completed elapsed_seconds=0.511 rss_mb=1308.6
[timing] ablation.report state=completed elapsed_seconds=0.600 rss_mb=1308.6
[timing] ablation.baseline.frozen_report state=completed elapsed_seconds=0.605 rss_mb=1308.6
[timing] baseline_ablation._frozen_report state=completed elapsed_seconds=0.606 rss_mb=1308.6
[timing] baseline_ablation._persist_baseline state=started rss_mb=1308.6
[timing] ablation.baseline.persist state=started rss_mb=1308.6
[timing] ablation.baseline.persist state=completed elapsed_seconds=2.791 rss_mb=1308.6
[timing] baseline_ablation._persist_baseline state=completed elapsed_seconds=2.791 rss_mb=1308.6
[timing] ablation.baseline.calibration state=completed elapsed_seconds=3.410 rss_mb=1308.6
[timing] baseline_ablation.complete state=completed elapsed_seconds=3.451 rss_mb=1308.6
[timing] abl.complete state=completed elapsed_seconds=3.451 rss_mb=1308.6
