[timing] abl.prepare state=started rss_mb=689.8
[timing] ablation.prepare state=started rss_mb=689.8
[timing] ablation.prepare.sources state=started rss_mb=689.8
[timing] ablation.prepare.sources state=completed elapsed_seconds=0.017 rss_mb=689.8
[timing] ablation.prepare.cohort state=started rss_mb=689.8
[timing] ablation.prepare.cohort state=completed elapsed_seconds=15.220 rss_mb=689.8
[timing] ablation.prepare.baseline_variants state=started rss_mb=689.8
[timing] ablation.prepare.baseline_variants state=completed elapsed_seconds=11.195 rss_mb=689.8
[timing] ablation.prepare.candidates state=started rss_mb=689.8
[timing] ablation.prepare.candidates state=completed elapsed_seconds=17.777 rss_mb=689.8
[timing] ablation.prepare.persist state=started rss_mb=689.8
[timing] ablation_inputs.prepare_inputs state=started rss_mb=689.8
[timing] ablation_inputs.slice_groups state=started rss_mb=689.8
[timing] ablation_inputs.slice_groups state=completed elapsed_seconds=0.005 rss_mb=689.8
[timing] ablation_inputs.tokens state=started rss_mb=689.8
[timing] ablation_inputs.tokens state=completed elapsed_seconds=10.541 rss_mb=1007.1
[timing] ablation_inputs.graph_topology state=started rss_mb=1007.1
[timing] ablation_inputs.graph_topology state=completed elapsed_seconds=0.000 rss_mb=1007.1
[timing] ablation_inputs.candidate_batches state=started rss_mb=1007.1
[timing] ablation_inputs.candidate_batches state=completed elapsed_seconds=0.000 rss_mb=1007.1
[timing] ablation_inputs.variant_jobs state=started rss_mb=1007.1
[timing] ablation_inputs.variant_jobs state=completed elapsed_seconds=0.058 rss_mb=1007.1
[timing] ablation_inputs.publish state=started rss_mb=1007.1
[timing] ablation_inputs.publish state=completed elapsed_seconds=0.135 rss_mb=1007.1
ablation inputs published token_batches=66 jobs=36
[timing] ablation_inputs.prepare_inputs state=completed elapsed_seconds=10.740 rss_mb=1007.1
[timing] ablation.prepare.persist state=completed elapsed_seconds=13.184 rss_mb=1012.8
[timing] ablation.prepare state=completed elapsed_seconds=57.401 rss_mb=1012.8
[timing] abl.prepare state=completed elapsed_seconds=57.403 rss_mb=1012.8
[timing] abl.encode state=started rss_mb=1012.8
[timing] ablation.encode state=started rss_mb=1012.8
[timing] ablation.encode.text_vectors state=started rss_mb=1012.8
[timing] ablation.encode.text_vectors state=completed elapsed_seconds=107.430 rss_mb=1292.4
[timing] ablation.encode.graph_encoder state=started rss_mb=1292.4
[timing] ablation.encode.graph_encoder state=completed elapsed_seconds=0.000 rss_mb=1292.4
[timing] ablation.encode.candidates state=started rss_mb=1292.4
[timing] ablation.encode.candidates state=completed elapsed_seconds=0.001 rss_mb=1292.4
[timing] ablation.encode.jobs state=started rss_mb=1292.4
[timing] ablation.encode.jobs state=completed elapsed_seconds=0.017 rss_mb=1292.4
[timing] ablation.encode.persist state=started rss_mb=1292.4
[timing] ablation.encode.persist state=completed elapsed_seconds=1.494 rss_mb=1292.4
[timing] ablation.encode state=completed elapsed_seconds=109.000 rss_mb=1292.4
[timing] abl.encode state=completed elapsed_seconds=109.001 rss_mb=1292.4
[timing] abl.report state=started rss_mb=1292.4
[timing] ablation.report state=started rss_mb=1292.4
[timing] ablation.report.comparison state=started rss_mb=1292.4
[timing] ablation._comparison_rows state=started rss_mb=1292.4
[timing] ablation._comparison_rows state=completed elapsed_seconds=2.497 rss_mb=1292.4
[timing] ablation.report.comparison state=completed elapsed_seconds=2.952 rss_mb=1292.4
[timing] ablation.report state=completed elapsed_seconds=17.792 rss_mb=1292.4
[timing] abl.report state=completed elapsed_seconds=17.793 rss_mb=1292.4
round 100 wall=184.2s -> /tmp/opc/ER-reg2-A/artifacts/abl_opt/rounds/round100
