[timing] abl.forward state=started rss_mb=613.6
[timing] baseline_ablation.forward state=started rss_mb=613.7
[timing] ablation.baseline.forward state=started rss_mb=613.7
[timing] staged_ablation.forward state=started rss_mb=616.8
[timing] ablation_forward.bind_template state=started rss_mb=616.8
[timing] ablation_forward.bind_template state=completed elapsed_seconds=0.007 rss_mb=618.2
[timing] ablation_forward.rebind_checkpoint state=started rss_mb=618.2
[timing] ablation_forward.rebind_checkpoint state=completed elapsed_seconds=0.095 rss_mb=704.8
ablation forward bound track=text role=baseline
[timing] ablation_forward.write_bound_request state=started rss_mb=704.8
[timing] ablation_forward.write_bound_request state=completed elapsed_seconds=0.249 rss_mb=704.8
[timing] ablation_forward.vectors state=started rss_mb=704.8
[timing] ablation.encode state=started rss_mb=704.8
[timing] ablation.encode.text_vectors state=started rss_mb=704.8
[timing] ablation.encode.text_vectors state=completed elapsed_seconds=34.821 rss_mb=1260.1
[timing] ablation.encode.graph_encoder state=started rss_mb=1260.1
[timing] ablation.encode.graph_encoder state=completed elapsed_seconds=0.000 rss_mb=1260.1
[timing] ablation.encode.candidates state=started rss_mb=1260.1
[timing] ablation.encode.candidates state=completed elapsed_seconds=0.001 rss_mb=1260.1
[timing] ablation.encode.jobs state=started rss_mb=1260.1
[timing] ablation.encode.jobs state=completed elapsed_seconds=0.010 rss_mb=1260.1
[timing] ablation.encode.persist state=started rss_mb=1260.1
[timing] ablation.encode.persist state=completed elapsed_seconds=0.310 rss_mb=1260.1
[timing] ablation.encode state=completed elapsed_seconds=35.173 rss_mb=1260.1
[timing] ablation_forward.vectors state=completed elapsed_seconds=35.173 rss_mb=1260.1
[timing] staged_ablation.forward state=completed elapsed_seconds=35.526 rss_mb=1260.1
[timing] ablation.baseline.forward state=completed elapsed_seconds=35.534 rss_mb=1260.1
[timing] baseline_ablation.forward state=completed elapsed_seconds=35.535 rss_mb=1260.1
[timing] abl.forward state=completed elapsed_seconds=35.538 rss_mb=1260.1
[timing] abl.complete state=started rss_mb=1260.1
[timing] baseline_ablation.complete state=started rss_mb=1260.1
[timing] ablation.baseline.load state=started rss_mb=1260.1
[timing] baseline_ablation._saved_vectors state=started rss_mb=1260.1
[timing] ablation.baseline.saved_vectors state=started rss_mb=1260.1
[timing] ablation.baseline.saved_vectors state=completed elapsed_seconds=0.006 rss_mb=1260.1
[timing] baseline_ablation._saved_vectors state=completed elapsed_seconds=0.007 rss_mb=1260.1
[timing] baseline_ablation._dev_scores state=started rss_mb=1260.1
[timing] ablation.baseline.dev_scores state=started rss_mb=1260.1
[timing] train.load_pairs state=started rss_mb=1260.1
[timing] train.load_pairs state=completed elapsed_seconds=0.008 rss_mb=1260.1
[timing] ablation.baseline.dev_scores state=completed elapsed_seconds=0.048 rss_mb=1260.1
[timing] baseline_ablation._dev_scores state=completed elapsed_seconds=0.049 rss_mb=1260.1
[timing] ablation.baseline.load state=completed elapsed_seconds=0.080 rss_mb=1260.1
[timing] ablation.baseline.calibration state=started rss_mb=1260.1
[timing] baseline_ablation._calibrated_calibration state=started rss_mb=1260.1
[timing] ablation.baseline.calibrate state=started rss_mb=1260.1
[timing] ablation.baseline.calibrate state=completed elapsed_seconds=0.049 rss_mb=1260.1
[timing] baseline_ablation._calibrated_calibration state=completed elapsed_seconds=0.049 rss_mb=1260.1
[timing] baseline_ablation._frozen_calibration state=started rss_mb=1260.1
[timing] ablation.baseline.seal state=started rss_mb=1260.1
[timing] ablation.baseline.seal state=completed elapsed_seconds=0.000 rss_mb=1260.1
[timing] baseline_ablation._frozen_calibration state=completed elapsed_seconds=0.001 rss_mb=1260.1
[timing] baseline_ablation._frozen_report state=started rss_mb=1260.1
[timing] ablation.baseline.frozen_report state=started rss_mb=1260.1
[timing] ablation.report state=started rss_mb=1260.1
[timing] ablation.report.comparison state=started rss_mb=1260.1
[timing] ablation._comparison_rows state=started rss_mb=1260.1
[timing] ablation._comparison_rows state=completed elapsed_seconds=0.274 rss_mb=1260.1
[timing] ablation.report.comparison state=completed elapsed_seconds=0.367 rss_mb=1260.1
[timing] ablation.report state=completed elapsed_seconds=0.447 rss_mb=1260.1
[timing] ablation.baseline.frozen_report state=completed elapsed_seconds=0.448 rss_mb=1260.1
[timing] baseline_ablation._frozen_report state=completed elapsed_seconds=0.448 rss_mb=1260.1
[timing] baseline_ablation._persist_baseline state=started rss_mb=1260.1
[timing] ablation.baseline.persist state=started rss_mb=1260.1
[timing] ablation.baseline.persist state=completed elapsed_seconds=2.370 rss_mb=1260.1
[timing] baseline_ablation._persist_baseline state=completed elapsed_seconds=2.370 rss_mb=1260.1
[timing] ablation.baseline.calibration state=completed elapsed_seconds=2.876 rss_mb=1260.1
[timing] baseline_ablation.complete state=completed elapsed_seconds=2.963 rss_mb=1260.1
[timing] abl.complete state=completed elapsed_seconds=2.964 rss_mb=1260.1
[timing] abl.forward state=started rss_mb=1260.1
[timing] baseline_ablation.forward state=started rss_mb=1260.1
[timing] ablation.baseline.forward state=started rss_mb=1260.1
[timing] staged_ablation.forward state=started rss_mb=1260.1
[timing] ablation_forward.bind_template state=started rss_mb=1260.1
[timing] ablation_forward.bind_template state=completed elapsed_seconds=0.007 rss_mb=1260.1
[timing] ablation_forward.rebind_checkpoint state=started rss_mb=1260.1
[timing] ablation_forward.rebind_checkpoint state=completed elapsed_seconds=0.001 rss_mb=1260.1
ablation forward bound track=text role=baseline
[timing] ablation_forward.write_bound_request state=started rss_mb=1260.1
[timing] ablation_forward.write_bound_request state=completed elapsed_seconds=0.247 rss_mb=1260.1
[timing] ablation_forward.vectors state=started rss_mb=1260.1
[timing] ablation.encode state=started rss_mb=1260.1
[timing] ablation.encode.text_vectors state=started rss_mb=1260.1
[timing] ablation.encode.text_vectors state=completed elapsed_seconds=24.879 rss_mb=1315.9
[timing] ablation.encode.graph_encoder state=started rss_mb=1315.9
[timing] ablation.encode.graph_encoder state=completed elapsed_seconds=0.000 rss_mb=1315.9
[timing] ablation.encode.candidates state=started rss_mb=1315.9
[timing] ablation.encode.candidates state=completed elapsed_seconds=0.000 rss_mb=1315.9
[timing] ablation.encode.jobs state=started rss_mb=1315.9
[timing] ablation.encode.jobs state=completed elapsed_seconds=0.012 rss_mb=1315.9
[timing] ablation.encode.persist state=started rss_mb=1315.9
[timing] ablation.encode.persist state=completed elapsed_seconds=0.313 rss_mb=1315.9
[timing] ablation.encode state=completed elapsed_seconds=25.230 rss_mb=1315.9
[timing] ablation_forward.vectors state=completed elapsed_seconds=25.230 rss_mb=1315.9
[timing] staged_ablation.forward state=completed elapsed_seconds=25.487 rss_mb=1315.9
[timing] ablation.baseline.forward state=completed elapsed_seconds=25.494 rss_mb=1315.9
[timing] baseline_ablation.forward state=completed elapsed_seconds=25.495 rss_mb=1315.9
[timing] abl.forward state=completed elapsed_seconds=25.495 rss_mb=1315.9
[timing] abl.complete state=started rss_mb=1315.9
[timing] baseline_ablation.complete state=started rss_mb=1315.9
[timing] ablation.baseline.load state=started rss_mb=1315.9
[timing] baseline_ablation._saved_vectors state=started rss_mb=1315.9
[timing] ablation.baseline.saved_vectors state=started rss_mb=1315.9
[timing] ablation.baseline.saved_vectors state=completed elapsed_seconds=0.015 rss_mb=1315.9
[timing] baseline_ablation._saved_vectors state=completed elapsed_seconds=0.016 rss_mb=1315.9
[timing] baseline_ablation._dev_scores state=started rss_mb=1315.9
[timing] ablation.baseline.dev_scores state=started rss_mb=1315.9
[timing] train.load_pairs state=started rss_mb=1315.9
[timing] train.load_pairs state=completed elapsed_seconds=0.007 rss_mb=1315.9
[timing] ablation.baseline.dev_scores state=completed elapsed_seconds=0.007 rss_mb=1315.9
[timing] baseline_ablation._dev_scores state=completed elapsed_seconds=0.008 rss_mb=1315.9
[timing] ablation.baseline.load state=completed elapsed_seconds=0.053 rss_mb=1315.9
[timing] ablation.baseline.calibration state=started rss_mb=1315.9
[timing] baseline_ablation._calibrated_calibration state=started rss_mb=1315.9
[timing] ablation.baseline.calibrate state=started rss_mb=1315.9
[timing] ablation.baseline.calibrate state=completed elapsed_seconds=0.002 rss_mb=1315.9
[timing] baseline_ablation._calibrated_calibration state=completed elapsed_seconds=0.003 rss_mb=1315.9
[timing] baseline_ablation._frozen_calibration state=started rss_mb=1315.9
[timing] ablation.baseline.seal state=started rss_mb=1315.9
[timing] ablation.baseline.seal state=completed elapsed_seconds=0.001 rss_mb=1315.9
[timing] baseline_ablation._frozen_calibration state=completed elapsed_seconds=0.001 rss_mb=1315.9
[timing] baseline_ablation._frozen_report state=started rss_mb=1315.9
[timing] ablation.baseline.frozen_report state=started rss_mb=1315.9
[timing] ablation.report state=started rss_mb=1315.9
[timing] ablation.report.comparison state=started rss_mb=1315.9
[timing] ablation._comparison_rows state=started rss_mb=1315.9
[timing] ablation._comparison_rows state=completed elapsed_seconds=0.284 rss_mb=1315.9
[timing] ablation.report.comparison state=completed elapsed_seconds=0.400 rss_mb=1315.9
[timing] ablation.report state=completed elapsed_seconds=0.485 rss_mb=1315.9
[timing] ablation.baseline.frozen_report state=completed elapsed_seconds=0.486 rss_mb=1315.9
[timing] baseline_ablation._frozen_report state=completed elapsed_seconds=0.486 rss_mb=1315.9
[timing] baseline_ablation._persist_baseline state=started rss_mb=1315.9
[timing] ablation.baseline.persist state=started rss_mb=1315.9
[timing] ablation.baseline.persist state=completed elapsed_seconds=3.097 rss_mb=1315.9
[timing] baseline_ablation._persist_baseline state=completed elapsed_seconds=3.099 rss_mb=1315.9
[timing] ablation.baseline.calibration state=completed elapsed_seconds=3.597 rss_mb=1315.9
[timing] baseline_ablation.complete state=completed elapsed_seconds=3.659 rss_mb=1315.9
[timing] abl.complete state=completed elapsed_seconds=3.660 rss_mb=1315.9
[timing] abl.forward state=started rss_mb=1315.9
[timing] baseline_ablation.forward state=started rss_mb=1315.9
[timing] ablation.baseline.forward state=started rss_mb=1315.9
[timing] staged_ablation.forward state=started rss_mb=1315.9
[timing] ablation_forward.bind_template state=started rss_mb=1315.9
[timing] ablation_forward.bind_template state=completed elapsed_seconds=0.008 rss_mb=1315.9
[timing] ablation_forward.rebind_checkpoint state=started rss_mb=1315.9
[timing] ablation_forward.rebind_checkpoint state=completed elapsed_seconds=0.001 rss_mb=1315.9
ablation forward bound track=text role=baseline
[timing] ablation_forward.write_bound_request state=started rss_mb=1315.9
[timing] ablation_forward.write_bound_request state=completed elapsed_seconds=0.261 rss_mb=1315.9
[timing] ablation_forward.vectors state=started rss_mb=1315.9
[timing] ablation.encode state=started rss_mb=1315.9
[timing] ablation.encode.text_vectors state=started rss_mb=1315.9
[timing] ablation.encode.text_vectors state=completed elapsed_seconds=27.886 rss_mb=1315.9
[timing] ablation.encode.graph_encoder state=started rss_mb=1315.9
[timing] ablation.encode.graph_encoder state=completed elapsed_seconds=0.000 rss_mb=1315.9
[timing] ablation.encode.candidates state=started rss_mb=1315.9
[timing] ablation.encode.candidates state=completed elapsed_seconds=0.001 rss_mb=1315.9
[timing] ablation.encode.jobs state=started rss_mb=1315.9
[timing] ablation.encode.jobs state=completed elapsed_seconds=0.010 rss_mb=1315.9
[timing] ablation.encode.persist state=started rss_mb=1315.9
[timing] ablation.encode.persist state=completed elapsed_seconds=0.319 rss_mb=1315.9
[timing] ablation.encode state=completed elapsed_seconds=28.237 rss_mb=1315.9
[timing] ablation_forward.vectors state=completed elapsed_seconds=28.238 rss_mb=1315.9
[timing] staged_ablation.forward state=completed elapsed_seconds=28.510 rss_mb=1315.9
[timing] ablation.baseline.forward state=completed elapsed_seconds=28.516 rss_mb=1315.9
[timing] baseline_ablation.forward state=completed elapsed_seconds=28.517 rss_mb=1315.9
[timing] abl.forward state=completed elapsed_seconds=28.518 rss_mb=1315.9
[timing] abl.complete state=started rss_mb=1315.9
[timing] baseline_ablation.complete state=started rss_mb=1315.9
[timing] ablation.baseline.load state=started rss_mb=1315.9
[timing] baseline_ablation._saved_vectors state=started rss_mb=1315.9
[timing] ablation.baseline.saved_vectors state=started rss_mb=1315.9
[timing] ablation.baseline.saved_vectors state=completed elapsed_seconds=0.006 rss_mb=1315.9
[timing] baseline_ablation._saved_vectors state=completed elapsed_seconds=0.007 rss_mb=1315.9
[timing] baseline_ablation._dev_scores state=started rss_mb=1315.9
[timing] ablation.baseline.dev_scores state=started rss_mb=1315.9
[timing] train.load_pairs state=started rss_mb=1315.9
[timing] train.load_pairs state=completed elapsed_seconds=0.006 rss_mb=1315.9
[timing] ablation.baseline.dev_scores state=completed elapsed_seconds=0.006 rss_mb=1315.9
[timing] baseline_ablation._dev_scores state=completed elapsed_seconds=0.006 rss_mb=1315.9
[timing] ablation.baseline.load state=completed elapsed_seconds=0.033 rss_mb=1315.9
[timing] ablation.baseline.calibration state=started rss_mb=1315.9
[timing] baseline_ablation._calibrated_calibration state=started rss_mb=1315.9
[timing] ablation.baseline.calibrate state=started rss_mb=1315.9
[timing] ablation.baseline.calibrate state=completed elapsed_seconds=0.003 rss_mb=1315.9
[timing] baseline_ablation._calibrated_calibration state=completed elapsed_seconds=0.003 rss_mb=1315.9
[timing] baseline_ablation._frozen_calibration state=started rss_mb=1315.9
[timing] ablation.baseline.seal state=started rss_mb=1315.9
[timing] ablation.baseline.seal state=completed elapsed_seconds=0.000 rss_mb=1315.9
[timing] baseline_ablation._frozen_calibration state=completed elapsed_seconds=0.001 rss_mb=1315.9
[timing] baseline_ablation._frozen_report state=started rss_mb=1315.9
[timing] ablation.baseline.frozen_report state=started rss_mb=1315.9
[timing] ablation.report state=started rss_mb=1315.9
[timing] ablation.report.comparison state=started rss_mb=1315.9
[timing] ablation._comparison_rows state=started rss_mb=1315.9
[timing] ablation._comparison_rows state=completed elapsed_seconds=0.336 rss_mb=1315.9
[timing] ablation.report.comparison state=completed elapsed_seconds=0.448 rss_mb=1315.9
[timing] ablation.report state=completed elapsed_seconds=0.528 rss_mb=1315.9
[timing] ablation.baseline.frozen_report state=completed elapsed_seconds=0.528 rss_mb=1315.9
[timing] baseline_ablation._frozen_report state=completed elapsed_seconds=0.528 rss_mb=1315.9
[timing] baseline_ablation._persist_baseline state=started rss_mb=1315.9
[timing] ablation.baseline.persist state=started rss_mb=1315.9
[timing] ablation.baseline.persist state=completed elapsed_seconds=2.683 rss_mb=1315.9
[timing] baseline_ablation._persist_baseline state=completed elapsed_seconds=2.683 rss_mb=1315.9
[timing] ablation.baseline.calibration state=completed elapsed_seconds=3.224 rss_mb=1315.9
[timing] baseline_ablation.complete state=completed elapsed_seconds=3.265 rss_mb=1315.9
[timing] abl.complete state=completed elapsed_seconds=3.265 rss_mb=1315.9
