[timing] abl.forward state=started rss_mb=698.3
[timing] baseline_ablation.forward state=started rss_mb=698.3
[timing] ablation.baseline.forward state=started rss_mb=698.3
[timing] staged_ablation.forward state=started rss_mb=701.7
[timing] ablation_forward.bind_template state=started rss_mb=701.7
[timing] ablation_forward.bind_template state=completed elapsed_seconds=0.006 rss_mb=703.1
[timing] ablation_forward.rebind_checkpoint state=started rss_mb=703.1
[timing] ablation_forward.rebind_checkpoint state=completed elapsed_seconds=0.068 rss_mb=789.9
ablation forward bound track=text role=baseline
[timing] ablation_forward.write_bound_request state=started rss_mb=789.9
[timing] ablation_forward.write_bound_request state=completed elapsed_seconds=0.031 rss_mb=789.9
[timing] ablation_forward.vectors state=started rss_mb=789.9
[timing] ablation.encode state=started rss_mb=789.9
[timing] ablation.encode.text_vectors state=started rss_mb=789.9
[timing] ablation.encode.text_vectors state=completed elapsed_seconds=24.514 rss_mb=1238.7
[timing] ablation.encode.graph_encoder state=started rss_mb=1238.7
[timing] ablation.encode.graph_encoder state=completed elapsed_seconds=0.000 rss_mb=1238.7
[timing] ablation.encode.candidates state=started rss_mb=1238.7
[timing] ablation.encode.candidates state=completed elapsed_seconds=0.000 rss_mb=1238.7
[timing] ablation.encode.jobs state=started rss_mb=1238.7
[timing] ablation.encode.jobs state=completed elapsed_seconds=0.006 rss_mb=1238.7
[timing] ablation.encode.persist state=started rss_mb=1238.7
[timing] ablation.encode.persist state=completed elapsed_seconds=0.275 rss_mb=1238.7
[timing] ablation.encode state=completed elapsed_seconds=24.820 rss_mb=1238.7
[timing] ablation_forward.vectors state=completed elapsed_seconds=24.820 rss_mb=1238.7
[timing] staged_ablation.forward state=completed elapsed_seconds=24.927 rss_mb=1238.7
[timing] ablation.baseline.forward state=completed elapsed_seconds=24.935 rss_mb=1238.7
[timing] baseline_ablation.forward state=completed elapsed_seconds=24.935 rss_mb=1238.7
[timing] abl.forward state=completed elapsed_seconds=24.936 rss_mb=1238.7
[timing] abl.complete state=started rss_mb=1238.7
[timing] baseline_ablation.complete state=started rss_mb=1238.7
[timing] ablation.baseline.load state=started rss_mb=1238.7
[timing] baseline_ablation._saved_vectors state=started rss_mb=1238.7
[timing] ablation.baseline.saved_vectors state=started rss_mb=1238.7
[timing] ablation.baseline.saved_vectors state=completed elapsed_seconds=0.006 rss_mb=1238.7
[timing] baseline_ablation._saved_vectors state=completed elapsed_seconds=0.006 rss_mb=1238.7
[timing] baseline_ablation._dev_scores state=started rss_mb=1238.7
[timing] ablation.baseline.dev_scores state=started rss_mb=1238.7
[timing] train.load_pairs state=started rss_mb=1238.7
[timing] train.load_pairs state=completed elapsed_seconds=0.004 rss_mb=1238.7
[timing] ablation.baseline.dev_scores state=completed elapsed_seconds=0.005 rss_mb=1238.7
[timing] baseline_ablation._dev_scores state=completed elapsed_seconds=0.005 rss_mb=1238.7
[timing] ablation.baseline.load state=completed elapsed_seconds=0.025 rss_mb=1238.7
[timing] ablation.baseline.calibration state=started rss_mb=1238.7
[timing] baseline_ablation._calibrated_calibration state=started rss_mb=1238.7
[timing] ablation.baseline.calibrate state=started rss_mb=1238.7
[timing] ablation.baseline.calibrate state=completed elapsed_seconds=0.016 rss_mb=1238.7
[timing] baseline_ablation._calibrated_calibration state=completed elapsed_seconds=0.016 rss_mb=1238.7
[timing] baseline_ablation._frozen_calibration state=started rss_mb=1238.7
[timing] ablation.baseline.seal state=started rss_mb=1238.7
[timing] ablation.baseline.seal state=completed elapsed_seconds=0.000 rss_mb=1238.7
[timing] baseline_ablation._frozen_calibration state=completed elapsed_seconds=0.001 rss_mb=1238.7
[timing] baseline_ablation._frozen_report state=started rss_mb=1238.7
[timing] ablation.baseline.frozen_report state=started rss_mb=1238.7
[timing] ablation.report state=started rss_mb=1238.7
[timing] ablation.report.comparison state=started rss_mb=1238.7
[timing] ablation._comparison_rows state=started rss_mb=1238.7
[timing] ablation._comparison_rows state=completed elapsed_seconds=0.204 rss_mb=1238.7
[timing] ablation.report.comparison state=completed elapsed_seconds=0.259 rss_mb=1238.7
[timing] ablation.report state=completed elapsed_seconds=0.328 rss_mb=1238.7
[timing] ablation.baseline.frozen_report state=completed elapsed_seconds=0.328 rss_mb=1238.7
[timing] baseline_ablation._frozen_report state=completed elapsed_seconds=0.329 rss_mb=1238.7
[timing] baseline_ablation._persist_baseline state=started rss_mb=1238.7
[timing] ablation.baseline.persist state=started rss_mb=1238.7
[timing] ablation.baseline.persist state=completed elapsed_seconds=0.376 rss_mb=1238.7
[timing] baseline_ablation._persist_baseline state=completed elapsed_seconds=0.376 rss_mb=1238.7
[timing] ablation.baseline.calibration state=completed elapsed_seconds=0.731 rss_mb=1238.7
[timing] baseline_ablation.complete state=completed elapsed_seconds=0.763 rss_mb=1238.7
[timing] abl.complete state=completed elapsed_seconds=0.763 rss_mb=1238.7
[timing] abl.forward state=started rss_mb=1238.7
[timing] baseline_ablation.forward state=started rss_mb=1238.7
[timing] ablation.baseline.forward state=started rss_mb=1238.7
[timing] staged_ablation.forward state=started rss_mb=1238.7
[timing] ablation_forward.bind_template state=started rss_mb=1238.7
[timing] ablation_forward.bind_template state=completed elapsed_seconds=0.008 rss_mb=1238.7
[timing] ablation_forward.rebind_checkpoint state=started rss_mb=1238.7
[timing] ablation_forward.rebind_checkpoint state=completed elapsed_seconds=0.001 rss_mb=1238.7
ablation forward bound track=text role=baseline
[timing] ablation_forward.write_bound_request state=started rss_mb=1238.7
[timing] ablation_forward.write_bound_request state=completed elapsed_seconds=0.033 rss_mb=1238.7
[timing] ablation_forward.vectors state=started rss_mb=1238.7
[timing] ablation.encode state=started rss_mb=1238.7
[timing] ablation.encode.text_vectors state=started rss_mb=1238.7
[timing] ablation.encode.text_vectors state=completed elapsed_seconds=21.078 rss_mb=1298.6
[timing] ablation.encode.graph_encoder state=started rss_mb=1298.6
[timing] ablation.encode.graph_encoder state=completed elapsed_seconds=0.000 rss_mb=1298.6
[timing] ablation.encode.candidates state=started rss_mb=1298.6
[timing] ablation.encode.candidates state=completed elapsed_seconds=0.000 rss_mb=1298.6
[timing] ablation.encode.jobs state=started rss_mb=1298.6
[timing] ablation.encode.jobs state=completed elapsed_seconds=0.006 rss_mb=1298.6
[timing] ablation.encode.persist state=started rss_mb=1298.6
[timing] ablation.encode.persist state=completed elapsed_seconds=0.272 rss_mb=1298.6
[timing] ablation.encode state=completed elapsed_seconds=21.375 rss_mb=1298.6
[timing] ablation_forward.vectors state=completed elapsed_seconds=21.375 rss_mb=1298.6
[timing] staged_ablation.forward state=completed elapsed_seconds=21.418 rss_mb=1298.6
[timing] ablation.baseline.forward state=completed elapsed_seconds=21.424 rss_mb=1298.6
[timing] baseline_ablation.forward state=completed elapsed_seconds=21.425 rss_mb=1298.6
[timing] abl.forward state=completed elapsed_seconds=21.425 rss_mb=1298.6
[timing] abl.complete state=started rss_mb=1298.6
[timing] baseline_ablation.complete state=started rss_mb=1298.6
[timing] ablation.baseline.load state=started rss_mb=1298.6
[timing] baseline_ablation._saved_vectors state=started rss_mb=1298.6
[timing] ablation.baseline.saved_vectors state=started rss_mb=1298.6
[timing] ablation.baseline.saved_vectors state=completed elapsed_seconds=0.005 rss_mb=1298.6
[timing] baseline_ablation._saved_vectors state=completed elapsed_seconds=0.006 rss_mb=1298.6
[timing] baseline_ablation._dev_scores state=started rss_mb=1298.6
[timing] ablation.baseline.dev_scores state=started rss_mb=1298.6
[timing] train.load_pairs state=started rss_mb=1298.6
[timing] train.load_pairs state=completed elapsed_seconds=0.003 rss_mb=1298.6
[timing] ablation.baseline.dev_scores state=completed elapsed_seconds=0.003 rss_mb=1298.6
[timing] baseline_ablation._dev_scores state=completed elapsed_seconds=0.004 rss_mb=1298.6
[timing] ablation.baseline.load state=completed elapsed_seconds=0.023 rss_mb=1298.6
[timing] ablation.baseline.calibration state=started rss_mb=1298.6
[timing] baseline_ablation._calibrated_calibration state=started rss_mb=1298.6
[timing] ablation.baseline.calibrate state=started rss_mb=1298.6
[timing] ablation.baseline.calibrate state=completed elapsed_seconds=0.002 rss_mb=1298.6
[timing] baseline_ablation._calibrated_calibration state=completed elapsed_seconds=0.002 rss_mb=1298.6
[timing] baseline_ablation._frozen_calibration state=started rss_mb=1298.6
[timing] ablation.baseline.seal state=started rss_mb=1298.6
[timing] ablation.baseline.seal state=completed elapsed_seconds=0.000 rss_mb=1298.6
[timing] baseline_ablation._frozen_calibration state=completed elapsed_seconds=0.000 rss_mb=1298.6
[timing] baseline_ablation._frozen_report state=started rss_mb=1298.6
[timing] ablation.baseline.frozen_report state=started rss_mb=1298.6
[timing] ablation.report state=started rss_mb=1298.6
[timing] ablation.report.comparison state=started rss_mb=1298.6
[timing] ablation._comparison_rows state=started rss_mb=1298.6
[timing] ablation._comparison_rows state=completed elapsed_seconds=0.213 rss_mb=1298.6
[timing] ablation.report.comparison state=completed elapsed_seconds=0.279 rss_mb=1298.6
[timing] ablation.report state=completed elapsed_seconds=0.346 rss_mb=1298.6
[timing] ablation.baseline.frozen_report state=completed elapsed_seconds=0.347 rss_mb=1298.6
[timing] baseline_ablation._frozen_report state=completed elapsed_seconds=0.347 rss_mb=1298.6
[timing] baseline_ablation._persist_baseline state=started rss_mb=1298.6
[timing] ablation.baseline.persist state=started rss_mb=1298.6
[timing] ablation.baseline.persist state=completed elapsed_seconds=0.372 rss_mb=1298.6
[timing] baseline_ablation._persist_baseline state=completed elapsed_seconds=0.372 rss_mb=1298.6
[timing] ablation.baseline.calibration state=completed elapsed_seconds=0.730 rss_mb=1298.6
[timing] baseline_ablation.complete state=completed elapsed_seconds=0.760 rss_mb=1298.6
[timing] abl.complete state=completed elapsed_seconds=0.760 rss_mb=1298.6
[timing] abl.forward state=started rss_mb=1298.6
[timing] baseline_ablation.forward state=started rss_mb=1298.6
[timing] ablation.baseline.forward state=started rss_mb=1298.6
[timing] staged_ablation.forward state=started rss_mb=1298.6
[timing] ablation_forward.bind_template state=started rss_mb=1298.6
[timing] ablation_forward.bind_template state=completed elapsed_seconds=0.007 rss_mb=1298.6
[timing] ablation_forward.rebind_checkpoint state=started rss_mb=1298.6
[timing] ablation_forward.rebind_checkpoint state=completed elapsed_seconds=0.001 rss_mb=1298.6
ablation forward bound track=text role=baseline
[timing] ablation_forward.write_bound_request state=started rss_mb=1298.6
[timing] ablation_forward.write_bound_request state=completed elapsed_seconds=0.033 rss_mb=1298.6
[timing] ablation_forward.vectors state=started rss_mb=1298.6
[timing] ablation.encode state=started rss_mb=1298.6
[timing] ablation.encode.text_vectors state=started rss_mb=1298.6
[timing] ablation.encode.text_vectors state=completed elapsed_seconds=20.613 rss_mb=1298.6
[timing] ablation.encode.graph_encoder state=started rss_mb=1298.6
[timing] ablation.encode.graph_encoder state=completed elapsed_seconds=0.000 rss_mb=1298.6
[timing] ablation.encode.candidates state=started rss_mb=1298.6
[timing] ablation.encode.candidates state=completed elapsed_seconds=0.000 rss_mb=1298.6
[timing] ablation.encode.jobs state=started rss_mb=1298.6
[timing] ablation.encode.jobs state=completed elapsed_seconds=0.006 rss_mb=1298.6
[timing] ablation.encode.persist state=started rss_mb=1298.6
[timing] ablation.encode.persist state=completed elapsed_seconds=0.277 rss_mb=1298.6
[timing] ablation.encode state=completed elapsed_seconds=20.915 rss_mb=1298.6
[timing] ablation_forward.vectors state=completed elapsed_seconds=20.915 rss_mb=1298.6
[timing] staged_ablation.forward state=completed elapsed_seconds=20.957 rss_mb=1298.6
[timing] ablation.baseline.forward state=completed elapsed_seconds=20.963 rss_mb=1298.6
[timing] baseline_ablation.forward state=completed elapsed_seconds=20.964 rss_mb=1298.6
[timing] abl.forward state=completed elapsed_seconds=20.964 rss_mb=1298.6
[timing] abl.complete state=started rss_mb=1298.6
[timing] baseline_ablation.complete state=started rss_mb=1298.6
[timing] ablation.baseline.load state=started rss_mb=1298.6
[timing] baseline_ablation._saved_vectors state=started rss_mb=1298.6
[timing] ablation.baseline.saved_vectors state=started rss_mb=1298.6
[timing] ablation.baseline.saved_vectors state=completed elapsed_seconds=0.005 rss_mb=1298.6
[timing] baseline_ablation._saved_vectors state=completed elapsed_seconds=0.005 rss_mb=1298.6
[timing] baseline_ablation._dev_scores state=started rss_mb=1298.6
[timing] ablation.baseline.dev_scores state=started rss_mb=1298.6
[timing] train.load_pairs state=started rss_mb=1298.6
[timing] train.load_pairs state=completed elapsed_seconds=0.003 rss_mb=1298.6
[timing] ablation.baseline.dev_scores state=completed elapsed_seconds=0.003 rss_mb=1298.6
[timing] baseline_ablation._dev_scores state=completed elapsed_seconds=0.003 rss_mb=1298.6
[timing] ablation.baseline.load state=completed elapsed_seconds=0.022 rss_mb=1298.6
[timing] ablation.baseline.calibration state=started rss_mb=1298.6
[timing] baseline_ablation._calibrated_calibration state=started rss_mb=1298.6
[timing] ablation.baseline.calibrate state=started rss_mb=1298.6
[timing] ablation.baseline.calibrate state=completed elapsed_seconds=0.002 rss_mb=1298.6
[timing] baseline_ablation._calibrated_calibration state=completed elapsed_seconds=0.002 rss_mb=1298.6
[timing] baseline_ablation._frozen_calibration state=started rss_mb=1298.6
[timing] ablation.baseline.seal state=started rss_mb=1298.6
[timing] ablation.baseline.seal state=completed elapsed_seconds=0.000 rss_mb=1298.6
[timing] baseline_ablation._frozen_calibration state=completed elapsed_seconds=0.000 rss_mb=1298.6
[timing] baseline_ablation._frozen_report state=started rss_mb=1298.6
[timing] ablation.baseline.frozen_report state=started rss_mb=1298.6
[timing] ablation.report state=started rss_mb=1298.6
[timing] ablation.report.comparison state=started rss_mb=1298.6
[timing] ablation._comparison_rows state=started rss_mb=1298.6
[timing] ablation._comparison_rows state=completed elapsed_seconds=0.210 rss_mb=1298.6
[timing] ablation.report.comparison state=completed elapsed_seconds=0.269 rss_mb=1298.6
[timing] ablation.report state=completed elapsed_seconds=0.338 rss_mb=1298.6
[timing] ablation.baseline.frozen_report state=completed elapsed_seconds=0.338 rss_mb=1298.6
[timing] baseline_ablation._frozen_report state=completed elapsed_seconds=0.338 rss_mb=1298.6
[timing] baseline_ablation._persist_baseline state=started rss_mb=1298.6
[timing] ablation.baseline.persist state=started rss_mb=1298.6
[timing] ablation.baseline.persist state=completed elapsed_seconds=0.372 rss_mb=1298.6
[timing] baseline_ablation._persist_baseline state=completed elapsed_seconds=0.372 rss_mb=1298.6
[timing] ablation.baseline.calibration state=completed elapsed_seconds=0.720 rss_mb=1298.6
[timing] baseline_ablation.complete state=completed elapsed_seconds=0.750 rss_mb=1298.6
[timing] abl.complete state=completed elapsed_seconds=0.750 rss_mb=1298.6
